2025-01-01 01:20:18,163 - __main__ - INFO - df_api columns Index(['AQI'], dtype='object')
2025-01-01 01:20:18,164 - __main__ - INFO - today=> 2025-01-01 & yesterday=> 2024-12-31
2025-01-01 01:20:18,166 - __main__ - INFO - temp_daily_aqi columns Index(['Unnamed: 0', 'Date', 'AQI'], dtype='object')
2025-01-01 01:20:18,168 - __main__ - INFO - temp_daily_aqi[2024-12-31]=> Empty DataFrame
Columns: [Unnamed: 0, AQI]
Index: []
2025-01-01 01:20:18,169 - __main__ - INFO - Index => 1762, yesterday => 2024-12-31 & AQI => 182.0
2025-01-01 01:20:18,169 - __main__ - INFO - Daily AQI data has been written to data/cleaned_data/Forecasting_time_series/sector_51_daily_aqi.csv
2025-01-01 01:20:18,169 - __main__ - INFO - Index => 1762, yesterday => 2024-12-31 & AQI => 182.0
2025-01-01 01:20:18,170 - __main__ - INFO - Daily AQI data has been written to static/data/sector_51_daily_aqi.csv
2025-01-01 01:20:18,175 - __main__ - INFO - Re-training the model & train_end is 2024-12-26 00:00:00
2025-01-01 01:20:19,602 - __main__ - INFO - Retrained the model & MAPE is 120.95%
2025-01-01 01:20:19,603 - __main__ - INFO - Retrained the model & MAE is 155.78379742616465
2025-01-01 01:20:21,049 - __main__ - INFO - Forecast=> 2025-01-01    176.005338
2025-01-02    182.785608
2025-01-03    176.139022
2025-01-04    185.738137
2025-01-05    177.379067
Freq: D, Name: predicted_mean, dtype: float64
2025-01-01 01:20:21,049 - __main__ - INFO - The forecast data has been written to data/cleaned_data/Forecasting_time_series/forecast_sector_51_daily_aqi.csv
2025-01-01 01:20:21,050 - __main__ - INFO - The forecast data has been written to static/data/forecast_sector_51_daily_aqi.csv
