2025-02-01 01:16:39,985 - __main__ - INFO - station=> Sector-51, Gurugram, result => ['174', 'Sector-51, Gurugram, India', Timestamp('2025-02-01 06:00:00')]
2025-02-01 01:16:39,986 - __main__ - INFO - The hourly data has been written to data/cron_job_data/sector_51_cron_output.csv with Timestamp: 2025-02-01 06:00:00
2025-02-01 01:16:40,460 - __main__ - INFO - station=> Sector-51, Gurugram, result => ['174', 'Sector-51, Gurugram, India', Timestamp('2025-02-01 06:00:00')]
2025-02-01 01:16:40,460 - __main__ - INFO - The hourly data has been written to static/data/sector_51_cron_output.csv with Timestamp: 2025-02-01 06:00:00
2025-02-01 01:16:40,527 - __main__ - INFO - df_api columns Index(['AQI'], dtype='object')
2025-02-01 01:16:40,528 - __main__ - INFO - today=> 2025-02-01 & yesterday=> 2025-01-31
2025-02-01 01:16:40,530 - __main__ - INFO - temp_daily_aqi columns Index(['Unnamed: 0', 'Date', 'AQI'], dtype='object')
2025-02-01 01:16:40,532 - __main__ - INFO - temp_daily_aqi[2025-01-31]=> Empty DataFrame
Columns: [Unnamed: 0, AQI]
Index: []
2025-02-01 01:16:40,533 - __main__ - INFO - Index => 1793, yesterday => 2025-01-31 & AQI => 174.0
2025-02-01 01:16:40,533 - __main__ - INFO - Daily AQI data has been written to data/cleaned_data/Forecasting_time_series/sector_51_daily_aqi.csv
2025-02-01 01:16:40,534 - __main__ - INFO - Index => 1793, yesterday => 2025-01-31 & AQI => 174.0
2025-02-01 01:16:40,534 - __main__ - INFO - Daily AQI data has been written to static/data/sector_51_daily_aqi.csv
2025-02-01 01:16:40,539 - __main__ - INFO - Re-training the model & train_end is 2025-01-26 00:00:00
2025-02-01 01:16:41,942 - __main__ - INFO - Retrained the model & MAPE is 18.02%
2025-02-01 01:16:41,942 - __main__ - INFO - Retrained the model & MAE is 45.28834204412304
2025-02-01 01:16:43,403 - __main__ - INFO - Forecast=> 2025-02-01    185.267042
2025-02-02    177.400045
2025-02-03    192.256724
2025-02-04    190.057185
2025-02-05    193.082497
Freq: D, Name: predicted_mean, dtype: float64
2025-02-01 01:16:43,404 - __main__ - INFO - The forecast data has been written to data/cleaned_data/Forecasting_time_series/forecast_sector_51_daily_aqi.csv
2025-02-01 01:16:43,404 - __main__ - INFO - The forecast data has been written to static/data/forecast_sector_51_daily_aqi.csv
2025-02-01 04:18:35,988 - __main__ - INFO - station=> Sector-51, Gurugram, result => ['163', 'Sector-51, Gurugram, India', Timestamp('2025-02-01 09:00:00')]
2025-02-01 04:18:35,988 - __main__ - INFO - The hourly data has been written to data/cron_job_data/sector_51_cron_output.csv with Timestamp: 2025-02-01 09:00:00
2025-02-01 04:18:36,594 - __main__ - INFO - station=> Sector-51, Gurugram, result => ['163', 'Sector-51, Gurugram, India', Timestamp('2025-02-01 09:00:00')]
2025-02-01 04:18:36,594 - __main__ - INFO - The hourly data has been written to static/data/sector_51_cron_output.csv with Timestamp: 2025-02-01 09:00:00
2025-02-01 08:18:29,810 - __main__ - INFO - station=> Sector-51, Gurugram, result => ['138', 'Sector-51, Gurugram, India', Timestamp('2025-02-01 11:00:00')]
2025-02-01 08:18:29,810 - __main__ - INFO - The hourly data has been written to data/cron_job_data/sector_51_cron_output.csv with Timestamp: 2025-02-01 11:00:00
2025-02-01 08:18:30,418 - __main__ - INFO - station=> Sector-51, Gurugram, result => ['138', 'Sector-51, Gurugram, India', Timestamp('2025-02-01 11:00:00')]
2025-02-01 08:18:30,418 - __main__ - INFO - The hourly data has been written to static/data/sector_51_cron_output.csv with Timestamp: 2025-02-01 11:00:00
