2024-11-01 01:20:04,061 - __main__ - INFO - station=> Sector-51, Gurugram, result => ['182', 'Sector-51, Gurugram, India', Timestamp('2024-11-01 06:00:00')]
2024-11-01 01:20:04,061 - __main__ - INFO - The hourly data has been written to data/cron_job_data/sector_51_cron_output.csv with Timestamp: 2024-11-01 06:00:00
2024-11-01 01:20:04,546 - __main__ - INFO - station=> Sector-51, Gurugram, result => ['182', 'Sector-51, Gurugram, India', Timestamp('2024-11-01 06:00:00')]
2024-11-01 01:20:04,546 - __main__ - INFO - The hourly data has been written to static/data/sector_51_cron_output.csv with Timestamp: 2024-11-01 06:00:00
2024-11-01 01:20:04,614 - __main__ - INFO - df_api columns Index(['AQI'], dtype='object')
2024-11-01 01:20:04,614 - __main__ - INFO - today=> 2024-11-01 & yesterday=> 2024-10-31
2024-11-01 01:20:04,616 - __main__ - INFO - temp_daily_aqi columns Index(['Unnamed: 0', 'Date', 'AQI'], dtype='object')
2024-11-01 01:20:04,619 - __main__ - INFO - temp_daily_aqi[2024-10-31]=> Empty DataFrame
Columns: [Unnamed: 0, AQI]
Index: []
2024-11-01 01:20:04,619 - __main__ - INFO - Index => 1701, yesterday => 2024-10-31 & AQI => 199.0
2024-11-01 01:20:04,620 - __main__ - INFO - Daily AQI data has been written to data/cleaned_data/Forecasting_time_series/sector_51_daily_aqi.csv
2024-11-01 01:20:04,620 - __main__ - INFO - Index => 1701, yesterday => 2024-10-31 & AQI => 199.0
2024-11-01 01:20:04,620 - __main__ - INFO - Daily AQI data has been written to static/data/sector_51_daily_aqi.csv
2024-11-01 01:20:04,626 - __main__ - INFO - Re-training the model & train_end is 2024-10-26 00:00:00
2024-11-01 01:20:05,847 - __main__ - INFO - Retrained the model & MAPE is 14.16%
2024-11-01 01:20:05,847 - __main__ - INFO - Retrained the model & MAE is 22.687503001606103
2024-11-01 01:20:07,234 - __main__ - INFO - Forecast=> 2024-11-01    190.804200
2024-11-02    204.004775
2024-11-03    189.222138
2024-11-04    199.724651
2024-11-05    190.565461
Freq: D, Name: predicted_mean, dtype: float64
2024-11-01 01:20:07,235 - __main__ - INFO - The forecast data has been written to data/cleaned_data/Forecasting_time_series/forecast_sector_51_daily_aqi.csv
2024-11-01 01:20:07,250 - __main__ - INFO - The forecast data has been written to static/data/forecast_sector_51_daily_aqi.csv
