2025-01-02 01:13:40,902 - __main__ - INFO - station=> Sector-51, Gurugram, result => ['160', 'Sector-51, Gurugram, India', Timestamp('2025-01-02 06:00:00')]
2025-01-02 01:13:40,903 - __main__ - INFO - The hourly data has been written to data/cron_job_data/sector_51_cron_output.csv with Timestamp: 2025-01-02 06:00:00
2025-01-02 01:13:41,604 - __main__ - INFO - station=> Sector-51, Gurugram, result => ['160', 'Sector-51, Gurugram, India', Timestamp('2025-01-02 06:00:00')]
2025-01-02 01:13:41,604 - __main__ - INFO - The hourly data has been written to static/data/sector_51_cron_output.csv with Timestamp: 2025-01-02 06:00:00
2025-01-02 01:13:41,656 - __main__ - INFO - df_api columns Index(['AQI'], dtype='object')
2025-01-02 01:13:41,656 - __main__ - INFO - today=> 2025-01-02 & yesterday=> 2025-01-01
2025-01-02 01:13:41,658 - __main__ - INFO - temp_daily_aqi columns Index(['Unnamed: 0', 'Date', 'AQI'], dtype='object')
2025-01-02 01:13:41,660 - __main__ - INFO - temp_daily_aqi[2025-01-01]=> Empty DataFrame
Columns: [Unnamed: 0, AQI]
Index: []
2025-01-02 01:13:41,661 - __main__ - INFO - Index => 1763, yesterday => 2025-01-01 & AQI => nan
2025-01-02 01:13:41,661 - __main__ - INFO - Daily AQI data has been written to data/cleaned_data/Forecasting_time_series/sector_51_daily_aqi.csv
2025-01-02 01:13:41,662 - __main__ - INFO - Index => 1763, yesterday => 2025-01-01 & AQI => nan
2025-01-02 01:13:41,662 - __main__ - INFO - Daily AQI data has been written to static/data/sector_51_daily_aqi.csv
2025-01-02 01:13:41,667 - __main__ - INFO - Re-training the model & train_end is 2024-12-27 00:00:00
2025-01-02 01:13:43,042 - __main__ - INFO - Retrained the model & MAPE is 40.95%
2025-01-02 01:13:43,042 - __main__ - INFO - Retrained the model & MAE is 50.53024624670255
2025-01-02 01:13:44,354 - __main__ - INFO - Forecast=> 2025-01-02    186.416235
2025-01-03    179.385575
2025-01-04    188.678240
2025-01-05    180.032410
2025-01-06    195.436703
Freq: D, Name: predicted_mean, dtype: float64
2025-01-02 01:13:44,354 - __main__ - INFO - The forecast data has been written to data/cleaned_data/Forecasting_time_series/forecast_sector_51_daily_aqi.csv
2025-01-02 01:13:44,355 - __main__ - INFO - The forecast data has been written to static/data/forecast_sector_51_daily_aqi.csv
2025-01-02 04:19:29,157 - __main__ - INFO - station=> Sector-51, Gurugram, result => ['151', 'Sector-51, Gurugram, India', Timestamp('2025-01-02 09:00:00')]
2025-01-02 04:19:29,157 - __main__ - INFO - The hourly data has been written to data/cron_job_data/sector_51_cron_output.csv with Timestamp: 2025-01-02 09:00:00
2025-01-02 04:19:29,758 - __main__ - INFO - station=> Sector-51, Gurugram, result => ['151', 'Sector-51, Gurugram, India', Timestamp('2025-01-02 09:00:00')]
2025-01-02 04:19:29,759 - __main__ - INFO - The hourly data has been written to static/data/sector_51_cron_output.csv with Timestamp: 2025-01-02 09:00:00
