2024-12-02 01:22:02,975 - __main__ - INFO - station=> Sector-51, Gurugram, result => ['152', 'Sector-51, Gurugram, India', Timestamp('2024-12-02 06:00:00')]
2024-12-02 01:22:02,975 - __main__ - INFO - The hourly data has been written to data/cron_job_data/sector_51_cron_output.csv with Timestamp: 2024-12-02 06:00:00
2024-12-02 01:22:03,746 - __main__ - INFO - station=> Sector-51, Gurugram, result => ['152', 'Sector-51, Gurugram, India', Timestamp('2024-12-02 06:00:00')]
2024-12-02 01:22:03,746 - __main__ - INFO - The hourly data has been written to static/data/sector_51_cron_output.csv with Timestamp: 2024-12-02 06:00:00
2024-12-02 01:22:03,801 - __main__ - INFO - df_api columns Index(['AQI'], dtype='object')
2024-12-02 01:22:03,801 - __main__ - INFO - today=> 2024-12-02 & yesterday=> 2024-12-01
2024-12-02 01:22:03,803 - __main__ - INFO - temp_daily_aqi columns Index(['Unnamed: 0', 'Date', 'AQI'], dtype='object')
2024-12-02 01:22:03,805 - __main__ - INFO - temp_daily_aqi[2024-12-01]=> Empty DataFrame
Columns: [Unnamed: 0, AQI]
Index: []
2024-12-02 01:22:03,806 - __main__ - INFO - Index => 1732, yesterday => 2024-12-01 & AQI => 139.0
2024-12-02 01:22:03,806 - __main__ - INFO - Daily AQI data has been written to data/cleaned_data/Forecasting_time_series/sector_51_daily_aqi.csv
2024-12-02 01:22:03,807 - __main__ - INFO - Index => 1732, yesterday => 2024-12-01 & AQI => 139.0
2024-12-02 01:22:03,807 - __main__ - INFO - Daily AQI data has been written to static/data/sector_51_daily_aqi.csv
2024-12-02 01:22:03,812 - __main__ - INFO - Re-training the model & train_end is 2024-11-26 00:00:00
2024-12-02 01:22:05,108 - __main__ - INFO - Retrained the model & MAPE is 32.05%
2024-12-02 01:22:05,108 - __main__ - INFO - Retrained the model & MAE is 104.89154646566654
2024-12-02 01:22:06,387 - __main__ - INFO - Forecast=> 2024-12-02    196.238216
2024-12-03    179.819073
2024-12-04    183.427255
2024-12-05    190.798687
2024-12-06    183.464359
Freq: D, Name: predicted_mean, dtype: float64
2024-12-02 01:22:06,387 - __main__ - INFO - The forecast data has been written to data/cleaned_data/Forecasting_time_series/forecast_sector_51_daily_aqi.csv
2024-12-02 01:22:06,388 - __main__ - INFO - The forecast data has been written to static/data/forecast_sector_51_daily_aqi.csv
2024-12-02 04:20:59,452 - __main__ - INFO - station=> Sector-51, Gurugram, result => ['156', 'Sector-51, Gurugram, India', Timestamp('2024-12-02 09:00:00')]
2024-12-02 04:20:59,452 - __main__ - INFO - The hourly data has been written to data/cron_job_data/sector_51_cron_output.csv with Timestamp: 2024-12-02 09:00:00
2024-12-02 04:21:00,165 - __main__ - INFO - station=> Sector-51, Gurugram, result => ['156', 'Sector-51, Gurugram, India', Timestamp('2024-12-02 09:00:00')]
2024-12-02 04:21:00,165 - __main__ - INFO - The hourly data has been written to static/data/sector_51_cron_output.csv with Timestamp: 2024-12-02 09:00:00
