2024-11-02 01:13:12,049 - __main__ - INFO - station=> Sector-51, Gurugram, result => ['85', 'Sector-51, Gurugram, India', Timestamp('2024-11-02 06:00:00')]
2024-11-02 01:13:12,050 - __main__ - INFO - The hourly data has been written to data/cron_job_data/sector_51_cron_output.csv with Timestamp: 2024-11-02 06:00:00
2024-11-02 01:13:12,680 - __main__ - INFO - station=> Sector-51, Gurugram, result => ['85', 'Sector-51, Gurugram, India', Timestamp('2024-11-02 06:00:00')]
2024-11-02 01:13:12,680 - __main__ - INFO - The hourly data has been written to static/data/sector_51_cron_output.csv with Timestamp: 2024-11-02 06:00:00
2024-11-02 01:13:12,722 - __main__ - INFO - df_api columns Index(['AQI'], dtype='object')
2024-11-02 01:13:12,723 - __main__ - INFO - today=> 2024-11-02 & yesterday=> 2024-11-01
2024-11-02 01:13:12,724 - __main__ - INFO - temp_daily_aqi columns Index(['Unnamed: 0', 'Date', 'AQI'], dtype='object')
2024-11-02 01:13:12,727 - __main__ - INFO - temp_daily_aqi[2024-11-01]=> Empty DataFrame
Columns: [Unnamed: 0, AQI]
Index: []
2024-11-02 01:13:12,727 - __main__ - INFO - Index => 1702, yesterday => 2024-11-01 & AQI => 276.0
2024-11-02 01:13:12,728 - __main__ - INFO - Daily AQI data has been written to data/cleaned_data/Forecasting_time_series/sector_51_daily_aqi.csv
2024-11-02 01:13:12,728 - __main__ - INFO - Index => 1702, yesterday => 2024-11-01 & AQI => 276.0
2024-11-02 01:13:12,728 - __main__ - INFO - Daily AQI data has been written to static/data/sector_51_daily_aqi.csv
2024-11-02 01:13:12,733 - __main__ - INFO - Re-training the model & train_end is 2024-10-27 00:00:00
2024-11-02 01:13:14,074 - __main__ - INFO - Retrained the model & MAPE is 20.59%
2024-11-02 01:13:14,074 - __main__ - INFO - Retrained the model & MAE is 40.59052144654085
2024-11-02 01:13:15,303 - __main__ - INFO - Forecast=> 2024-11-02    256.579967
2024-11-03    236.713687
2024-11-04    242.421270
2024-11-05    229.454586
2024-11-06    225.428702
Freq: D, Name: predicted_mean, dtype: float64
2024-11-02 01:13:15,304 - __main__ - INFO - The forecast data has been written to data/cleaned_data/Forecasting_time_series/forecast_sector_51_daily_aqi.csv
2024-11-02 01:13:15,304 - __main__ - INFO - The forecast data has been written to static/data/forecast_sector_51_daily_aqi.csv
2024-11-02 04:19:59,443 - __main__ - INFO - station=> Sector-51, Gurugram, result => ['78', 'Sector-51, Gurugram, India', Timestamp('2024-11-02 09:00:00')]
2024-11-02 04:19:59,443 - __main__ - INFO - The hourly data has been written to data/cron_job_data/sector_51_cron_output.csv with Timestamp: 2024-11-02 09:00:00
2024-11-02 04:19:59,914 - __main__ - INFO - station=> Sector-51, Gurugram, result => ['78', 'Sector-51, Gurugram, India', Timestamp('2024-11-02 09:00:00')]
2024-11-02 04:19:59,914 - __main__ - INFO - The hourly data has been written to static/data/sector_51_cron_output.csv with Timestamp: 2024-11-02 09:00:00
