2025-04-03 01:19:49,985 - __main__ - INFO - Calling writeData & retrain_model functions.
2025-04-03 01:19:49,994 - __main__ - INFO - df_api columns Index(['AQI'], dtype='object')
2025-04-03 01:19:49,994 - __main__ - INFO - today=> 2025-04-03 & yesterday=> 2025-04-02
2025-04-03 01:19:49,996 - __main__ - INFO - temp_daily_aqi columns Index(['Unnamed: 0', 'Date', 'AQI'], dtype='object')
2025-04-03 01:19:49,999 - __main__ - INFO - temp_daily_aqi[2025-04-02]=> Empty DataFrame
Columns: [Unnamed: 0, AQI]
Index: []
2025-04-03 01:19:49,999 - __main__ - INFO - writeData function - Exception IndexError has occured for station=> data/cleaned_data/Forecasting_time_series/sector_51_daily_aqi.csv
2025-04-03 01:19:50,004 - __main__ - INFO - Re-training the model & train_end is 2025-03-27 00:00:00
2025-04-03 01:19:51,574 - __main__ - INFO - Retrained the model & MAPE is 43.94%
2025-04-03 01:19:51,574 - __main__ - INFO - Retrained the model & MAE is 63.28170218355929
2025-04-03 01:19:53,055 - __main__ - INFO - Forecast=> 2025-04-02    148.700605
2025-04-03    152.468836
2025-04-04    150.303531
2025-04-05    161.691558
2025-04-06    157.745660
Freq: D, Name: predicted_mean, dtype: float64
2025-04-03 01:19:53,056 - __main__ - INFO - The forecast data has been written to data/cleaned_data/Forecasting_time_series/forecast_sector_51_daily_aqi.csv
2025-04-03 01:19:53,056 - __main__ - INFO - The forecast data has been written to static/data/forecast_sector_51_daily_aqi.csv
2025-04-03 04:21:33,662 - __main__ - INFO - Calling writeData & retrain_model functions.
2025-04-03 04:21:33,672 - __main__ - INFO - df_api columns Index(['AQI'], dtype='object')
2025-04-03 04:21:33,673 - __main__ - INFO - today=> 2025-04-03 & yesterday=> 2025-04-02
2025-04-03 04:21:33,674 - __main__ - INFO - temp_daily_aqi columns Index(['Unnamed: 0', 'Date', 'AQI'], dtype='object')
2025-04-03 04:21:33,677 - __main__ - INFO - temp_daily_aqi[2025-04-02]=> Empty DataFrame
Columns: [Unnamed: 0, AQI]
Index: []
2025-04-03 04:21:33,678 - __main__ - INFO - writeData function - Exception IndexError has occured for station=> data/cleaned_data/Forecasting_time_series/sector_51_daily_aqi.csv
2025-04-03 04:21:33,683 - __main__ - INFO - Re-training the model & train_end is 2025-03-27 00:00:00
2025-04-03 04:21:35,311 - __main__ - INFO - Retrained the model & MAPE is 43.94%
2025-04-03 04:21:35,312 - __main__ - INFO - Retrained the model & MAE is 63.28170218355929
2025-04-03 04:21:37,010 - __main__ - INFO - Forecast=> 2025-04-02    148.700605
2025-04-03    152.468836
2025-04-04    150.303531
2025-04-05    161.691558
2025-04-06    157.745660
Freq: D, Name: predicted_mean, dtype: float64
2025-04-03 04:21:37,011 - __main__ - INFO - The forecast data has been written to data/cleaned_data/Forecasting_time_series/forecast_sector_51_daily_aqi.csv
2025-04-03 04:21:37,011 - __main__ - INFO - The forecast data has been written to static/data/forecast_sector_51_daily_aqi.csv
2025-04-03 08:23:19,138 - __main__ - INFO - Calling writeData & retrain_model functions.
2025-04-03 08:23:19,149 - __main__ - INFO - df_api columns Index(['AQI'], dtype='object')
2025-04-03 08:23:19,150 - __main__ - INFO - today=> 2025-04-03 & yesterday=> 2025-04-02
2025-04-03 08:23:19,152 - __main__ - INFO - temp_daily_aqi columns Index(['Unnamed: 0', 'Date', 'AQI'], dtype='object')
2025-04-03 08:23:19,154 - __main__ - INFO - temp_daily_aqi[2025-04-02]=> Empty DataFrame
Columns: [Unnamed: 0, AQI]
Index: []
2025-04-03 08:23:19,155 - __main__ - INFO - writeData function - Exception IndexError has occured for station=> data/cleaned_data/Forecasting_time_series/sector_51_daily_aqi.csv
2025-04-03 08:23:19,160 - __main__ - INFO - Re-training the model & train_end is 2025-03-27 00:00:00
2025-04-03 08:23:20,750 - __main__ - INFO - Retrained the model & MAPE is 43.94%
2025-04-03 08:23:20,750 - __main__ - INFO - Retrained the model & MAE is 63.28170218355929
2025-04-03 08:23:22,159 - __main__ - INFO - Forecast=> 2025-04-02    148.700605
2025-04-03    152.468836
2025-04-04    150.303531
2025-04-05    161.691558
2025-04-06    157.745660
Freq: D, Name: predicted_mean, dtype: float64
2025-04-03 08:23:22,160 - __main__ - INFO - The forecast data has been written to data/cleaned_data/Forecasting_time_series/forecast_sector_51_daily_aqi.csv
2025-04-03 08:23:22,160 - __main__ - INFO - The forecast data has been written to static/data/forecast_sector_51_daily_aqi.csv
