2024-12-03 01:21:01,026 - __main__ - INFO - station=> Sector-51, Gurugram, result => ['158', 'Sector-51, Gurugram, India', Timestamp('2024-12-03 06:00:00')]
2024-12-03 01:21:01,026 - __main__ - INFO - The hourly data has been written to data/cron_job_data/sector_51_cron_output.csv with Timestamp: 2024-12-03 06:00:00
2024-12-03 01:21:01,541 - __main__ - INFO - station=> Sector-51, Gurugram, result => ['158', 'Sector-51, Gurugram, India', Timestamp('2024-12-03 06:00:00')]
2024-12-03 01:21:01,541 - __main__ - INFO - The hourly data has been written to static/data/sector_51_cron_output.csv with Timestamp: 2024-12-03 06:00:00
2024-12-03 01:21:01,961 - __main__ - INFO - df_api columns Index(['AQI'], dtype='object')
2024-12-03 01:21:01,962 - __main__ - INFO - today=> 2024-12-03 & yesterday=> 2024-12-02
2024-12-03 01:21:01,964 - __main__ - INFO - temp_daily_aqi columns Index(['Unnamed: 0', 'Date', 'AQI'], dtype='object')
2024-12-03 01:21:01,966 - __main__ - INFO - temp_daily_aqi[2024-12-02]=> Empty DataFrame
Columns: [Unnamed: 0, AQI]
Index: []
2024-12-03 01:21:01,966 - __main__ - INFO - Index => 1733, yesterday => 2024-12-02 & AQI => 162.0
2024-12-03 01:21:01,967 - __main__ - INFO - Daily AQI data has been written to data/cleaned_data/Forecasting_time_series/sector_51_daily_aqi.csv
2024-12-03 01:21:01,967 - __main__ - INFO - Index => 1733, yesterday => 2024-12-02 & AQI => 162.0
2024-12-03 01:21:01,967 - __main__ - INFO - Daily AQI data has been written to static/data/sector_51_daily_aqi.csv
2024-12-03 01:21:01,973 - __main__ - INFO - Re-training the model & train_end is 2024-11-27 00:00:00
2024-12-03 01:21:03,416 - __main__ - INFO - Retrained the model & MAPE is 33.04%
2024-12-03 01:21:03,416 - __main__ - INFO - Retrained the model & MAE is 97.82443367032367
2024-12-03 01:21:04,866 - __main__ - INFO - Forecast=> 2024-12-03    158.790457
2024-12-04    164.596621
2024-12-05    173.895471
2024-12-06    168.568395
2024-12-07    179.363576
Freq: D, Name: predicted_mean, dtype: float64
2024-12-03 01:21:04,866 - __main__ - INFO - The forecast data has been written to data/cleaned_data/Forecasting_time_series/forecast_sector_51_daily_aqi.csv
2024-12-03 01:21:04,867 - __main__ - INFO - The forecast data has been written to static/data/forecast_sector_51_daily_aqi.csv
2024-12-03 04:21:28,627 - __main__ - INFO - station=> Sector-51, Gurugram, result => ['179', 'Sector-51, Gurugram, India', Timestamp('2024-12-03 09:00:00')]
2024-12-03 04:21:28,627 - __main__ - INFO - The hourly data has been written to data/cron_job_data/sector_51_cron_output.csv with Timestamp: 2024-12-03 09:00:00
2024-12-03 04:21:29,102 - __main__ - INFO - station=> Sector-51, Gurugram, result => ['179', 'Sector-51, Gurugram, India', Timestamp('2024-12-03 09:00:00')]
2024-12-03 04:21:29,102 - __main__ - INFO - The hourly data has been written to static/data/sector_51_cron_output.csv with Timestamp: 2024-12-03 09:00:00
2024-12-03 08:22:41,683 - __main__ - INFO - station=> Sector-51, Gurugram, result => ['182', 'Sector-51, Gurugram, India', Timestamp('2024-12-03 13:00:00')]
2024-12-03 08:22:41,683 - __main__ - INFO - The hourly data has been written to data/cron_job_data/sector_51_cron_output.csv with Timestamp: 2024-12-03 13:00:00
2024-12-03 08:22:42,373 - __main__ - INFO - station=> Sector-51, Gurugram, result => ['182', 'Sector-51, Gurugram, India', Timestamp('2024-12-03 13:00:00')]
2024-12-03 08:22:42,373 - __main__ - INFO - The hourly data has been written to static/data/sector_51_cron_output.csv with Timestamp: 2024-12-03 13:00:00
2024-12-03 12:34:43,008 - __main__ - INFO - station=> Sector-51, Gurugram, result => ['170', 'Sector-51, Gurugram, India', Timestamp('2024-12-03 18:00:00')]
2024-12-03 12:34:43,008 - __main__ - INFO - The hourly data has been written to data/cron_job_data/sector_51_cron_output.csv with Timestamp: 2024-12-03 18:00:00
2024-12-03 12:34:43,689 - __main__ - INFO - station=> Sector-51, Gurugram, result => ['170', 'Sector-51, Gurugram, India', Timestamp('2024-12-03 18:00:00')]
2024-12-03 12:34:43,689 - __main__ - INFO - The hourly data has been written to static/data/sector_51_cron_output.csv with Timestamp: 2024-12-03 18:00:00
2024-12-03 16:21:42,000 - __main__ - INFO - station=> Sector-51, Gurugram, result => ['168', 'Sector-51, Gurugram, India', Timestamp('2024-12-03 20:00:00')]
2024-12-03 16:21:42,001 - __main__ - INFO - The hourly data has been written to data/cron_job_data/sector_51_cron_output.csv with Timestamp: 2024-12-03 20:00:00
2024-12-03 16:21:42,696 - __main__ - INFO - station=> Sector-51, Gurugram, result => ['168', 'Sector-51, Gurugram, India', Timestamp('2024-12-03 20:00:00')]
2024-12-03 16:21:42,696 - __main__ - INFO - The hourly data has been written to static/data/sector_51_cron_output.csv with Timestamp: 2024-12-03 20:00:00
2024-12-03 20:19:26,408 - __main__ - INFO - station=> Sector-51, Gurugram, result => ['165', 'Sector-51, Gurugram, India', Timestamp('2024-12-04 01:00:00')]
2024-12-03 20:19:26,408 - __main__ - INFO - The hourly data has been written to data/cron_job_data/sector_51_cron_output.csv with Timestamp: 2024-12-04 01:00:00
2024-12-03 20:19:27,026 - __main__ - INFO - station=> Sector-51, Gurugram, result => ['165', 'Sector-51, Gurugram, India', Timestamp('2024-12-04 01:00:00')]
2024-12-03 20:19:27,026 - __main__ - INFO - The hourly data has been written to static/data/sector_51_cron_output.csv with Timestamp: 2024-12-04 01:00:00
