2024-11-03 01:19:17,237 - __main__ - INFO - station=> Sector-51, Gurugram, result => ['155', 'Sector-51, Gurugram, India', Timestamp('2024-11-03 06:00:00')]
2024-11-03 01:19:17,237 - __main__ - INFO - The hourly data has been written to data/cron_job_data/sector_51_cron_output.csv with Timestamp: 2024-11-03 06:00:00
2024-11-03 01:19:17,704 - __main__ - INFO - station=> Sector-51, Gurugram, result => ['155', 'Sector-51, Gurugram, India', Timestamp('2024-11-03 06:00:00')]
2024-11-03 01:19:17,704 - __main__ - INFO - The hourly data has been written to static/data/sector_51_cron_output.csv with Timestamp: 2024-11-03 06:00:00
2024-11-03 01:19:17,781 - __main__ - INFO - df_api columns Index(['AQI'], dtype='object')
2024-11-03 01:19:17,781 - __main__ - INFO - today=> 2024-11-03 & yesterday=> 2024-11-02
2024-11-03 01:19:17,783 - __main__ - INFO - temp_daily_aqi columns Index(['Unnamed: 0', 'Date', 'AQI'], dtype='object')
2024-11-03 01:19:17,785 - __main__ - INFO - temp_daily_aqi[2024-11-02]=> Empty DataFrame
Columns: [Unnamed: 0, AQI]
Index: []
2024-11-03 01:19:17,786 - __main__ - INFO - Index => 1703, yesterday => 2024-11-02 & AQI => 171.0
2024-11-03 01:19:17,786 - __main__ - INFO - Daily AQI data has been written to data/cleaned_data/Forecasting_time_series/sector_51_daily_aqi.csv
2024-11-03 01:19:17,787 - __main__ - INFO - Index => 1703, yesterday => 2024-11-02 & AQI => 171.0
2024-11-03 01:19:17,787 - __main__ - INFO - Daily AQI data has been written to static/data/sector_51_daily_aqi.csv
2024-11-03 01:19:17,792 - __main__ - INFO - Re-training the model & train_end is 2024-10-28 00:00:00
2024-11-03 01:19:19,275 - __main__ - INFO - Retrained the model & MAPE is 21.9%
2024-11-03 01:19:19,275 - __main__ - INFO - Retrained the model & MAE is 48.66990311535785
2024-11-03 01:19:20,721 - __main__ - INFO - Forecast=> 2024-11-03    183.983964
2024-11-04    194.805053
2024-11-05    186.734153
2024-11-06    186.932966
2024-11-07    189.636195
Freq: D, Name: predicted_mean, dtype: float64
2024-11-03 01:19:20,722 - __main__ - INFO - The forecast data has been written to data/cleaned_data/Forecasting_time_series/forecast_sector_51_daily_aqi.csv
2024-11-03 01:19:20,722 - __main__ - INFO - The forecast data has been written to static/data/forecast_sector_51_daily_aqi.csv
2024-11-03 04:19:09,271 - __main__ - INFO - station=> Sector-51, Gurugram, result => ['165', 'Sector-51, Gurugram, India', Timestamp('2024-11-03 09:00:00')]
2024-11-03 04:19:09,271 - __main__ - INFO - The hourly data has been written to data/cron_job_data/sector_51_cron_output.csv with Timestamp: 2024-11-03 09:00:00
2024-11-03 04:19:09,959 - __main__ - INFO - station=> Sector-51, Gurugram, result => ['165', 'Sector-51, Gurugram, India', Timestamp('2024-11-03 09:00:00')]
2024-11-03 04:19:09,959 - __main__ - INFO - The hourly data has been written to static/data/sector_51_cron_output.csv with Timestamp: 2024-11-03 09:00:00
2024-11-03 08:18:58,387 - __main__ - INFO - station=> Sector-51, Gurugram, result => ['115', 'Sector-51, Gurugram, India', Timestamp('2024-11-03 13:00:00')]
2024-11-03 08:18:58,388 - __main__ - INFO - The hourly data has been written to data/cron_job_data/sector_51_cron_output.csv with Timestamp: 2024-11-03 13:00:00
2024-11-03 08:18:59,068 - __main__ - INFO - station=> Sector-51, Gurugram, result => ['115', 'Sector-51, Gurugram, India', Timestamp('2024-11-03 13:00:00')]
2024-11-03 08:18:59,068 - __main__ - INFO - The hourly data has been written to static/data/sector_51_cron_output.csv with Timestamp: 2024-11-03 13:00:00
