2025-04-04 01:19:42,569 - __main__ - INFO - Calling writeData & retrain_model functions.
2025-04-04 01:19:42,579 - __main__ - INFO - df_api columns Index(['AQI'], dtype='object')
2025-04-04 01:19:42,579 - __main__ - INFO - today=> 2025-04-04 & yesterday=> 2025-04-03
2025-04-04 01:19:42,581 - __main__ - INFO - temp_daily_aqi columns Index(['Unnamed: 0', 'Date', 'AQI'], dtype='object')
2025-04-04 01:19:42,584 - __main__ - INFO - temp_daily_aqi[2025-04-03]=> Empty DataFrame
Columns: [Unnamed: 0, AQI]
Index: []
2025-04-04 01:19:42,584 - __main__ - INFO - Index => 1855, yesterday => 2025-04-03 & AQI => 15.0
2025-04-04 01:19:42,584 - __main__ - INFO - Daily AQI data has been written to data/cleaned_data/Forecasting_time_series/sector_51_daily_aqi.csv
2025-04-04 01:19:42,585 - __main__ - INFO - Index => 1855, yesterday => 2025-04-03 & AQI => 15.0
2025-04-04 01:19:42,585 - __main__ - INFO - Daily AQI data has been written to static/data/sector_51_daily_aqi.csv
2025-04-04 01:19:42,590 - __main__ - INFO - Re-training the model & train_end is 2025-03-29 00:00:00
2025-04-04 01:19:44,303 - __main__ - INFO - Retrained the model & MAPE is 230.61%
2025-04-04 01:19:44,304 - __main__ - INFO - Retrained the model & MAE is 59.03909922373384
2025-04-04 01:19:45,876 - __main__ - INFO - Forecast=> 2025-04-04     63.276711
2025-04-05     83.818745
2025-04-06     88.177707
2025-04-07    113.685809
2025-04-08    116.484767
Freq: D, Name: predicted_mean, dtype: float64
2025-04-04 01:19:45,876 - __main__ - INFO - The forecast data has been written to data/cleaned_data/Forecasting_time_series/forecast_sector_51_daily_aqi.csv
2025-04-04 01:19:45,877 - __main__ - INFO - The forecast data has been written to static/data/forecast_sector_51_daily_aqi.csv
