2025-02-04 01:12:55,821 - __main__ - INFO - station=> Sector-51, Gurugram, result => ['180', 'Sector-51, Gurugram, India', Timestamp('2025-02-04 06:00:00')]
2025-02-04 01:12:55,822 - __main__ - INFO - The hourly data has been written to data/cron_job_data/sector_51_cron_output.csv with Timestamp: 2025-02-04 06:00:00
2025-02-04 01:12:56,284 - __main__ - INFO - station=> Sector-51, Gurugram, result => ['180', 'Sector-51, Gurugram, India', Timestamp('2025-02-04 06:00:00')]
2025-02-04 01:12:56,284 - __main__ - INFO - The hourly data has been written to static/data/sector_51_cron_output.csv with Timestamp: 2025-02-04 06:00:00
2025-02-04 01:12:56,374 - __main__ - INFO - df_api columns Index(['AQI'], dtype='object')
2025-02-04 01:12:56,375 - __main__ - INFO - today=> 2025-02-04 & yesterday=> 2025-02-03
2025-02-04 01:12:56,376 - __main__ - INFO - temp_daily_aqi columns Index(['Unnamed: 0', 'Date', 'AQI'], dtype='object')
2025-02-04 01:12:56,379 - __main__ - INFO - temp_daily_aqi[2025-02-03]=> Empty DataFrame
Columns: [Unnamed: 0, AQI]
Index: []
2025-02-04 01:12:56,380 - __main__ - INFO - Index => 1796, yesterday => 2025-02-03 & AQI => 257.0
2025-02-04 01:12:56,380 - __main__ - INFO - Daily AQI data has been written to data/cleaned_data/Forecasting_time_series/sector_51_daily_aqi.csv
2025-02-04 01:12:56,380 - __main__ - INFO - Index => 1796, yesterday => 2025-02-03 & AQI => 257.0
2025-02-04 01:12:56,381 - __main__ - INFO - Daily AQI data has been written to static/data/sector_51_daily_aqi.csv
2025-02-04 01:12:56,386 - __main__ - INFO - Re-training the model & train_end is 2025-01-29 00:00:00
2025-02-04 01:12:57,933 - __main__ - INFO - Retrained the model & MAPE is 29.58%
2025-02-04 01:12:57,934 - __main__ - INFO - Retrained the model & MAE is 52.109372202743316
2025-02-04 01:12:59,545 - __main__ - INFO - Forecast=> 2025-02-04    224.309619
2025-02-05    223.872019
2025-02-06    221.623082
2025-02-07    213.388880
2025-02-08    215.439856
Freq: D, Name: predicted_mean, dtype: float64
2025-02-04 01:12:59,546 - __main__ - INFO - The forecast data has been written to data/cleaned_data/Forecasting_time_series/forecast_sector_51_daily_aqi.csv
2025-02-04 01:12:59,570 - __main__ - INFO - The forecast data has been written to static/data/forecast_sector_51_daily_aqi.csv
2025-02-04 04:18:58,397 - __main__ - INFO - station=> Sector-51, Gurugram, result => ['168', 'Sector-51, Gurugram, India', Timestamp('2025-02-04 09:00:00')]
2025-02-04 04:18:58,398 - __main__ - INFO - The hourly data has been written to data/cron_job_data/sector_51_cron_output.csv with Timestamp: 2025-02-04 09:00:00
2025-02-04 04:18:59,079 - __main__ - INFO - station=> Sector-51, Gurugram, result => ['168', 'Sector-51, Gurugram, India', Timestamp('2025-02-04 09:00:00')]
2025-02-04 04:18:59,079 - __main__ - INFO - The hourly data has been written to static/data/sector_51_cron_output.csv with Timestamp: 2025-02-04 09:00:00
2025-02-04 08:20:34,486 - __main__ - INFO - station=> Sector-51, Gurugram, result => ['164', 'Sector-51, Gurugram, India', Timestamp('2025-02-04 12:00:00')]
2025-02-04 08:20:34,486 - __main__ - INFO - The hourly data has been written to data/cron_job_data/sector_51_cron_output.csv with Timestamp: 2025-02-04 12:00:00
2025-02-04 08:20:35,150 - __main__ - INFO - station=> Sector-51, Gurugram, result => ['164', 'Sector-51, Gurugram, India', Timestamp('2025-02-04 12:00:00')]
2025-02-04 08:20:35,150 - __main__ - INFO - The hourly data has been written to static/data/sector_51_cron_output.csv with Timestamp: 2025-02-04 12:00:00
2025-02-04 12:32:06,683 - __main__ - INFO - station=> Sector-51, Gurugram, result => ['187', 'Sector-51, Gurugram, India', Timestamp('2025-02-04 17:00:00')]
2025-02-04 12:32:06,683 - __main__ - INFO - The hourly data has been written to data/cron_job_data/sector_51_cron_output.csv with Timestamp: 2025-02-04 17:00:00
2025-02-04 12:32:07,340 - __main__ - INFO - station=> Sector-51, Gurugram, result => ['187', 'Sector-51, Gurugram, India', Timestamp('2025-02-04 17:00:00')]
2025-02-04 12:32:07,340 - __main__ - INFO - The hourly data has been written to static/data/sector_51_cron_output.csv with Timestamp: 2025-02-04 17:00:00
2025-02-04 16:20:06,859 - __main__ - INFO - station=> Sector-51, Gurugram, result => ['188', 'Sector-51, Gurugram, India', Timestamp('2025-02-04 21:00:00')]
2025-02-04 16:20:06,859 - __main__ - INFO - The hourly data has been written to data/cron_job_data/sector_51_cron_output.csv with Timestamp: 2025-02-04 21:00:00
2025-02-04 16:20:07,339 - __main__ - INFO - station=> Sector-51, Gurugram, result => ['188', 'Sector-51, Gurugram, India', Timestamp('2025-02-04 21:00:00')]
2025-02-04 16:20:07,339 - __main__ - INFO - The hourly data has been written to static/data/sector_51_cron_output.csv with Timestamp: 2025-02-04 21:00:00
