2024-12-04 01:21:09,045 - __main__ - INFO - station=> Sector-51, Gurugram, result => ['151', 'Sector-51, Gurugram, India', Timestamp('2024-12-04 06:00:00')]
2024-12-04 01:21:09,045 - __main__ - INFO - The hourly data has been written to data/cron_job_data/sector_51_cron_output.csv with Timestamp: 2024-12-04 06:00:00
2024-12-04 01:21:09,519 - __main__ - INFO - station=> Sector-51, Gurugram, result => ['151', 'Sector-51, Gurugram, India', Timestamp('2024-12-04 06:00:00')]
2024-12-04 01:21:09,519 - __main__ - INFO - The hourly data has been written to static/data/sector_51_cron_output.csv with Timestamp: 2024-12-04 06:00:00
2024-12-04 01:21:09,596 - __main__ - INFO - df_api columns Index(['AQI'], dtype='object')
2024-12-04 01:21:09,597 - __main__ - INFO - today=> 2024-12-04 & yesterday=> 2024-12-03
2024-12-04 01:21:09,599 - __main__ - INFO - temp_daily_aqi columns Index(['Unnamed: 0', 'Date', 'AQI'], dtype='object')
2024-12-04 01:21:09,602 - __main__ - INFO - temp_daily_aqi[2024-12-03]=> Empty DataFrame
Columns: [Unnamed: 0, AQI]
Index: []
2024-12-04 01:21:09,603 - __main__ - INFO - Index => 1734, yesterday => 2024-12-03 & AQI => 171.0
2024-12-04 01:21:09,603 - __main__ - INFO - Daily AQI data has been written to data/cleaned_data/Forecasting_time_series/sector_51_daily_aqi.csv
2024-12-04 01:21:09,603 - __main__ - INFO - Index => 1734, yesterday => 2024-12-03 & AQI => 171.0
2024-12-04 01:21:09,604 - __main__ - INFO - Daily AQI data has been written to static/data/sector_51_daily_aqi.csv
2024-12-04 01:21:09,609 - __main__ - INFO - Re-training the model & train_end is 2024-11-28 00:00:00
2024-12-04 01:21:10,943 - __main__ - INFO - Retrained the model & MAPE is 91.11%
2024-12-04 01:21:10,943 - __main__ - INFO - Retrained the model & MAE is 158.84906300203755
2024-12-04 01:21:12,221 - __main__ - INFO - Forecast=> 2024-12-04    172.200178
2024-12-05    180.681733
2024-12-06    174.736253
2024-12-07    184.895435
2024-12-08    173.150762
Freq: D, Name: predicted_mean, dtype: float64
2024-12-04 01:21:12,222 - __main__ - INFO - The forecast data has been written to data/cleaned_data/Forecasting_time_series/forecast_sector_51_daily_aqi.csv
2024-12-04 01:21:12,222 - __main__ - INFO - The forecast data has been written to static/data/forecast_sector_51_daily_aqi.csv
2024-12-04 04:20:53,826 - __main__ - INFO - station=> Sector-51, Gurugram, result => ['159', 'Sector-51, Gurugram, India', Timestamp('2024-12-04 09:00:00')]
2024-12-04 04:20:53,826 - __main__ - INFO - The hourly data has been written to data/cron_job_data/sector_51_cron_output.csv with Timestamp: 2024-12-04 09:00:00
2024-12-04 04:20:54,527 - __main__ - INFO - station=> Sector-51, Gurugram, result => ['159', 'Sector-51, Gurugram, India', Timestamp('2024-12-04 09:00:00')]
2024-12-04 04:20:54,527 - __main__ - INFO - The hourly data has been written to static/data/sector_51_cron_output.csv with Timestamp: 2024-12-04 09:00:00
2024-12-04 08:23:41,258 - __main__ - INFO - station=> Sector-51, Gurugram, result => ['174', 'Sector-51, Gurugram, India', Timestamp('2024-12-04 13:00:00')]
2024-12-04 08:23:41,258 - __main__ - INFO - The hourly data has been written to data/cron_job_data/sector_51_cron_output.csv with Timestamp: 2024-12-04 13:00:00
2024-12-04 08:23:41,944 - __main__ - INFO - station=> Sector-51, Gurugram, result => ['174', 'Sector-51, Gurugram, India', Timestamp('2024-12-04 13:00:00')]
2024-12-04 08:23:41,944 - __main__ - INFO - The hourly data has been written to static/data/sector_51_cron_output.csv with Timestamp: 2024-12-04 13:00:00
