2024-11-04 01:16:18,852 - __main__ - INFO - station=> Sector-51, Gurugram, result => ['172', 'Sector-51, Gurugram, India', Timestamp('2024-11-04 06:00:00')]
2024-11-04 01:16:18,852 - __main__ - INFO - The hourly data has been written to data/cron_job_data/sector_51_cron_output.csv with Timestamp: 2024-11-04 06:00:00
2024-11-04 01:16:19,521 - __main__ - INFO - station=> Sector-51, Gurugram, result => ['172', 'Sector-51, Gurugram, India', Timestamp('2024-11-04 06:00:00')]
2024-11-04 01:16:19,521 - __main__ - INFO - The hourly data has been written to static/data/sector_51_cron_output.csv with Timestamp: 2024-11-04 06:00:00
2024-11-04 01:16:19,642 - __main__ - INFO - df_api columns Index(['AQI'], dtype='object')
2024-11-04 01:16:19,643 - __main__ - INFO - today=> 2024-11-04 & yesterday=> 2024-11-03
2024-11-04 01:16:19,644 - __main__ - INFO - temp_daily_aqi columns Index(['Unnamed: 0', 'Date', 'AQI'], dtype='object')
2024-11-04 01:16:19,647 - __main__ - INFO - temp_daily_aqi[2024-11-03]=> Empty DataFrame
Columns: [Unnamed: 0, AQI]
Index: []
2024-11-04 01:16:19,647 - __main__ - INFO - Index => 1704, yesterday => 2024-11-03 & AQI => 162.0
2024-11-04 01:16:19,648 - __main__ - INFO - Daily AQI data has been written to data/cleaned_data/Forecasting_time_series/sector_51_daily_aqi.csv
2024-11-04 01:16:19,648 - __main__ - INFO - Index => 1704, yesterday => 2024-11-03 & AQI => 162.0
2024-11-04 01:16:19,648 - __main__ - INFO - Daily AQI data has been written to static/data/sector_51_daily_aqi.csv
2024-11-04 01:16:19,653 - __main__ - INFO - Re-training the model & train_end is 2024-10-29 00:00:00
2024-11-04 01:16:21,001 - __main__ - INFO - Retrained the model & MAPE is 16.61%
2024-11-04 01:16:21,002 - __main__ - INFO - Retrained the model & MAE is 38.58617760750797
2024-11-04 01:16:22,320 - __main__ - INFO - Forecast=> 2024-11-04    181.247243
2024-11-05    174.485441
2024-11-06    175.884196
2024-11-07    179.667583
2024-11-08    180.862195
Freq: D, Name: predicted_mean, dtype: float64
2024-11-04 01:16:22,320 - __main__ - INFO - The forecast data has been written to data/cleaned_data/Forecasting_time_series/forecast_sector_51_daily_aqi.csv
2024-11-04 01:16:22,320 - __main__ - INFO - The forecast data has been written to static/data/forecast_sector_51_daily_aqi.csv
