2025-04-05 01:18:47,792 - __main__ - INFO - Calling writeData & retrain_model functions.
2025-04-05 01:18:47,802 - __main__ - INFO - df_api columns Index(['AQI'], dtype='object')
2025-04-05 01:18:47,802 - __main__ - INFO - today=> 2025-04-05 & yesterday=> 2025-04-04
2025-04-05 01:18:47,804 - __main__ - INFO - temp_daily_aqi columns Index(['Unnamed: 0', 'Date', 'AQI'], dtype='object')
2025-04-05 01:18:47,807 - __main__ - INFO - temp_daily_aqi[2025-04-04]=> Empty DataFrame
Columns: [Unnamed: 0, AQI]
Index: []
2025-04-05 01:18:47,807 - __main__ - INFO - writeData function - Exception IndexError has occured for station=> data/cleaned_data/Forecasting_time_series/sector_51_daily_aqi.csv
2025-04-05 01:18:47,813 - __main__ - INFO - Re-training the model & train_end is 2025-03-29 00:00:00
2025-04-05 01:18:49,272 - __main__ - INFO - Retrained the model & MAPE is 230.61%
2025-04-05 01:18:49,272 - __main__ - INFO - Retrained the model & MAE is 59.03909922373384
2025-04-05 01:18:51,098 - __main__ - INFO - Forecast=> 2025-04-04     63.276711
2025-04-05     83.818745
2025-04-06     88.177707
2025-04-07    113.685809
2025-04-08    116.484767
Freq: D, Name: predicted_mean, dtype: float64
2025-04-05 01:18:51,099 - __main__ - INFO - The forecast data has been written to data/cleaned_data/Forecasting_time_series/forecast_sector_51_daily_aqi.csv
2025-04-05 01:18:51,100 - __main__ - INFO - The forecast data has been written to static/data/forecast_sector_51_daily_aqi.csv
2025-04-05 04:20:21,281 - __main__ - INFO - Calling writeData & retrain_model functions.
2025-04-05 04:20:21,291 - __main__ - INFO - df_api columns Index(['AQI'], dtype='object')
2025-04-05 04:20:21,291 - __main__ - INFO - today=> 2025-04-05 & yesterday=> 2025-04-04
2025-04-05 04:20:21,293 - __main__ - INFO - temp_daily_aqi columns Index(['Unnamed: 0', 'Date', 'AQI'], dtype='object')
2025-04-05 04:20:21,296 - __main__ - INFO - temp_daily_aqi[2025-04-04]=> Empty DataFrame
Columns: [Unnamed: 0, AQI]
Index: []
2025-04-05 04:20:21,296 - __main__ - INFO - writeData function - Exception IndexError has occured for station=> data/cleaned_data/Forecasting_time_series/sector_51_daily_aqi.csv
2025-04-05 04:20:21,301 - __main__ - INFO - Re-training the model & train_end is 2025-03-29 00:00:00
2025-04-05 04:20:22,963 - __main__ - INFO - Retrained the model & MAPE is 230.61%
2025-04-05 04:20:22,964 - __main__ - INFO - Retrained the model & MAE is 59.03909922373384
2025-04-05 04:20:24,824 - __main__ - INFO - Forecast=> 2025-04-04     63.276711
2025-04-05     83.818745
2025-04-06     88.177707
2025-04-07    113.685809
2025-04-08    116.484767
Freq: D, Name: predicted_mean, dtype: float64
2025-04-05 04:20:24,824 - __main__ - INFO - The forecast data has been written to data/cleaned_data/Forecasting_time_series/forecast_sector_51_daily_aqi.csv
2025-04-05 04:20:24,825 - __main__ - INFO - The forecast data has been written to static/data/forecast_sector_51_daily_aqi.csv
2025-04-05 08:20:18,699 - __main__ - INFO - Calling writeData & retrain_model functions.
2025-04-05 08:20:18,708 - __main__ - INFO - df_api columns Index(['AQI'], dtype='object')
2025-04-05 08:20:18,709 - __main__ - INFO - today=> 2025-04-05 & yesterday=> 2025-04-04
2025-04-05 08:20:18,711 - __main__ - INFO - temp_daily_aqi columns Index(['Unnamed: 0', 'Date', 'AQI'], dtype='object')
2025-04-05 08:20:18,713 - __main__ - INFO - temp_daily_aqi[2025-04-04]=> Empty DataFrame
Columns: [Unnamed: 0, AQI]
Index: []
2025-04-05 08:20:18,714 - __main__ - INFO - writeData function - Exception IndexError has occured for station=> data/cleaned_data/Forecasting_time_series/sector_51_daily_aqi.csv
2025-04-05 08:20:18,719 - __main__ - INFO - Re-training the model & train_end is 2025-03-29 00:00:00
2025-04-05 08:20:20,456 - __main__ - INFO - Retrained the model & MAPE is 230.61%
2025-04-05 08:20:20,456 - __main__ - INFO - Retrained the model & MAE is 59.03909922373384
2025-04-05 08:20:22,146 - __main__ - INFO - Forecast=> 2025-04-04     63.276711
2025-04-05     83.818745
2025-04-06     88.177707
2025-04-07    113.685809
2025-04-08    116.484767
Freq: D, Name: predicted_mean, dtype: float64
2025-04-05 08:20:22,147 - __main__ - INFO - The forecast data has been written to data/cleaned_data/Forecasting_time_series/forecast_sector_51_daily_aqi.csv
2025-04-05 08:20:22,147 - __main__ - INFO - The forecast data has been written to static/data/forecast_sector_51_daily_aqi.csv
2025-04-05 12:31:08,626 - __main__ - INFO - Calling writeData & retrain_model functions.
2025-04-05 12:31:08,635 - __main__ - INFO - df_api columns Index(['AQI'], dtype='object')
2025-04-05 12:31:08,636 - __main__ - INFO - today=> 2025-04-05 & yesterday=> 2025-04-04
2025-04-05 12:31:08,638 - __main__ - INFO - temp_daily_aqi columns Index(['Unnamed: 0', 'Date', 'AQI'], dtype='object')
2025-04-05 12:31:08,640 - __main__ - INFO - temp_daily_aqi[2025-04-04]=> Empty DataFrame
Columns: [Unnamed: 0, AQI]
Index: []
2025-04-05 12:31:08,641 - __main__ - INFO - writeData function - Exception IndexError has occured for station=> data/cleaned_data/Forecasting_time_series/sector_51_daily_aqi.csv
2025-04-05 12:31:08,646 - __main__ - INFO - Re-training the model & train_end is 2025-03-29 00:00:00
2025-04-05 12:31:10,395 - __main__ - INFO - Retrained the model & MAPE is 230.61%
2025-04-05 12:31:10,396 - __main__ - INFO - Retrained the model & MAE is 59.03909922373384
2025-04-05 12:31:12,021 - __main__ - INFO - Forecast=> 2025-04-04     63.276711
2025-04-05     83.818745
2025-04-06     88.177707
2025-04-07    113.685809
2025-04-08    116.484767
Freq: D, Name: predicted_mean, dtype: float64
2025-04-05 12:31:12,022 - __main__ - INFO - The forecast data has been written to data/cleaned_data/Forecasting_time_series/forecast_sector_51_daily_aqi.csv
2025-04-05 12:31:12,022 - __main__ - INFO - The forecast data has been written to static/data/forecast_sector_51_daily_aqi.csv
2025-04-05 16:19:56,479 - __main__ - INFO - Calling writeData & retrain_model functions.
2025-04-05 16:19:56,489 - __main__ - INFO - df_api columns Index(['AQI'], dtype='object')
2025-04-05 16:19:56,489 - __main__ - INFO - today=> 2025-04-05 & yesterday=> 2025-04-04
2025-04-05 16:19:56,491 - __main__ - INFO - temp_daily_aqi columns Index(['Unnamed: 0', 'Date', 'AQI'], dtype='object')
2025-04-05 16:19:56,493 - __main__ - INFO - temp_daily_aqi[2025-04-04]=> Empty DataFrame
Columns: [Unnamed: 0, AQI]
Index: []
2025-04-05 16:19:56,494 - __main__ - INFO - writeData function - Exception IndexError has occured for station=> data/cleaned_data/Forecasting_time_series/sector_51_daily_aqi.csv
2025-04-05 16:19:56,499 - __main__ - INFO - Re-training the model & train_end is 2025-03-29 00:00:00
2025-04-05 16:19:57,960 - __main__ - INFO - Retrained the model & MAPE is 230.61%
2025-04-05 16:19:57,960 - __main__ - INFO - Retrained the model & MAE is 59.03909922373384
2025-04-05 16:19:59,565 - __main__ - INFO - Forecast=> 2025-04-04     63.276711
2025-04-05     83.818745
2025-04-06     88.177707
2025-04-07    113.685809
2025-04-08    116.484767
Freq: D, Name: predicted_mean, dtype: float64
2025-04-05 16:19:59,565 - __main__ - INFO - The forecast data has been written to data/cleaned_data/Forecasting_time_series/forecast_sector_51_daily_aqi.csv
2025-04-05 16:19:59,566 - __main__ - INFO - The forecast data has been written to static/data/forecast_sector_51_daily_aqi.csv
