2024-12-05 01:21:20,406 - __main__ - INFO - station=> Sector-51, Gurugram, result => ['164', 'Sector-51, Gurugram, India', Timestamp('2024-12-05 06:00:00')]
2024-12-05 01:21:20,406 - __main__ - INFO - The hourly data has been written to data/cron_job_data/sector_51_cron_output.csv with Timestamp: 2024-12-05 06:00:00
2024-12-05 01:21:20,871 - __main__ - INFO - station=> Sector-51, Gurugram, result => ['164', 'Sector-51, Gurugram, India', Timestamp('2024-12-05 06:00:00')]
2024-12-05 01:21:20,871 - __main__ - INFO - The hourly data has been written to static/data/sector_51_cron_output.csv with Timestamp: 2024-12-05 06:00:00
2024-12-05 01:21:20,931 - __main__ - INFO - df_api columns Index(['AQI'], dtype='object')
2024-12-05 01:21:20,931 - __main__ - INFO - today=> 2024-12-05 & yesterday=> 2024-12-04
2024-12-05 01:21:20,933 - __main__ - INFO - temp_daily_aqi columns Index(['Unnamed: 0', 'Date', 'AQI'], dtype='object')
2024-12-05 01:21:20,936 - __main__ - INFO - temp_daily_aqi[2024-12-04]=> Empty DataFrame
Columns: [Unnamed: 0, AQI]
Index: []
2024-12-05 01:21:20,936 - __main__ - INFO - Index => 1735, yesterday => 2024-12-04 & AQI => 160.0
2024-12-05 01:21:20,936 - __main__ - INFO - Daily AQI data has been written to data/cleaned_data/Forecasting_time_series/sector_51_daily_aqi.csv
2024-12-05 01:21:20,937 - __main__ - INFO - Index => 1735, yesterday => 2024-12-04 & AQI => 160.0
2024-12-05 01:21:20,937 - __main__ - INFO - Daily AQI data has been written to static/data/sector_51_daily_aqi.csv
2024-12-05 01:21:20,942 - __main__ - INFO - Re-training the model & train_end is 2024-11-29 00:00:00
2024-12-05 01:21:22,211 - __main__ - INFO - Retrained the model & MAPE is 46.92%
2024-12-05 01:21:22,211 - __main__ - INFO - Retrained the model & MAE is 73.7165915758422
2024-12-05 01:21:23,510 - __main__ - INFO - Forecast=> 2024-12-05    173.110678
2024-12-06    167.952302
2024-12-07    178.818715
2024-12-08    167.708198
2024-12-09    189.276967
Freq: D, Name: predicted_mean, dtype: float64
2024-12-05 01:21:23,510 - __main__ - INFO - The forecast data has been written to data/cleaned_data/Forecasting_time_series/forecast_sector_51_daily_aqi.csv
2024-12-05 01:21:23,511 - __main__ - INFO - The forecast data has been written to static/data/forecast_sector_51_daily_aqi.csv
2024-12-05 04:21:09,864 - __main__ - INFO - station=> Sector-51, Gurugram, result => ['177', 'Sector-51, Gurugram, India', Timestamp('2024-12-05 09:00:00')]
2024-12-05 04:21:09,864 - __main__ - INFO - The hourly data has been written to data/cron_job_data/sector_51_cron_output.csv with Timestamp: 2024-12-05 09:00:00
2024-12-05 04:21:10,554 - __main__ - INFO - station=> Sector-51, Gurugram, result => ['177', 'Sector-51, Gurugram, India', Timestamp('2024-12-05 09:00:00')]
2024-12-05 04:21:10,555 - __main__ - INFO - The hourly data has been written to static/data/sector_51_cron_output.csv with Timestamp: 2024-12-05 09:00:00
2024-12-05 08:23:07,220 - __main__ - INFO - station=> Sector-51, Gurugram, result => ['173', 'Sector-51, Gurugram, India', Timestamp('2024-12-05 13:00:00')]
2024-12-05 08:23:07,220 - __main__ - INFO - The hourly data has been written to data/cron_job_data/sector_51_cron_output.csv with Timestamp: 2024-12-05 13:00:00
2024-12-05 08:23:07,697 - __main__ - INFO - station=> Sector-51, Gurugram, result => ['173', 'Sector-51, Gurugram, India', Timestamp('2024-12-05 13:00:00')]
2024-12-05 08:23:07,697 - __main__ - INFO - The hourly data has been written to static/data/sector_51_cron_output.csv with Timestamp: 2024-12-05 13:00:00
2024-12-05 12:35:08,134 - __main__ - INFO - station=> Sector-51, Gurugram, result => ['161', 'Sector-51, Gurugram, India', Timestamp('2024-12-05 17:00:00')]
2024-12-05 12:35:08,134 - __main__ - INFO - The hourly data has been written to data/cron_job_data/sector_51_cron_output.csv with Timestamp: 2024-12-05 17:00:00
2024-12-05 12:35:08,839 - __main__ - INFO - station=> Sector-51, Gurugram, result => ['161', 'Sector-51, Gurugram, India', Timestamp('2024-12-05 17:00:00')]
2024-12-05 12:35:08,839 - __main__ - INFO - The hourly data has been written to static/data/sector_51_cron_output.csv with Timestamp: 2024-12-05 17:00:00
2024-12-05 16:22:44,943 - __main__ - INFO - station=> Sector-51, Gurugram, result => ['72', 'Sector-51, Gurugram, India', Timestamp('2024-12-05 18:00:00')]
2024-12-05 16:22:44,943 - __main__ - INFO - The hourly data has been written to data/cron_job_data/sector_51_cron_output.csv with Timestamp: 2024-12-05 18:00:00
2024-12-05 16:22:45,632 - __main__ - INFO - station=> Sector-51, Gurugram, result => ['72', 'Sector-51, Gurugram, India', Timestamp('2024-12-05 18:00:00')]
2024-12-05 16:22:45,632 - __main__ - INFO - The hourly data has been written to static/data/sector_51_cron_output.csv with Timestamp: 2024-12-05 18:00:00
2024-12-05 20:19:37,307 - __main__ - INFO - station=> Sector-51, Gurugram, result => ['216', 'Sector-51, Gurugram, India', Timestamp('2024-12-06 01:00:00')]
2024-12-05 20:19:37,307 - __main__ - INFO - The hourly data has been written to data/cron_job_data/sector_51_cron_output.csv with Timestamp: 2024-12-06 01:00:00
2024-12-05 20:19:37,977 - __main__ - INFO - station=> Sector-51, Gurugram, result => ['216', 'Sector-51, Gurugram, India', Timestamp('2024-12-06 01:00:00')]
2024-12-05 20:19:37,977 - __main__ - INFO - The hourly data has been written to static/data/sector_51_cron_output.csv with Timestamp: 2024-12-06 01:00:00
