2025-04-06 01:24:47,364 - __main__ - INFO - Calling writeData & retrain_model functions.
2025-04-06 01:24:47,374 - __main__ - INFO - df_api columns Index(['AQI'], dtype='object')
2025-04-06 01:24:47,374 - __main__ - INFO - today=> 2025-04-06 & yesterday=> 2025-04-05
2025-04-06 01:24:47,376 - __main__ - INFO - temp_daily_aqi columns Index(['Unnamed: 0', 'Date', 'AQI'], dtype='object')
2025-04-06 01:24:47,379 - __main__ - INFO - temp_daily_aqi[2025-04-05]=> Empty DataFrame
Columns: [Unnamed: 0, AQI]
Index: []
2025-04-06 01:24:47,379 - __main__ - INFO - writeData function - Exception IndexError has occured for station=> data/cleaned_data/Forecasting_time_series/sector_51_daily_aqi.csv
2025-04-06 01:24:47,385 - __main__ - INFO - Re-training the model & train_end is 2025-03-29 00:00:00
2025-04-06 01:24:48,905 - __main__ - INFO - Retrained the model & MAPE is 230.61%
2025-04-06 01:24:48,905 - __main__ - INFO - Retrained the model & MAE is 59.03909922373384
2025-04-06 01:24:50,495 - __main__ - INFO - Forecast=> 2025-04-04     63.276711
2025-04-05     83.818745
2025-04-06     88.177707
2025-04-07    113.685809
2025-04-08    116.484767
Freq: D, Name: predicted_mean, dtype: float64
2025-04-06 01:24:50,495 - __main__ - INFO - The forecast data has been written to data/cleaned_data/Forecasting_time_series/forecast_sector_51_daily_aqi.csv
2025-04-06 01:24:50,496 - __main__ - INFO - The forecast data has been written to static/data/forecast_sector_51_daily_aqi.csv
2025-04-06 04:20:52,573 - __main__ - INFO - Calling writeData & retrain_model functions.
2025-04-06 04:20:52,582 - __main__ - INFO - df_api columns Index(['AQI'], dtype='object')
2025-04-06 04:20:52,583 - __main__ - INFO - today=> 2025-04-06 & yesterday=> 2025-04-05
2025-04-06 04:20:52,585 - __main__ - INFO - temp_daily_aqi columns Index(['Unnamed: 0', 'Date', 'AQI'], dtype='object')
2025-04-06 04:20:52,587 - __main__ - INFO - temp_daily_aqi[2025-04-05]=> Empty DataFrame
Columns: [Unnamed: 0, AQI]
Index: []
2025-04-06 04:20:52,588 - __main__ - INFO - writeData function - Exception IndexError has occured for station=> data/cleaned_data/Forecasting_time_series/sector_51_daily_aqi.csv
2025-04-06 04:20:52,593 - __main__ - INFO - Re-training the model & train_end is 2025-03-29 00:00:00
2025-04-06 04:20:54,220 - __main__ - INFO - Retrained the model & MAPE is 230.61%
2025-04-06 04:20:54,220 - __main__ - INFO - Retrained the model & MAE is 59.03909922373384
2025-04-06 04:20:55,997 - __main__ - INFO - Forecast=> 2025-04-04     63.276711
2025-04-05     83.818745
2025-04-06     88.177707
2025-04-07    113.685809
2025-04-08    116.484767
Freq: D, Name: predicted_mean, dtype: float64
2025-04-06 04:20:55,998 - __main__ - INFO - The forecast data has been written to data/cleaned_data/Forecasting_time_series/forecast_sector_51_daily_aqi.csv
2025-04-06 04:20:55,998 - __main__ - INFO - The forecast data has been written to static/data/forecast_sector_51_daily_aqi.csv
