2025-03-06 01:17:29,734 - __main__ - INFO - station=> Sector-51, Gurugram, result => ['115', 'Sector-51, Gurugram, India', Timestamp('2025-03-06 06:00:00')]
2025-03-06 01:17:29,734 - __main__ - INFO - The hourly data has been written to data/cron_job_data/sector_51_cron_output.csv with Timestamp: 2025-03-06 06:00:00
2025-03-06 01:17:30,209 - __main__ - INFO - station=> Sector-51, Gurugram, result => ['115', 'Sector-51, Gurugram, India', Timestamp('2025-03-06 06:00:00')]
2025-03-06 01:17:30,209 - __main__ - INFO - The hourly data has been written to static/data/sector_51_cron_output.csv with Timestamp: 2025-03-06 06:00:00
2025-03-06 01:17:30,266 - __main__ - INFO - df_api columns Index(['AQI'], dtype='object')
2025-03-06 01:17:30,266 - __main__ - INFO - today=> 2025-03-06 & yesterday=> 2025-03-05
2025-03-06 01:17:30,268 - __main__ - INFO - temp_daily_aqi columns Index(['Unnamed: 0', 'Date', 'AQI'], dtype='object')
2025-03-06 01:17:30,270 - __main__ - INFO - temp_daily_aqi[2025-03-05]=> Empty DataFrame
Columns: [Unnamed: 0, AQI]
Index: []
2025-03-06 01:17:30,271 - __main__ - INFO - Index => 1826, yesterday => 2025-03-05 & AQI => 93.0
2025-03-06 01:17:30,271 - __main__ - INFO - Daily AQI data has been written to data/cleaned_data/Forecasting_time_series/sector_51_daily_aqi.csv
2025-03-06 01:17:30,271 - __main__ - INFO - Index => 1826, yesterday => 2025-03-05 & AQI => 93.0
2025-03-06 01:17:30,272 - __main__ - INFO - Daily AQI data has been written to static/data/sector_51_daily_aqi.csv
2025-03-06 01:17:30,277 - __main__ - INFO - Re-training the model & train_end is 2025-02-28 00:00:00
2025-03-06 01:17:31,790 - __main__ - INFO - Retrained the model & MAPE is 19.71%
2025-03-06 01:17:31,790 - __main__ - INFO - Retrained the model & MAE is 20.18413665310478
2025-03-06 01:17:33,824 - __main__ - INFO - Forecast=> 2025-03-06    122.533311
2025-03-07    123.840043
2025-03-08    137.660340
2025-03-09    133.176649
2025-03-10    155.210063
Freq: D, Name: predicted_mean, dtype: float64
2025-03-06 01:17:33,826 - __main__ - INFO - The forecast data has been written to data/cleaned_data/Forecasting_time_series/forecast_sector_51_daily_aqi.csv
2025-03-06 01:17:33,828 - __main__ - INFO - The forecast data has been written to static/data/forecast_sector_51_daily_aqi.csv
2025-03-06 04:20:12,993 - __main__ - INFO - station=> Sector-51, Gurugram, result => ['143', 'Sector-51, Gurugram, India', Timestamp('2025-03-06 09:00:00')]
2025-03-06 04:20:12,994 - __main__ - INFO - The hourly data has been written to data/cron_job_data/sector_51_cron_output.csv with Timestamp: 2025-03-06 09:00:00
2025-03-06 04:20:13,681 - __main__ - INFO - station=> Sector-51, Gurugram, result => ['143', 'Sector-51, Gurugram, India', Timestamp('2025-03-06 09:00:00')]
2025-03-06 04:20:13,681 - __main__ - INFO - The hourly data has been written to static/data/sector_51_cron_output.csv with Timestamp: 2025-03-06 09:00:00
2025-03-06 08:21:42,112 - __main__ - INFO - station=> Sector-51, Gurugram, result => ['130', 'Sector-51, Gurugram, India', Timestamp('2025-03-06 13:00:00')]
2025-03-06 08:21:42,112 - __main__ - INFO - The hourly data has been written to data/cron_job_data/sector_51_cron_output.csv with Timestamp: 2025-03-06 13:00:00
2025-03-06 08:21:42,589 - __main__ - INFO - station=> Sector-51, Gurugram, result => ['130', 'Sector-51, Gurugram, India', Timestamp('2025-03-06 13:00:00')]
2025-03-06 08:21:42,590 - __main__ - INFO - The hourly data has been written to static/data/sector_51_cron_output.csv with Timestamp: 2025-03-06 13:00:00
