2024-11-06 01:12:54,010 - __main__ - INFO - df_api columns Index(['AQI'], dtype='object')
2024-11-06 01:12:54,010 - __main__ - INFO - today=> 2024-11-06 & yesterday=> 2024-11-05
2024-11-06 01:12:54,012 - __main__ - INFO - temp_daily_aqi columns Index(['Unnamed: 0', 'Date', 'AQI'], dtype='object')
2024-11-06 01:12:54,014 - __main__ - INFO - temp_daily_aqi[2024-11-05]=> Empty DataFrame
Columns: [Unnamed: 0, AQI]
Index: []
2024-11-06 01:12:54,015 - __main__ - INFO - Index => 1706, yesterday => 2024-11-05 & AQI => 198.0
2024-11-06 01:12:54,015 - __main__ - INFO - Daily AQI data has been written to data/cleaned_data/Forecasting_time_series/sector_51_daily_aqi.csv
2024-11-06 01:12:54,016 - __main__ - INFO - Index => 1706, yesterday => 2024-11-05 & AQI => 198.0
2024-11-06 01:12:54,016 - __main__ - INFO - Daily AQI data has been written to static/data/sector_51_daily_aqi.csv
2024-11-06 01:12:54,021 - __main__ - INFO - Re-training the model & train_end is 2024-10-31 00:00:00
2024-11-06 01:12:55,485 - __main__ - INFO - Retrained the model & MAPE is 17.64%
2024-11-06 01:12:55,485 - __main__ - INFO - Retrained the model & MAE is 39.026519924087445
2024-11-06 01:12:56,834 - __main__ - INFO - Forecast=> 2024-11-06    201.004359
2024-11-07    202.289776
2024-11-08    201.172505
2024-11-09    211.335170
2024-11-10    195.969827
Freq: D, Name: predicted_mean, dtype: float64
2024-11-06 01:12:56,834 - __main__ - INFO - The forecast data has been written to data/cleaned_data/Forecasting_time_series/forecast_sector_51_daily_aqi.csv
2024-11-06 01:12:56,835 - __main__ - INFO - The forecast data has been written to static/data/forecast_sector_51_daily_aqi.csv
2024-11-06 08:21:43,644 - __main__ - INFO - station=> Sector-51, Gurugram, result => ['191', 'Sector-51, Gurugram, India', Timestamp('2024-11-06 13:00:00')]
2024-11-06 08:21:43,644 - __main__ - INFO - The hourly data has been written to data/cron_job_data/sector_51_cron_output.csv with Timestamp: 2024-11-06 13:00:00
2024-11-06 08:21:44,260 - __main__ - INFO - station=> Sector-51, Gurugram, result => ['191', 'Sector-51, Gurugram, India', Timestamp('2024-11-06 13:00:00')]
2024-11-06 08:21:44,260 - __main__ - INFO - The hourly data has been written to static/data/sector_51_cron_output.csv with Timestamp: 2024-11-06 13:00:00
2024-11-06 12:32:05,592 - __main__ - INFO - station=> Sector-51, Gurugram, result => ['305', 'Sector-51, Gurugram, India', Timestamp('2024-11-06 17:00:00')]
2024-11-06 12:32:05,592 - __main__ - INFO - The hourly data has been written to data/cron_job_data/sector_51_cron_output.csv with Timestamp: 2024-11-06 17:00:00
2024-11-06 12:32:06,278 - __main__ - INFO - station=> Sector-51, Gurugram, result => ['305', 'Sector-51, Gurugram, India', Timestamp('2024-11-06 17:00:00')]
2024-11-06 12:32:06,278 - __main__ - INFO - The hourly data has been written to static/data/sector_51_cron_output.csv with Timestamp: 2024-11-06 17:00:00
2024-11-06 16:21:17,759 - __main__ - INFO - station=> Sector-51, Gurugram, result => ['162', 'Sector-51, Gurugram, India', Timestamp('2024-11-06 21:00:00')]
2024-11-06 16:21:17,759 - __main__ - INFO - The hourly data has been written to data/cron_job_data/sector_51_cron_output.csv with Timestamp: 2024-11-06 21:00:00
2024-11-06 16:21:18,386 - __main__ - INFO - station=> Sector-51, Gurugram, result => ['162', 'Sector-51, Gurugram, India', Timestamp('2024-11-06 21:00:00')]
2024-11-06 16:21:18,387 - __main__ - INFO - The hourly data has been written to static/data/sector_51_cron_output.csv with Timestamp: 2024-11-06 21:00:00
2024-11-06 20:17:50,341 - __main__ - INFO - station=> Sector-51, Gurugram, result => ['199', 'Sector-51, Gurugram, India', Timestamp('2024-11-07 01:00:00')]
2024-11-06 20:17:50,341 - __main__ - INFO - The hourly data has been written to data/cron_job_data/sector_51_cron_output.csv with Timestamp: 2024-11-07 01:00:00
2024-11-06 20:17:50,805 - __main__ - INFO - station=> Sector-51, Gurugram, result => ['199', 'Sector-51, Gurugram, India', Timestamp('2024-11-07 01:00:00')]
2024-11-06 20:17:50,806 - __main__ - INFO - The hourly data has been written to static/data/sector_51_cron_output.csv with Timestamp: 2024-11-07 01:00:00
