2024-12-06 01:20:07,195 - __main__ - INFO - station=> Sector-51, Gurugram, result => ['174', 'Sector-51, Gurugram, India', Timestamp('2024-12-06 06:00:00')]
2024-12-06 01:20:07,195 - __main__ - INFO - The hourly data has been written to data/cron_job_data/sector_51_cron_output.csv with Timestamp: 2024-12-06 06:00:00
2024-12-06 01:20:07,955 - __main__ - INFO - station=> Sector-51, Gurugram, result => ['174', 'Sector-51, Gurugram, India', Timestamp('2024-12-06 06:00:00')]
2024-12-06 01:20:07,956 - __main__ - INFO - The hourly data has been written to static/data/sector_51_cron_output.csv with Timestamp: 2024-12-06 06:00:00
2024-12-06 01:20:08,020 - __main__ - INFO - df_api columns Index(['AQI'], dtype='object')
2024-12-06 01:20:08,020 - __main__ - INFO - today=> 2024-12-06 & yesterday=> 2024-12-05
2024-12-06 01:20:08,022 - __main__ - INFO - temp_daily_aqi columns Index(['Unnamed: 0', 'Date', 'AQI'], dtype='object')
2024-12-06 01:20:08,024 - __main__ - INFO - temp_daily_aqi[2024-12-05]=> Empty DataFrame
Columns: [Unnamed: 0, AQI]
Index: []
2024-12-06 01:20:08,025 - __main__ - INFO - Index => 1736, yesterday => 2024-12-05 & AQI => 153.0
2024-12-06 01:20:08,025 - __main__ - INFO - Daily AQI data has been written to data/cleaned_data/Forecasting_time_series/sector_51_daily_aqi.csv
2024-12-06 01:20:08,026 - __main__ - INFO - Index => 1736, yesterday => 2024-12-05 & AQI => 153.0
2024-12-06 01:20:08,026 - __main__ - INFO - Daily AQI data has been written to static/data/sector_51_daily_aqi.csv
2024-12-06 01:20:08,031 - __main__ - INFO - Re-training the model & train_end is 2024-11-30 00:00:00
2024-12-06 01:20:09,376 - __main__ - INFO - Retrained the model & MAPE is 60.75%
2024-12-06 01:20:09,376 - __main__ - INFO - Retrained the model & MAE is 94.04215321206088
2024-12-06 01:20:10,916 - __main__ - INFO - Forecast=> 2024-12-06    155.483294
2024-12-07    167.651723
2024-12-08    157.707166
2024-12-09    180.306782
2024-12-10    166.433395
Freq: D, Name: predicted_mean, dtype: float64
2024-12-06 01:20:10,917 - __main__ - INFO - The forecast data has been written to data/cleaned_data/Forecasting_time_series/forecast_sector_51_daily_aqi.csv
2024-12-06 01:20:10,929 - __main__ - INFO - The forecast data has been written to static/data/forecast_sector_51_daily_aqi.csv
2024-12-06 04:21:15,262 - __main__ - INFO - station=> Sector-51, Gurugram, result => ['179', 'Sector-51, Gurugram, India', Timestamp('2024-12-06 09:00:00')]
2024-12-06 04:21:15,262 - __main__ - INFO - The hourly data has been written to data/cron_job_data/sector_51_cron_output.csv with Timestamp: 2024-12-06 09:00:00
2024-12-06 04:21:15,728 - __main__ - INFO - station=> Sector-51, Gurugram, result => ['179', 'Sector-51, Gurugram, India', Timestamp('2024-12-06 09:00:00')]
2024-12-06 04:21:15,728 - __main__ - INFO - The hourly data has been written to static/data/sector_51_cron_output.csv with Timestamp: 2024-12-06 09:00:00
