2025-03-07 01:18:06,205 - __main__ - INFO - station=> Sector-51, Gurugram, result => ['199', 'Sector-51, Gurugram, India', Timestamp('2025-03-07 06:00:00')]
2025-03-07 01:18:06,205 - __main__ - INFO - The hourly data has been written to data/cron_job_data/sector_51_cron_output.csv with Timestamp: 2025-03-07 06:00:00
2025-03-07 01:18:06,902 - __main__ - INFO - station=> Sector-51, Gurugram, result => ['199', 'Sector-51, Gurugram, India', Timestamp('2025-03-07 06:00:00')]
2025-03-07 01:18:06,902 - __main__ - INFO - The hourly data has been written to static/data/sector_51_cron_output.csv with Timestamp: 2025-03-07 06:00:00
2025-03-07 01:18:07,003 - __main__ - INFO - df_api columns Index(['AQI'], dtype='object')
2025-03-07 01:18:07,003 - __main__ - INFO - today=> 2025-03-07 & yesterday=> 2025-03-06
2025-03-07 01:18:07,005 - __main__ - INFO - temp_daily_aqi columns Index(['Unnamed: 0', 'Date', 'AQI'], dtype='object')
2025-03-07 01:18:07,007 - __main__ - INFO - temp_daily_aqi[2025-03-06]=> Empty DataFrame
Columns: [Unnamed: 0, AQI]
Index: []
2025-03-07 01:18:07,008 - __main__ - INFO - Index => 1827, yesterday => 2025-03-06 & AQI => 154.0
2025-03-07 01:18:07,008 - __main__ - INFO - Daily AQI data has been written to data/cleaned_data/Forecasting_time_series/sector_51_daily_aqi.csv
2025-03-07 01:18:07,009 - __main__ - INFO - Index => 1827, yesterday => 2025-03-06 & AQI => 154.0
2025-03-07 01:18:07,009 - __main__ - INFO - Daily AQI data has been written to static/data/sector_51_daily_aqi.csv
2025-03-07 01:18:07,014 - __main__ - INFO - Re-training the model & train_end is 2025-03-01 00:00:00
2025-03-07 01:18:08,593 - __main__ - INFO - Retrained the model & MAPE is 17.74%
2025-03-07 01:18:08,593 - __main__ - INFO - Retrained the model & MAE is 18.259045649828625
2025-03-07 01:18:10,316 - __main__ - INFO - Forecast=> 2025-03-07    142.780502
2025-03-08    154.640475
2025-03-09    148.410399
2025-03-10    168.804502
2025-03-11    168.235769
Freq: D, Name: predicted_mean, dtype: float64
2025-03-07 01:18:10,316 - __main__ - INFO - The forecast data has been written to data/cleaned_data/Forecasting_time_series/forecast_sector_51_daily_aqi.csv
2025-03-07 01:18:10,317 - __main__ - INFO - The forecast data has been written to static/data/forecast_sector_51_daily_aqi.csv
2025-03-07 04:20:32,826 - __main__ - INFO - station=> Sector-51, Gurugram, result => ['230', 'Sector-51, Gurugram, India', Timestamp('2025-03-07 09:00:00')]
2025-03-07 04:20:32,827 - __main__ - INFO - The hourly data has been written to data/cron_job_data/sector_51_cron_output.csv with Timestamp: 2025-03-07 09:00:00
2025-03-07 04:20:33,291 - __main__ - INFO - station=> Sector-51, Gurugram, result => ['230', 'Sector-51, Gurugram, India', Timestamp('2025-03-07 09:00:00')]
2025-03-07 04:20:33,291 - __main__ - INFO - The hourly data has been written to static/data/sector_51_cron_output.csv with Timestamp: 2025-03-07 09:00:00
2025-03-07 08:21:10,163 - __main__ - INFO - station=> Sector-51, Gurugram, result => ['161', 'Sector-51, Gurugram, India', Timestamp('2025-03-07 13:00:00')]
2025-03-07 08:21:10,163 - __main__ - INFO - The hourly data has been written to data/cron_job_data/sector_51_cron_output.csv with Timestamp: 2025-03-07 13:00:00
2025-03-07 08:21:10,790 - __main__ - INFO - station=> Sector-51, Gurugram, result => ['161', 'Sector-51, Gurugram, India', Timestamp('2025-03-07 13:00:00')]
2025-03-07 08:21:10,790 - __main__ - INFO - The hourly data has been written to static/data/sector_51_cron_output.csv with Timestamp: 2025-03-07 13:00:00
2025-03-07 12:32:34,720 - __main__ - INFO - station=> Sector-51, Gurugram, result => ['106', 'Sector-51, Gurugram, India', Timestamp('2025-03-07 17:00:00')]
2025-03-07 12:32:34,720 - __main__ - INFO - The hourly data has been written to data/cron_job_data/sector_51_cron_output.csv with Timestamp: 2025-03-07 17:00:00
2025-03-07 12:32:35,185 - __main__ - INFO - station=> Sector-51, Gurugram, result => ['106', 'Sector-51, Gurugram, India', Timestamp('2025-03-07 17:00:00')]
2025-03-07 12:32:35,185 - __main__ - INFO - The hourly data has been written to static/data/sector_51_cron_output.csv with Timestamp: 2025-03-07 17:00:00
