2025-01-07 01:15:10,654 - __main__ - INFO - station=> Sector-51, Gurugram, result => ['127', 'Sector-51, Gurugram, India', Timestamp('2025-01-07 06:00:00')]
2025-01-07 01:15:10,654 - __main__ - INFO - The hourly data has been written to data/cron_job_data/sector_51_cron_output.csv with Timestamp: 2025-01-07 06:00:00
2025-01-07 01:15:11,117 - __main__ - INFO - station=> Sector-51, Gurugram, result => ['127', 'Sector-51, Gurugram, India', Timestamp('2025-01-07 06:00:00')]
2025-01-07 01:15:11,117 - __main__ - INFO - The hourly data has been written to static/data/sector_51_cron_output.csv with Timestamp: 2025-01-07 06:00:00
2025-01-07 01:15:11,206 - __main__ - INFO - df_api columns Index(['AQI'], dtype='object')
2025-01-07 01:15:11,206 - __main__ - INFO - today=> 2025-01-07 & yesterday=> 2025-01-06
2025-01-07 01:15:11,208 - __main__ - INFO - temp_daily_aqi columns Index(['Unnamed: 0', 'Date', 'AQI'], dtype='object')
2025-01-07 01:15:11,210 - __main__ - INFO - temp_daily_aqi[2025-01-06]=> Empty DataFrame
Columns: [Unnamed: 0, AQI]
Index: []
2025-01-07 01:15:11,211 - __main__ - INFO - Index => 1768, yesterday => 2025-01-06 & AQI => 154.0
2025-01-07 01:15:11,211 - __main__ - INFO - Daily AQI data has been written to data/cleaned_data/Forecasting_time_series/sector_51_daily_aqi.csv
2025-01-07 01:15:11,212 - __main__ - INFO - Index => 1768, yesterday => 2025-01-06 & AQI => 154.0
2025-01-07 01:15:11,212 - __main__ - INFO - Daily AQI data has been written to static/data/sector_51_daily_aqi.csv
2025-01-07 01:15:11,217 - __main__ - INFO - Re-training the model & train_end is 2025-01-01 00:00:00
2025-01-07 01:15:12,574 - __main__ - INFO - Retrained the model & MAPE is 31.18%
2025-01-07 01:15:12,575 - __main__ - INFO - Retrained the model & MAE is 68.6691085668468
2025-01-07 01:15:13,937 - __main__ - INFO - Forecast=> 2025-01-07    156.004317
2025-01-08    161.359827
2025-01-09    170.209114
2025-01-10    167.945926
2025-01-11    175.451010
Freq: D, Name: predicted_mean, dtype: float64
2025-01-07 01:15:13,937 - __main__ - INFO - The forecast data has been written to data/cleaned_data/Forecasting_time_series/forecast_sector_51_daily_aqi.csv
2025-01-07 01:15:13,938 - __main__ - INFO - The forecast data has been written to static/data/forecast_sector_51_daily_aqi.csv
2025-01-07 04:19:00,008 - __main__ - INFO - station=> Sector-51, Gurugram, result => ['141', 'Sector-51, Gurugram, India', Timestamp('2025-01-07 09:00:00')]
2025-01-07 04:19:00,008 - __main__ - INFO - The hourly data has been written to data/cron_job_data/sector_51_cron_output.csv with Timestamp: 2025-01-07 09:00:00
2025-01-07 04:19:00,619 - __main__ - INFO - station=> Sector-51, Gurugram, result => ['141', 'Sector-51, Gurugram, India', Timestamp('2025-01-07 09:00:00')]
2025-01-07 04:19:00,619 - __main__ - INFO - The hourly data has been written to static/data/sector_51_cron_output.csv with Timestamp: 2025-01-07 09:00:00
2025-01-07 08:21:14,444 - __main__ - INFO - station=> Sector-51, Gurugram, result => ['173', 'Sector-51, Gurugram, India', Timestamp('2025-01-07 13:00:00')]
2025-01-07 08:21:14,445 - __main__ - INFO - The hourly data has been written to data/cron_job_data/sector_51_cron_output.csv with Timestamp: 2025-01-07 13:00:00
2025-01-07 08:21:14,983 - __main__ - INFO - station=> Sector-51, Gurugram, result => ['173', 'Sector-51, Gurugram, India', Timestamp('2025-01-07 13:00:00')]
2025-01-07 08:21:14,984 - __main__ - INFO - The hourly data has been written to static/data/sector_51_cron_output.csv with Timestamp: 2025-01-07 13:00:00
2025-01-07 12:32:47,951 - __main__ - INFO - station=> Sector-51, Gurugram, result => ['156', 'Sector-51, Gurugram, India', Timestamp('2025-01-07 18:00:00')]
2025-01-07 12:32:47,951 - __main__ - INFO - The hourly data has been written to data/cron_job_data/sector_51_cron_output.csv with Timestamp: 2025-01-07 18:00:00
2025-01-07 12:32:48,648 - __main__ - INFO - station=> Sector-51, Gurugram, result => ['156', 'Sector-51, Gurugram, India', Timestamp('2025-01-07 18:00:00')]
2025-01-07 12:32:48,649 - __main__ - INFO - The hourly data has been written to static/data/sector_51_cron_output.csv with Timestamp: 2025-01-07 18:00:00
