2025-02-07 01:14:01,286 - __main__ - INFO - station=> Sector-51, Gurugram, result => ['135', 'Sector-51, Gurugram, India', Timestamp('2025-02-07 06:00:00')]
2025-02-07 01:14:01,287 - __main__ - INFO - The hourly data has been written to data/cron_job_data/sector_51_cron_output.csv with Timestamp: 2025-02-07 06:00:00
2025-02-07 01:14:02,004 - __main__ - INFO - station=> Sector-51, Gurugram, result => ['135', 'Sector-51, Gurugram, India', Timestamp('2025-02-07 06:00:00')]
2025-02-07 01:14:02,004 - __main__ - INFO - The hourly data has been written to static/data/sector_51_cron_output.csv with Timestamp: 2025-02-07 06:00:00
2025-02-07 01:14:02,096 - __main__ - INFO - df_api columns Index(['AQI'], dtype='object')
2025-02-07 01:14:02,096 - __main__ - INFO - today=> 2025-02-07 & yesterday=> 2025-02-06
2025-02-07 01:14:02,098 - __main__ - INFO - temp_daily_aqi columns Index(['Unnamed: 0', 'Date', 'AQI'], dtype='object')
2025-02-07 01:14:02,100 - __main__ - INFO - temp_daily_aqi[2025-02-06]=> Empty DataFrame
Columns: [Unnamed: 0, AQI]
Index: []
2025-02-07 01:14:02,101 - __main__ - INFO - Index => 1799, yesterday => 2025-02-06 & AQI => 150.0
2025-02-07 01:14:02,101 - __main__ - INFO - Daily AQI data has been written to data/cleaned_data/Forecasting_time_series/sector_51_daily_aqi.csv
2025-02-07 01:14:02,102 - __main__ - INFO - Index => 1799, yesterday => 2025-02-06 & AQI => 150.0
2025-02-07 01:14:02,102 - __main__ - INFO - Daily AQI data has been written to static/data/sector_51_daily_aqi.csv
2025-02-07 01:14:02,107 - __main__ - INFO - Re-training the model & train_end is 2025-02-01 00:00:00
2025-02-07 01:14:03,733 - __main__ - INFO - Retrained the model & MAPE is 19.98%
2025-02-07 01:14:03,733 - __main__ - INFO - Retrained the model & MAE is 35.49366785609446
2025-02-07 01:14:05,274 - __main__ - INFO - Forecast=> 2025-02-07    153.908080
2025-02-08    162.065249
2025-02-09    156.340110
2025-02-10    174.894826
2025-02-11    173.286710
Freq: D, Name: predicted_mean, dtype: float64
2025-02-07 01:14:05,275 - __main__ - INFO - The forecast data has been written to data/cleaned_data/Forecasting_time_series/forecast_sector_51_daily_aqi.csv
2025-02-07 01:14:05,287 - __main__ - INFO - The forecast data has been written to static/data/forecast_sector_51_daily_aqi.csv
2025-02-07 04:19:46,531 - __main__ - INFO - station=> Sector-51, Gurugram, result => ['129', 'Sector-51, Gurugram, India', Timestamp('2025-02-07 08:00:00')]
2025-02-07 04:19:46,531 - __main__ - INFO - The hourly data has been written to data/cron_job_data/sector_51_cron_output.csv with Timestamp: 2025-02-07 08:00:00
2025-02-07 04:19:47,229 - __main__ - INFO - station=> Sector-51, Gurugram, result => ['129', 'Sector-51, Gurugram, India', Timestamp('2025-02-07 08:00:00')]
2025-02-07 04:19:47,229 - __main__ - INFO - The hourly data has been written to static/data/sector_51_cron_output.csv with Timestamp: 2025-02-07 08:00:00
2025-02-07 08:20:23,949 - __main__ - INFO - station=> Sector-51, Gurugram, result => ['165', 'Sector-51, Gurugram, India', Timestamp('2025-02-07 13:00:00')]
2025-02-07 08:20:23,950 - __main__ - INFO - The hourly data has been written to data/cron_job_data/sector_51_cron_output.csv with Timestamp: 2025-02-07 13:00:00
2025-02-07 08:20:24,638 - __main__ - INFO - station=> Sector-51, Gurugram, result => ['165', 'Sector-51, Gurugram, India', Timestamp('2025-02-07 13:00:00')]
2025-02-07 08:20:24,638 - __main__ - INFO - The hourly data has been written to static/data/sector_51_cron_output.csv with Timestamp: 2025-02-07 13:00:00
