2025-04-07 01:22:25,525 - __main__ - INFO - Calling writeData & retrain_model functions.
2025-04-07 01:22:25,534 - __main__ - INFO - df_api columns Index(['AQI'], dtype='object')
2025-04-07 01:22:25,535 - __main__ - INFO - today=> 2025-04-07 & yesterday=> 2025-04-06
2025-04-07 01:22:25,536 - __main__ - INFO - temp_daily_aqi columns Index(['Unnamed: 0', 'Date', 'AQI'], dtype='object')
2025-04-07 01:22:25,539 - __main__ - INFO - temp_daily_aqi[2025-04-06]=> Empty DataFrame
Columns: [Unnamed: 0, AQI]
Index: []
2025-04-07 01:22:25,539 - __main__ - INFO - writeData function - Exception IndexError has occured for station=> data/cleaned_data/Forecasting_time_series/sector_51_daily_aqi.csv
2025-04-07 01:22:25,544 - __main__ - INFO - Re-training the model & train_end is 2025-03-31 00:00:00
2025-04-07 01:22:27,105 - __main__ - INFO - Retrained the model & MAPE is 43.44%
2025-04-07 01:22:27,106 - __main__ - INFO - Retrained the model & MAE is 54.73032302203096
2025-04-07 01:22:28,722 - __main__ - INFO - Forecast=> 2025-04-06    130.331010
2025-04-07    151.247041
2025-04-08    150.325044
2025-04-09    154.397425
2025-04-10    157.387903
Freq: D, Name: predicted_mean, dtype: float64
2025-04-07 01:22:28,723 - __main__ - INFO - The forecast data has been written to data/cleaned_data/Forecasting_time_series/forecast_sector_51_daily_aqi.csv
2025-04-07 01:22:28,726 - __main__ - INFO - The forecast data has been written to static/data/forecast_sector_51_daily_aqi.csv
2025-04-07 04:21:23,785 - __main__ - INFO - Calling writeData & retrain_model functions.
2025-04-07 04:21:23,794 - __main__ - INFO - df_api columns Index(['AQI'], dtype='object')
2025-04-07 04:21:23,795 - __main__ - INFO - today=> 2025-04-07 & yesterday=> 2025-04-06
2025-04-07 04:21:23,796 - __main__ - INFO - temp_daily_aqi columns Index(['Unnamed: 0', 'Date', 'AQI'], dtype='object')
2025-04-07 04:21:23,799 - __main__ - INFO - temp_daily_aqi[2025-04-06]=> Empty DataFrame
Columns: [Unnamed: 0, AQI]
Index: []
2025-04-07 04:21:23,800 - __main__ - INFO - writeData function - Exception IndexError has occured for station=> data/cleaned_data/Forecasting_time_series/sector_51_daily_aqi.csv
2025-04-07 04:21:23,805 - __main__ - INFO - Re-training the model & train_end is 2025-03-31 00:00:00
2025-04-07 04:21:25,303 - __main__ - INFO - Retrained the model & MAPE is 43.44%
2025-04-07 04:21:25,303 - __main__ - INFO - Retrained the model & MAE is 54.73032302203096
2025-04-07 04:21:26,781 - __main__ - INFO - Forecast=> 2025-04-06    130.331010
2025-04-07    151.247041
2025-04-08    150.325044
2025-04-09    154.397425
2025-04-10    157.387903
Freq: D, Name: predicted_mean, dtype: float64
2025-04-07 04:21:26,782 - __main__ - INFO - The forecast data has been written to data/cleaned_data/Forecasting_time_series/forecast_sector_51_daily_aqi.csv
2025-04-07 04:21:26,782 - __main__ - INFO - The forecast data has been written to static/data/forecast_sector_51_daily_aqi.csv
2025-04-07 08:24:16,749 - __main__ - INFO - Calling writeData & retrain_model functions.
2025-04-07 08:24:16,758 - __main__ - INFO - df_api columns Index(['AQI'], dtype='object')
2025-04-07 08:24:16,759 - __main__ - INFO - today=> 2025-04-07 & yesterday=> 2025-04-06
2025-04-07 08:24:16,761 - __main__ - INFO - temp_daily_aqi columns Index(['Unnamed: 0', 'Date', 'AQI'], dtype='object')
2025-04-07 08:24:16,763 - __main__ - INFO - temp_daily_aqi[2025-04-06]=> Empty DataFrame
Columns: [Unnamed: 0, AQI]
Index: []
2025-04-07 08:24:16,764 - __main__ - INFO - writeData function - Exception IndexError has occured for station=> data/cleaned_data/Forecasting_time_series/sector_51_daily_aqi.csv
2025-04-07 08:24:16,769 - __main__ - INFO - Re-training the model & train_end is 2025-03-31 00:00:00
2025-04-07 08:24:18,393 - __main__ - INFO - Retrained the model & MAPE is 43.44%
2025-04-07 08:24:18,394 - __main__ - INFO - Retrained the model & MAE is 54.73032302203096
2025-04-07 08:24:20,207 - __main__ - INFO - Forecast=> 2025-04-06    130.331010
2025-04-07    151.247041
2025-04-08    150.325044
2025-04-09    154.397425
2025-04-10    157.387903
Freq: D, Name: predicted_mean, dtype: float64
2025-04-07 08:24:20,208 - __main__ - INFO - The forecast data has been written to data/cleaned_data/Forecasting_time_series/forecast_sector_51_daily_aqi.csv
2025-04-07 08:24:20,208 - __main__ - INFO - The forecast data has been written to static/data/forecast_sector_51_daily_aqi.csv
2025-04-07 12:36:19,196 - __main__ - INFO - station=> Sector-51, Gurugram, result => ['15', 'Sector-51, Gurugram, India', Timestamp('2025-04-07 16:00:00')]
2025-04-07 12:36:19,197 - __main__ - INFO - The hourly data has been written to data/cron_job_data/sector_51_cron_output.csv with Timestamp: 2025-04-07 16:00:00
2025-04-07 12:36:19,878 - __main__ - INFO - station=> Sector-51, Gurugram, result => ['15', 'Sector-51, Gurugram, India', Timestamp('2025-04-07 16:00:00')]
2025-04-07 12:36:19,878 - __main__ - INFO - The hourly data has been written to static/data/sector_51_cron_output.csv with Timestamp: 2025-04-07 16:00:00
2025-04-07 12:36:19,883 - __main__ - INFO - Calling writeData & retrain_model functions.
2025-04-07 12:36:19,893 - __main__ - INFO - df_api columns Index(['AQI'], dtype='object')
2025-04-07 12:36:19,893 - __main__ - INFO - today=> 2025-04-07 & yesterday=> 2025-04-06
2025-04-07 12:36:19,895 - __main__ - INFO - temp_daily_aqi columns Index(['Unnamed: 0', 'Date', 'AQI'], dtype='object')
2025-04-07 12:36:19,898 - __main__ - INFO - temp_daily_aqi[2025-04-06]=> Empty DataFrame
Columns: [Unnamed: 0, AQI]
Index: []
2025-04-07 12:36:19,898 - __main__ - INFO - Index => 1858, yesterday => 2025-04-06 & AQI => nan
2025-04-07 12:36:19,899 - __main__ - INFO - Daily AQI data has been written to data/cleaned_data/Forecasting_time_series/sector_51_daily_aqi.csv
2025-04-07 12:36:19,899 - __main__ - INFO - Index => 1858, yesterday => 2025-04-06 & AQI => nan
2025-04-07 12:36:19,899 - __main__ - INFO - Daily AQI data has been written to static/data/sector_51_daily_aqi.csv
2025-04-07 12:36:19,905 - __main__ - INFO - Re-training the model & train_end is 2025-04-01 00:00:00
2025-04-07 12:36:21,289 - __main__ - INFO - Retrained the model & MAPE is 22.37%
2025-04-07 12:36:21,289 - __main__ - INFO - Retrained the model & MAE is 28.18203784803608
2025-04-07 12:36:22,785 - __main__ - INFO - Forecast=> 2025-04-07    148.652422
2025-04-08    148.010562
2025-04-09    152.330007
2025-04-10    155.543983
2025-04-11    152.924963
Freq: D, Name: predicted_mean, dtype: float64
2025-04-07 12:36:22,786 - __main__ - INFO - The forecast data has been written to data/cleaned_data/Forecasting_time_series/forecast_sector_51_daily_aqi.csv
2025-04-07 12:36:22,786 - __main__ - INFO - The forecast data has been written to static/data/forecast_sector_51_daily_aqi.csv
