2025-04-08 01:20:16,558 - __main__ - INFO - Calling writeData & retrain_model functions.
2025-04-08 01:20:16,568 - __main__ - INFO - df_api columns Index(['AQI'], dtype='object')
2025-04-08 01:20:16,568 - __main__ - INFO - today=> 2025-04-08 & yesterday=> 2025-04-07
2025-04-08 01:20:16,570 - __main__ - INFO - temp_daily_aqi columns Index(['Unnamed: 0', 'Date', 'AQI'], dtype='object')
2025-04-08 01:20:16,573 - __main__ - INFO - temp_daily_aqi[2025-04-07]=> Empty DataFrame
Columns: [Unnamed: 0, AQI]
Index: []
2025-04-08 01:20:16,574 - __main__ - INFO - Index => 1859, yesterday => 2025-04-07 & AQI => 15.0
2025-04-08 01:20:16,574 - __main__ - INFO - Daily AQI data has been written to data/cleaned_data/Forecasting_time_series/sector_51_daily_aqi.csv
2025-04-08 01:20:16,574 - __main__ - INFO - Index => 1859, yesterday => 2025-04-07 & AQI => 15.0
2025-04-08 01:20:16,575 - __main__ - INFO - Daily AQI data has been written to static/data/sector_51_daily_aqi.csv
2025-04-08 01:20:16,580 - __main__ - INFO - Re-training the model & train_end is 2025-04-02 00:00:00
2025-04-08 01:20:18,284 - __main__ - INFO - Retrained the model & MAPE is 214.05%
2025-04-08 01:20:18,284 - __main__ - INFO - Retrained the model & MAE is 44.73967713771914
2025-04-08 01:20:19,647 - __main__ - INFO - Forecast=> 2025-04-08     68.141839
2025-04-09     80.790854
2025-04-10     91.659199
2025-04-11     96.123601
2025-04-12    112.827727
Freq: D, Name: predicted_mean, dtype: float64
2025-04-08 01:20:19,648 - __main__ - INFO - The forecast data has been written to data/cleaned_data/Forecasting_time_series/forecast_sector_51_daily_aqi.csv
2025-04-08 01:20:19,648 - __main__ - INFO - The forecast data has been written to static/data/forecast_sector_51_daily_aqi.csv
