2024-12-08 01:26:18,680 - __main__ - INFO - station=> Sector-51, Gurugram, result => ['164', 'Sector-51, Gurugram, India', Timestamp('2024-12-08 06:00:00')]
2024-12-08 01:26:18,680 - __main__ - INFO - The hourly data has been written to data/cron_job_data/sector_51_cron_output.csv with Timestamp: 2024-12-08 06:00:00
2024-12-08 01:26:19,312 - __main__ - INFO - station=> Sector-51, Gurugram, result => ['164', 'Sector-51, Gurugram, India', Timestamp('2024-12-08 06:00:00')]
2024-12-08 01:26:19,312 - __main__ - INFO - The hourly data has been written to static/data/sector_51_cron_output.csv with Timestamp: 2024-12-08 06:00:00
2024-12-08 01:26:19,429 - __main__ - INFO - df_api columns Index(['AQI'], dtype='object')
2024-12-08 01:26:19,429 - __main__ - INFO - today=> 2024-12-08 & yesterday=> 2024-12-07
2024-12-08 01:26:19,431 - __main__ - INFO - temp_daily_aqi columns Index(['Unnamed: 0', 'Date', 'AQI'], dtype='object')
2024-12-08 01:26:19,433 - __main__ - INFO - temp_daily_aqi[2024-12-07]=> Empty DataFrame
Columns: [Unnamed: 0, AQI]
Index: []
2024-12-08 01:26:19,434 - __main__ - INFO - Index => 1738, yesterday => 2024-12-07 & AQI => 311.0
2024-12-08 01:26:19,434 - __main__ - INFO - Daily AQI data has been written to data/cleaned_data/Forecasting_time_series/sector_51_daily_aqi.csv
2024-12-08 01:26:19,434 - __main__ - INFO - Index => 1738, yesterday => 2024-12-07 & AQI => 311.0
2024-12-08 01:26:19,435 - __main__ - INFO - Daily AQI data has been written to static/data/sector_51_daily_aqi.csv
2024-12-08 01:26:19,440 - __main__ - INFO - Re-training the model & train_end is 2024-12-02 00:00:00
2024-12-08 01:26:20,899 - __main__ - INFO - Retrained the model & MAPE is 13.63%
2024-12-08 01:26:20,900 - __main__ - INFO - Retrained the model & MAE is 34.58129058704826
2024-12-08 01:26:22,094 - __main__ - INFO - Forecast=> 2024-12-08    248.361595
2024-12-09    261.146164
2024-12-10    239.368174
2024-12-11    236.420107
2024-12-12    237.779259
Freq: D, Name: predicted_mean, dtype: float64
2024-12-08 01:26:22,095 - __main__ - INFO - The forecast data has been written to data/cleaned_data/Forecasting_time_series/forecast_sector_51_daily_aqi.csv
2024-12-08 01:26:22,095 - __main__ - INFO - The forecast data has been written to static/data/forecast_sector_51_daily_aqi.csv
2024-12-08 04:20:28,605 - __main__ - INFO - station=> Sector-51, Gurugram, result => ['159', 'Sector-51, Gurugram, India', Timestamp('2024-12-08 09:00:00')]
2024-12-08 04:20:28,606 - __main__ - INFO - The hourly data has been written to data/cron_job_data/sector_51_cron_output.csv with Timestamp: 2024-12-08 09:00:00
2024-12-08 04:20:29,226 - __main__ - INFO - station=> Sector-51, Gurugram, result => ['159', 'Sector-51, Gurugram, India', Timestamp('2024-12-08 09:00:00')]
2024-12-08 04:20:29,226 - __main__ - INFO - The hourly data has been written to static/data/sector_51_cron_output.csv with Timestamp: 2024-12-08 09:00:00
2024-12-08 08:21:02,600 - __main__ - INFO - station=> Sector-51, Gurugram, result => ['157', 'Sector-51, Gurugram, India', Timestamp('2024-12-08 11:00:00')]
2024-12-08 08:21:02,600 - __main__ - INFO - The hourly data has been written to data/cron_job_data/sector_51_cron_output.csv with Timestamp: 2024-12-08 11:00:00
2024-12-08 08:21:03,241 - __main__ - INFO - station=> Sector-51, Gurugram, result => ['157', 'Sector-51, Gurugram, India', Timestamp('2024-12-08 11:00:00')]
2024-12-08 08:21:03,241 - __main__ - INFO - The hourly data has been written to static/data/sector_51_cron_output.csv with Timestamp: 2024-12-08 11:00:00
2024-12-08 16:19:27,812 - __main__ - INFO - station=> Sector-51, Gurugram, result => ['136', 'Sector-51, Gurugram, India', Timestamp('2024-12-08 21:00:00')]
2024-12-08 16:19:27,812 - __main__ - INFO - The hourly data has been written to data/cron_job_data/sector_51_cron_output.csv with Timestamp: 2024-12-08 21:00:00
2024-12-08 16:19:28,522 - __main__ - INFO - station=> Sector-51, Gurugram, result => ['136', 'Sector-51, Gurugram, India', Timestamp('2024-12-08 21:00:00')]
2024-12-08 16:19:28,523 - __main__ - INFO - The hourly data has been written to static/data/sector_51_cron_output.csv with Timestamp: 2024-12-08 21:00:00
2024-12-08 20:18:12,057 - __main__ - INFO - station=> Sector-51, Gurugram, result => ['157', 'Sector-51, Gurugram, India', Timestamp('2024-12-09 01:00:00')]
2024-12-08 20:18:12,057 - __main__ - INFO - The hourly data has been written to data/cron_job_data/sector_51_cron_output.csv with Timestamp: 2024-12-09 01:00:00
2024-12-08 20:18:12,684 - __main__ - INFO - station=> Sector-51, Gurugram, result => ['157', 'Sector-51, Gurugram, India', Timestamp('2024-12-09 01:00:00')]
2024-12-08 20:18:12,684 - __main__ - INFO - The hourly data has been written to static/data/sector_51_cron_output.csv with Timestamp: 2024-12-09 01:00:00
