2024-11-08 01:13:06,636 - __main__ - INFO - station=> Sector-51, Gurugram, result => ['175', 'Sector-51, Gurugram, India', Timestamp('2024-11-08 03:00:00')]
2024-11-08 01:13:06,636 - __main__ - INFO - The hourly data has been written to data/cron_job_data/sector_51_cron_output.csv with Timestamp: 2024-11-08 03:00:00
2024-11-08 01:13:07,326 - __main__ - INFO - station=> Sector-51, Gurugram, result => ['175', 'Sector-51, Gurugram, India', Timestamp('2024-11-08 03:00:00')]
2024-11-08 01:13:07,326 - __main__ - INFO - The hourly data has been written to static/data/sector_51_cron_output.csv with Timestamp: 2024-11-08 03:00:00
2024-11-08 01:13:07,372 - __main__ - INFO - df_api columns Index(['AQI'], dtype='object')
2024-11-08 01:13:07,372 - __main__ - INFO - today=> 2024-11-08 & yesterday=> 2024-11-07
2024-11-08 01:13:07,374 - __main__ - INFO - temp_daily_aqi columns Index(['Unnamed: 0', 'Date', 'AQI'], dtype='object')
2024-11-08 01:13:07,376 - __main__ - INFO - temp_daily_aqi[2024-11-07]=> Empty DataFrame
Columns: [Unnamed: 0, AQI]
Index: []
2024-11-08 01:13:07,377 - __main__ - INFO - Index => 1708, yesterday => 2024-11-07 & AQI => 191.0
2024-11-08 01:13:07,377 - __main__ - INFO - Daily AQI data has been written to data/cleaned_data/Forecasting_time_series/sector_51_daily_aqi.csv
2024-11-08 01:13:07,378 - __main__ - INFO - Index => 1708, yesterday => 2024-11-07 & AQI => 191.0
2024-11-08 01:13:07,378 - __main__ - INFO - Daily AQI data has been written to static/data/sector_51_daily_aqi.csv
2024-11-08 01:13:07,383 - __main__ - INFO - Re-training the model & train_end is 2024-11-02 00:00:00
2024-11-08 01:13:08,855 - __main__ - INFO - Retrained the model & MAPE is 12.19%
2024-11-08 01:13:08,855 - __main__ - INFO - Retrained the model & MAE is 26.575119472319464
2024-11-08 01:13:10,323 - __main__ - INFO - Forecast=> 2024-11-08    200.765182
2024-11-09    210.955951
2024-11-10    195.637504
2024-11-11    206.448408
2024-11-12    196.549615
Freq: D, Name: predicted_mean, dtype: float64
2024-11-08 01:13:10,324 - __main__ - INFO - The forecast data has been written to data/cleaned_data/Forecasting_time_series/forecast_sector_51_daily_aqi.csv
2024-11-08 01:13:10,324 - __main__ - INFO - The forecast data has been written to static/data/forecast_sector_51_daily_aqi.csv
2024-11-08 04:19:06,988 - __main__ - INFO - station=> Sector-51, Gurugram, result => ['172', 'Sector-51, Gurugram, India', Timestamp('2024-11-08 07:00:00')]
2024-11-08 04:19:06,989 - __main__ - INFO - The hourly data has been written to data/cron_job_data/sector_51_cron_output.csv with Timestamp: 2024-11-08 07:00:00
2024-11-08 04:19:07,692 - __main__ - INFO - station=> Sector-51, Gurugram, result => ['172', 'Sector-51, Gurugram, India', Timestamp('2024-11-08 07:00:00')]
2024-11-08 04:19:07,692 - __main__ - INFO - The hourly data has been written to static/data/sector_51_cron_output.csv with Timestamp: 2024-11-08 07:00:00
2024-11-08 08:20:19,831 - __main__ - INFO - station=> Sector-51, Gurugram, result => ['176', 'Sector-51, Gurugram, India', Timestamp('2024-11-08 12:00:00')]
2024-11-08 08:20:19,831 - __main__ - INFO - The hourly data has been written to data/cron_job_data/sector_51_cron_output.csv with Timestamp: 2024-11-08 12:00:00
2024-11-08 08:20:20,509 - __main__ - INFO - station=> Sector-51, Gurugram, result => ['176', 'Sector-51, Gurugram, India', Timestamp('2024-11-08 12:00:00')]
2024-11-08 08:20:20,509 - __main__ - INFO - The hourly data has been written to static/data/sector_51_cron_output.csv with Timestamp: 2024-11-08 12:00:00
2024-11-08 12:31:26,585 - __main__ - INFO - station=> Sector-51, Gurugram, result => ['226', 'Sector-51, Gurugram, India', Timestamp('2024-11-08 17:00:00')]
2024-11-08 12:31:26,585 - __main__ - INFO - The hourly data has been written to data/cron_job_data/sector_51_cron_output.csv with Timestamp: 2024-11-08 17:00:00
2024-11-08 12:31:27,266 - __main__ - INFO - station=> Sector-51, Gurugram, result => ['226', 'Sector-51, Gurugram, India', Timestamp('2024-11-08 17:00:00')]
2024-11-08 12:31:27,266 - __main__ - INFO - The hourly data has been written to static/data/sector_51_cron_output.csv with Timestamp: 2024-11-08 17:00:00
