2025-01-09 01:14:17,951 - __main__ - INFO - station=> Sector-51, Gurugram, result => ['152', 'Sector-51, Gurugram, India', Timestamp('2025-01-09 06:00:00')]
2025-01-09 01:14:17,951 - __main__ - INFO - The hourly data has been written to data/cron_job_data/sector_51_cron_output.csv with Timestamp: 2025-01-09 06:00:00
2025-01-09 01:14:18,415 - __main__ - INFO - station=> Sector-51, Gurugram, result => ['152', 'Sector-51, Gurugram, India', Timestamp('2025-01-09 06:00:00')]
2025-01-09 01:14:18,415 - __main__ - INFO - The hourly data has been written to static/data/sector_51_cron_output.csv with Timestamp: 2025-01-09 06:00:00
2025-01-09 01:14:18,490 - __main__ - INFO - df_api columns Index(['AQI'], dtype='object')
2025-01-09 01:14:18,490 - __main__ - INFO - today=> 2025-01-09 & yesterday=> 2025-01-08
2025-01-09 01:14:18,492 - __main__ - INFO - temp_daily_aqi columns Index(['Unnamed: 0', 'Date', 'AQI'], dtype='object')
2025-01-09 01:14:18,495 - __main__ - INFO - temp_daily_aqi[2025-01-08]=> Empty DataFrame
Columns: [Unnamed: 0, AQI]
Index: []
2025-01-09 01:14:18,495 - __main__ - INFO - Index => 1770, yesterday => 2025-01-08 & AQI => 252.0
2025-01-09 01:14:18,496 - __main__ - INFO - Daily AQI data has been written to data/cleaned_data/Forecasting_time_series/sector_51_daily_aqi.csv
2025-01-09 01:14:18,496 - __main__ - INFO - Index => 1770, yesterday => 2025-01-08 & AQI => 252.0
2025-01-09 01:14:18,496 - __main__ - INFO - Daily AQI data has been written to static/data/sector_51_daily_aqi.csv
2025-01-09 01:14:18,502 - __main__ - INFO - Re-training the model & train_end is 2025-01-03 00:00:00
2025-01-09 01:14:20,202 - __main__ - INFO - Retrained the model & MAPE is 66.5%
2025-01-09 01:14:20,202 - __main__ - INFO - Retrained the model & MAE is 101.06620519302176
2025-01-09 01:14:22,038 - __main__ - INFO - Forecast=> 2025-01-09    233.795473
2025-01-10    225.409844
2025-01-11    227.116190
2025-01-12    214.267962
2025-01-13    225.437046
Freq: D, Name: predicted_mean, dtype: float64
2025-01-09 01:14:22,038 - __main__ - INFO - The forecast data has been written to data/cleaned_data/Forecasting_time_series/forecast_sector_51_daily_aqi.csv
2025-01-09 01:14:22,038 - __main__ - INFO - The forecast data has been written to static/data/forecast_sector_51_daily_aqi.csv
2025-01-09 04:19:37,858 - __main__ - INFO - station=> Sector-51, Gurugram, result => ['180', 'Sector-51, Gurugram, India', Timestamp('2025-01-09 09:00:00')]
2025-01-09 04:19:37,858 - __main__ - INFO - The hourly data has been written to data/cron_job_data/sector_51_cron_output.csv with Timestamp: 2025-01-09 09:00:00
2025-01-09 04:19:38,332 - __main__ - INFO - station=> Sector-51, Gurugram, result => ['180', 'Sector-51, Gurugram, India', Timestamp('2025-01-09 09:00:00')]
2025-01-09 04:19:38,332 - __main__ - INFO - The hourly data has been written to static/data/sector_51_cron_output.csv with Timestamp: 2025-01-09 09:00:00
2025-01-09 08:20:40,370 - __main__ - INFO - station=> Sector-51, Gurugram, result => ['113', 'Sector-51, Gurugram, India', Timestamp('2025-01-09 13:00:00')]
2025-01-09 08:20:40,370 - __main__ - INFO - The hourly data has been written to data/cron_job_data/sector_51_cron_output.csv with Timestamp: 2025-01-09 13:00:00
2025-01-09 08:20:40,988 - __main__ - INFO - station=> Sector-51, Gurugram, result => ['113', 'Sector-51, Gurugram, India', Timestamp('2025-01-09 13:00:00')]
2025-01-09 08:20:40,988 - __main__ - INFO - The hourly data has been written to static/data/sector_51_cron_output.csv with Timestamp: 2025-01-09 13:00:00
2025-01-09 12:32:38,083 - __main__ - INFO - station=> Sector-51, Gurugram, result => ['108', 'Sector-51, Gurugram, India', Timestamp('2025-01-09 17:00:00')]
2025-01-09 12:32:38,083 - __main__ - INFO - The hourly data has been written to data/cron_job_data/sector_51_cron_output.csv with Timestamp: 2025-01-09 17:00:00
2025-01-09 12:32:38,790 - __main__ - INFO - station=> Sector-51, Gurugram, result => ['108', 'Sector-51, Gurugram, India', Timestamp('2025-01-09 17:00:00')]
2025-01-09 12:32:38,791 - __main__ - INFO - The hourly data has been written to static/data/sector_51_cron_output.csv with Timestamp: 2025-01-09 17:00:00
