2025-03-09 01:07:40,953 - __main__ - INFO - station=> Sector-51, Gurugram, result => ['170', 'Sector-51, Gurugram, India', Timestamp('2025-03-09 06:00:00')]
2025-03-09 01:07:40,953 - __main__ - INFO - The hourly data has been written to data/cron_job_data/sector_51_cron_output.csv with Timestamp: 2025-03-09 06:00:00
2025-03-09 01:07:41,619 - __main__ - INFO - station=> Sector-51, Gurugram, result => ['170', 'Sector-51, Gurugram, India', Timestamp('2025-03-09 06:00:00')]
2025-03-09 01:07:41,620 - __main__ - INFO - The hourly data has been written to static/data/sector_51_cron_output.csv with Timestamp: 2025-03-09 06:00:00
2025-03-09 01:07:41,680 - __main__ - INFO - df_api columns Index(['AQI'], dtype='object')
2025-03-09 01:07:41,680 - __main__ - INFO - today=> 2025-03-09 & yesterday=> 2025-03-08
2025-03-09 01:07:41,682 - __main__ - INFO - temp_daily_aqi columns Index(['Unnamed: 0', 'Date', 'AQI'], dtype='object')
2025-03-09 01:07:41,684 - __main__ - INFO - temp_daily_aqi[2025-03-08]=> Empty DataFrame
Columns: [Unnamed: 0, AQI]
Index: []
2025-03-09 01:07:41,685 - __main__ - INFO - Index => 1829, yesterday => 2025-03-08 & AQI => 192.0
2025-03-09 01:07:41,685 - __main__ - INFO - Daily AQI data has been written to data/cleaned_data/Forecasting_time_series/sector_51_daily_aqi.csv
2025-03-09 01:07:41,686 - __main__ - INFO - Index => 1829, yesterday => 2025-03-08 & AQI => 192.0
2025-03-09 01:07:41,686 - __main__ - INFO - Daily AQI data has been written to static/data/sector_51_daily_aqi.csv
2025-03-09 01:07:41,691 - __main__ - INFO - Re-training the model & train_end is 2025-03-03 00:00:00
2025-03-09 01:07:43,035 - __main__ - INFO - Retrained the model & MAPE is 23.67%
2025-03-09 01:07:43,036 - __main__ - INFO - Retrained the model & MAE is 32.39796746333626
2025-03-09 01:07:44,470 - __main__ - INFO - Forecast=> 2025-03-09    185.005667
2025-03-10    201.259232
2025-03-11    197.599647
2025-03-12    195.525145
2025-03-13    196.297082
Freq: D, Name: predicted_mean, dtype: float64
2025-03-09 01:07:44,471 - __main__ - INFO - The forecast data has been written to data/cleaned_data/Forecasting_time_series/forecast_sector_51_daily_aqi.csv
2025-03-09 01:07:44,471 - __main__ - INFO - The forecast data has been written to static/data/forecast_sector_51_daily_aqi.csv
