2024-12-09 01:23:06,386 - __main__ - INFO - station=> Sector-51, Gurugram, result => ['119', 'Sector-51, Gurugram, India', Timestamp('2024-12-09 06:00:00')]
2024-12-09 01:23:06,386 - __main__ - INFO - The hourly data has been written to data/cron_job_data/sector_51_cron_output.csv with Timestamp: 2024-12-09 06:00:00
2024-12-09 01:23:06,855 - __main__ - INFO - station=> Sector-51, Gurugram, result => ['119', 'Sector-51, Gurugram, India', Timestamp('2024-12-09 06:00:00')]
2024-12-09 01:23:06,855 - __main__ - INFO - The hourly data has been written to static/data/sector_51_cron_output.csv with Timestamp: 2024-12-09 06:00:00
2024-12-09 01:23:06,941 - __main__ - INFO - df_api columns Index(['AQI'], dtype='object')
2024-12-09 01:23:06,941 - __main__ - INFO - today=> 2024-12-09 & yesterday=> 2024-12-08
2024-12-09 01:23:06,943 - __main__ - INFO - temp_daily_aqi columns Index(['Unnamed: 0', 'Date', 'AQI'], dtype='object')
2024-12-09 01:23:06,945 - __main__ - INFO - temp_daily_aqi[2024-12-08]=> Empty DataFrame
Columns: [Unnamed: 0, AQI]
Index: []
2024-12-09 01:23:06,946 - __main__ - INFO - Index => 1739, yesterday => 2024-12-08 & AQI => 181.0
2024-12-09 01:23:06,946 - __main__ - INFO - Daily AQI data has been written to data/cleaned_data/Forecasting_time_series/sector_51_daily_aqi.csv
2024-12-09 01:23:06,947 - __main__ - INFO - Index => 1739, yesterday => 2024-12-08 & AQI => 181.0
2024-12-09 01:23:06,947 - __main__ - INFO - Daily AQI data has been written to static/data/sector_51_daily_aqi.csv
2024-12-09 01:23:06,952 - __main__ - INFO - Re-training the model & train_end is 2024-12-03 00:00:00
2024-12-09 01:23:08,209 - __main__ - INFO - Retrained the model & MAPE is 15.3%
2024-12-09 01:23:08,210 - __main__ - INFO - Retrained the model & MAE is 36.714393213382
2024-12-09 01:23:09,466 - __main__ - INFO - Forecast=> 2024-12-09    219.445695
2024-12-10    201.991664
2024-12-11    202.960117
2024-12-12    207.828927
2024-12-13    199.714707
Freq: D, Name: predicted_mean, dtype: float64
2024-12-09 01:23:09,466 - __main__ - INFO - The forecast data has been written to data/cleaned_data/Forecasting_time_series/forecast_sector_51_daily_aqi.csv
2024-12-09 01:23:09,467 - __main__ - INFO - The forecast data has been written to static/data/forecast_sector_51_daily_aqi.csv
2024-12-09 04:21:18,630 - __main__ - INFO - station=> Sector-51, Gurugram, result => ['168', 'Sector-51, Gurugram, India', Timestamp('2024-12-09 09:00:00')]
2024-12-09 04:21:18,630 - __main__ - INFO - The hourly data has been written to data/cron_job_data/sector_51_cron_output.csv with Timestamp: 2024-12-09 09:00:00
2024-12-09 04:21:19,338 - __main__ - INFO - station=> Sector-51, Gurugram, result => ['168', 'Sector-51, Gurugram, India', Timestamp('2024-12-09 09:00:00')]
2024-12-09 04:21:19,338 - __main__ - INFO - The hourly data has been written to static/data/sector_51_cron_output.csv with Timestamp: 2024-12-09 09:00:00
2024-12-09 08:24:34,837 - __main__ - INFO - station=> Sector-51, Gurugram, result => ['226', 'Sector-51, Gurugram, India', Timestamp('2024-12-09 13:00:00')]
2024-12-09 08:24:34,838 - __main__ - INFO - The hourly data has been written to data/cron_job_data/sector_51_cron_output.csv with Timestamp: 2024-12-09 13:00:00
2024-12-09 08:24:35,508 - __main__ - INFO - station=> Sector-51, Gurugram, result => ['226', 'Sector-51, Gurugram, India', Timestamp('2024-12-09 13:00:00')]
2024-12-09 08:24:35,508 - __main__ - INFO - The hourly data has been written to static/data/sector_51_cron_output.csv with Timestamp: 2024-12-09 13:00:00
2024-12-09 12:36:31,496 - __main__ - INFO - station=> Sector-51, Gurugram, result => ['227', 'Sector-51, Gurugram, India', Timestamp('2024-12-09 18:00:00')]
2024-12-09 12:36:31,496 - __main__ - INFO - The hourly data has been written to data/cron_job_data/sector_51_cron_output.csv with Timestamp: 2024-12-09 18:00:00
2024-12-09 12:36:32,186 - __main__ - INFO - station=> Sector-51, Gurugram, result => ['227', 'Sector-51, Gurugram, India', Timestamp('2024-12-09 18:00:00')]
2024-12-09 12:36:32,187 - __main__ - INFO - The hourly data has been written to static/data/sector_51_cron_output.csv with Timestamp: 2024-12-09 18:00:00
