2024-12-10 01:22:09,703 - __main__ - INFO - station=> Sector-51, Gurugram, result => ['183', 'Sector-51, Gurugram, India', Timestamp('2024-12-10 06:00:00')]
2024-12-10 01:22:09,703 - __main__ - INFO - The hourly data has been written to data/cron_job_data/sector_51_cron_output.csv with Timestamp: 2024-12-10 06:00:00
2024-12-10 01:22:10,172 - __main__ - INFO - station=> Sector-51, Gurugram, result => ['183', 'Sector-51, Gurugram, India', Timestamp('2024-12-10 06:00:00')]
2024-12-10 01:22:10,172 - __main__ - INFO - The hourly data has been written to static/data/sector_51_cron_output.csv with Timestamp: 2024-12-10 06:00:00
2024-12-10 01:22:10,272 - __main__ - INFO - df_api columns Index(['AQI'], dtype='object')
2024-12-10 01:22:10,272 - __main__ - INFO - today=> 2024-12-10 & yesterday=> 2024-12-09
2024-12-10 01:22:10,274 - __main__ - INFO - temp_daily_aqi columns Index(['Unnamed: 0', 'Date', 'AQI'], dtype='object')
2024-12-10 01:22:10,277 - __main__ - INFO - temp_daily_aqi[2024-12-09]=> Empty DataFrame
Columns: [Unnamed: 0, AQI]
Index: []
2024-12-10 01:22:10,277 - __main__ - INFO - Index => 1740, yesterday => 2024-12-09 & AQI => 200.0
2024-12-10 01:22:10,278 - __main__ - INFO - Daily AQI data has been written to data/cleaned_data/Forecasting_time_series/sector_51_daily_aqi.csv
2024-12-10 01:22:10,278 - __main__ - INFO - Index => 1740, yesterday => 2024-12-09 & AQI => 200.0
2024-12-10 01:22:10,278 - __main__ - INFO - Daily AQI data has been written to static/data/sector_51_daily_aqi.csv
2024-12-10 01:22:10,283 - __main__ - INFO - Re-training the model & train_end is 2024-12-04 00:00:00
2024-12-10 01:22:11,523 - __main__ - INFO - Retrained the model & MAPE is 14.03%
2024-12-10 01:22:11,523 - __main__ - INFO - Retrained the model & MAE is 35.85182017444315
2024-12-10 01:22:12,983 - __main__ - INFO - Forecast=> 2024-12-10    190.074654
2024-12-11    192.283092
2024-12-12    198.248161
2024-12-13    191.233399
2024-12-14    202.265924
Freq: D, Name: predicted_mean, dtype: float64
2024-12-10 01:22:12,986 - __main__ - INFO - The forecast data has been written to data/cleaned_data/Forecasting_time_series/forecast_sector_51_daily_aqi.csv
2024-12-10 01:22:12,986 - __main__ - INFO - The forecast data has been written to static/data/forecast_sector_51_daily_aqi.csv
