2024-11-10 01:17:20,827 - __main__ - INFO - station=> Sector-51, Gurugram, result => ['166', 'Sector-51, Gurugram, India', Timestamp('2024-11-10 02:00:00')]
2024-11-10 01:17:20,827 - __main__ - INFO - The hourly data has been written to data/cron_job_data/sector_51_cron_output.csv with Timestamp: 2024-11-10 02:00:00
2024-11-10 01:17:21,499 - __main__ - INFO - station=> Sector-51, Gurugram, result => ['166', 'Sector-51, Gurugram, India', Timestamp('2024-11-10 02:00:00')]
2024-11-10 01:17:21,499 - __main__ - INFO - The hourly data has been written to static/data/sector_51_cron_output.csv with Timestamp: 2024-11-10 02:00:00
2024-11-10 01:17:21,560 - __main__ - INFO - df_api columns Index(['AQI'], dtype='object')
2024-11-10 01:17:21,561 - __main__ - INFO - today=> 2024-11-10 & yesterday=> 2024-11-09
2024-11-10 01:17:21,562 - __main__ - INFO - temp_daily_aqi columns Index(['Unnamed: 0', 'Date', 'AQI'], dtype='object')
2024-11-10 01:17:21,565 - __main__ - INFO - temp_daily_aqi[2024-11-09]=> Empty DataFrame
Columns: [Unnamed: 0, AQI]
Index: []
2024-11-10 01:17:21,565 - __main__ - INFO - Index => 1710, yesterday => 2024-11-09 & AQI => 155.0
2024-11-10 01:17:21,566 - __main__ - INFO - Daily AQI data has been written to data/cleaned_data/Forecasting_time_series/sector_51_daily_aqi.csv
2024-11-10 01:17:21,566 - __main__ - INFO - Index => 1710, yesterday => 2024-11-09 & AQI => 155.0
2024-11-10 01:17:21,566 - __main__ - INFO - Daily AQI data has been written to static/data/sector_51_daily_aqi.csv
2024-11-10 01:17:21,571 - __main__ - INFO - Re-training the model & train_end is 2024-11-04 00:00:00
2024-11-10 01:17:23,039 - __main__ - INFO - Retrained the model & MAPE is 14.37%
2024-11-10 01:17:23,039 - __main__ - INFO - Retrained the model & MAE is 25.82576030145278
2024-11-10 01:17:24,434 - __main__ - INFO - Forecast=> 2024-11-10    161.601858
2024-11-11    175.691067
2024-11-12    168.915716
2024-11-13    171.496335
2024-11-14    174.959064
Freq: D, Name: predicted_mean, dtype: float64
2024-11-10 01:17:24,434 - __main__ - INFO - The forecast data has been written to data/cleaned_data/Forecasting_time_series/forecast_sector_51_daily_aqi.csv
2024-11-10 01:17:24,434 - __main__ - INFO - The forecast data has been written to static/data/forecast_sector_51_daily_aqi.csv
2024-11-10 04:18:22,927 - __main__ - INFO - station=> Sector-51, Gurugram, result => ['55', 'Sector-51, Gurugram, India', Timestamp('2024-11-10 09:00:00')]
2024-11-10 04:18:22,927 - __main__ - INFO - The hourly data has been written to data/cron_job_data/sector_51_cron_output.csv with Timestamp: 2024-11-10 09:00:00
2024-11-10 04:18:23,601 - __main__ - INFO - station=> Sector-51, Gurugram, result => ['55', 'Sector-51, Gurugram, India', Timestamp('2024-11-10 09:00:00')]
2024-11-10 04:18:23,602 - __main__ - INFO - The hourly data has been written to static/data/sector_51_cron_output.csv with Timestamp: 2024-11-10 09:00:00
2024-11-10 08:18:47,496 - __main__ - INFO - station=> Sector-51, Gurugram, result => ['192', 'Sector-51, Gurugram, India', Timestamp('2024-11-10 13:00:00')]
2024-11-10 08:18:47,496 - __main__ - INFO - The hourly data has been written to data/cron_job_data/sector_51_cron_output.csv with Timestamp: 2024-11-10 13:00:00
2024-11-10 08:18:48,112 - __main__ - INFO - station=> Sector-51, Gurugram, result => ['192', 'Sector-51, Gurugram, India', Timestamp('2024-11-10 13:00:00')]
2024-11-10 08:18:48,113 - __main__ - INFO - The hourly data has been written to static/data/sector_51_cron_output.csv with Timestamp: 2024-11-10 13:00:00
2024-11-10 12:28:30,673 - __main__ - INFO - station=> Sector-51, Gurugram, result => ['158', 'Sector-51, Gurugram, India', Timestamp('2024-11-10 17:00:00')]
2024-11-10 12:28:30,674 - __main__ - INFO - The hourly data has been written to data/cron_job_data/sector_51_cron_output.csv with Timestamp: 2024-11-10 17:00:00
2024-11-10 12:28:31,310 - __main__ - INFO - station=> Sector-51, Gurugram, result => ['158', 'Sector-51, Gurugram, India', Timestamp('2024-11-10 17:00:00')]
2024-11-10 12:28:31,310 - __main__ - INFO - The hourly data has been written to static/data/sector_51_cron_output.csv with Timestamp: 2024-11-10 17:00:00
