2025-04-11 01:20:53,467 - __main__ - INFO - Calling writeData & retrain_model functions.
2025-04-11 01:20:53,476 - __main__ - INFO - df_api columns Index(['AQI'], dtype='object')
2025-04-11 01:20:53,476 - __main__ - INFO - today=> 2025-04-11 & yesterday=> 2025-04-10
2025-04-11 01:20:53,478 - __main__ - INFO - temp_daily_aqi columns Index(['Unnamed: 0', 'Date', 'AQI'], dtype='object')
2025-04-11 01:20:53,481 - __main__ - INFO - temp_daily_aqi[2025-04-10]=> Empty DataFrame
Columns: [Unnamed: 0, AQI]
Index: []
2025-04-11 01:20:53,481 - __main__ - INFO - writeData function - Exception IndexError has occured for station=> data/cleaned_data/Forecasting_time_series/sector_51_daily_aqi.csv
2025-04-11 01:20:53,487 - __main__ - INFO - Re-training the model & train_end is 2025-04-02 00:00:00
2025-04-11 01:20:54,977 - __main__ - INFO - Retrained the model & MAPE is 214.05%
2025-04-11 01:20:54,977 - __main__ - INFO - Retrained the model & MAE is 44.73967713771914
2025-04-11 01:20:56,587 - __main__ - INFO - Forecast=> 2025-04-08     68.141839
2025-04-09     80.790854
2025-04-10     91.659199
2025-04-11     96.123601
2025-04-12    112.827727
Freq: D, Name: predicted_mean, dtype: float64
2025-04-11 01:20:56,588 - __main__ - INFO - The forecast data has been written to data/cleaned_data/Forecasting_time_series/forecast_sector_51_daily_aqi.csv
2025-04-11 01:20:56,608 - __main__ - INFO - The forecast data has been written to static/data/forecast_sector_51_daily_aqi.csv
2025-04-11 04:21:46,142 - __main__ - INFO - Calling writeData & retrain_model functions.
2025-04-11 04:21:46,152 - __main__ - INFO - df_api columns Index(['AQI'], dtype='object')
2025-04-11 04:21:46,152 - __main__ - INFO - today=> 2025-04-11 & yesterday=> 2025-04-10
2025-04-11 04:21:46,154 - __main__ - INFO - temp_daily_aqi columns Index(['Unnamed: 0', 'Date', 'AQI'], dtype='object')
2025-04-11 04:21:46,157 - __main__ - INFO - temp_daily_aqi[2025-04-10]=> Empty DataFrame
Columns: [Unnamed: 0, AQI]
Index: []
2025-04-11 04:21:46,157 - __main__ - INFO - writeData function - Exception IndexError has occured for station=> data/cleaned_data/Forecasting_time_series/sector_51_daily_aqi.csv
2025-04-11 04:21:46,164 - __main__ - INFO - Re-training the model & train_end is 2025-04-02 00:00:00
2025-04-11 04:21:47,781 - __main__ - INFO - Retrained the model & MAPE is 214.05%
2025-04-11 04:21:47,781 - __main__ - INFO - Retrained the model & MAE is 44.73967713771914
2025-04-11 04:21:49,164 - __main__ - INFO - Forecast=> 2025-04-08     68.141839
2025-04-09     80.790854
2025-04-10     91.659199
2025-04-11     96.123601
2025-04-12    112.827727
Freq: D, Name: predicted_mean, dtype: float64
2025-04-11 04:21:49,164 - __main__ - INFO - The forecast data has been written to data/cleaned_data/Forecasting_time_series/forecast_sector_51_daily_aqi.csv
2025-04-11 04:21:49,165 - __main__ - INFO - The forecast data has been written to static/data/forecast_sector_51_daily_aqi.csv
2025-04-11 08:23:41,186 - __main__ - INFO - Calling writeData & retrain_model functions.
2025-04-11 08:23:41,195 - __main__ - INFO - df_api columns Index(['AQI'], dtype='object')
2025-04-11 08:23:41,196 - __main__ - INFO - today=> 2025-04-11 & yesterday=> 2025-04-10
2025-04-11 08:23:41,198 - __main__ - INFO - temp_daily_aqi columns Index(['Unnamed: 0', 'Date', 'AQI'], dtype='object')
2025-04-11 08:23:41,200 - __main__ - INFO - temp_daily_aqi[2025-04-10]=> Empty DataFrame
Columns: [Unnamed: 0, AQI]
Index: []
2025-04-11 08:23:41,201 - __main__ - INFO - writeData function - Exception IndexError has occured for station=> data/cleaned_data/Forecasting_time_series/sector_51_daily_aqi.csv
2025-04-11 08:23:41,206 - __main__ - INFO - Re-training the model & train_end is 2025-04-02 00:00:00
2025-04-11 08:23:42,660 - __main__ - INFO - Retrained the model & MAPE is 214.05%
2025-04-11 08:23:42,660 - __main__ - INFO - Retrained the model & MAE is 44.73967713771914
2025-04-11 08:23:44,070 - __main__ - INFO - Forecast=> 2025-04-08     68.141839
2025-04-09     80.790854
2025-04-10     91.659199
2025-04-11     96.123601
2025-04-12    112.827727
Freq: D, Name: predicted_mean, dtype: float64
2025-04-11 08:23:44,071 - __main__ - INFO - The forecast data has been written to data/cleaned_data/Forecasting_time_series/forecast_sector_51_daily_aqi.csv
2025-04-11 08:23:44,071 - __main__ - INFO - The forecast data has been written to static/data/forecast_sector_51_daily_aqi.csv
2025-04-11 12:35:12,792 - __main__ - INFO - Calling writeData & retrain_model functions.
2025-04-11 12:35:12,802 - __main__ - INFO - df_api columns Index(['AQI'], dtype='object')
2025-04-11 12:35:12,802 - __main__ - INFO - today=> 2025-04-11 & yesterday=> 2025-04-10
2025-04-11 12:35:12,804 - __main__ - INFO - temp_daily_aqi columns Index(['Unnamed: 0', 'Date', 'AQI'], dtype='object')
2025-04-11 12:35:12,806 - __main__ - INFO - temp_daily_aqi[2025-04-10]=> Empty DataFrame
Columns: [Unnamed: 0, AQI]
Index: []
2025-04-11 12:35:12,807 - __main__ - INFO - writeData function - Exception IndexError has occured for station=> data/cleaned_data/Forecasting_time_series/sector_51_daily_aqi.csv
2025-04-11 12:35:12,812 - __main__ - INFO - Re-training the model & train_end is 2025-04-02 00:00:00
2025-04-11 12:35:14,438 - __main__ - INFO - Retrained the model & MAPE is 214.05%
2025-04-11 12:35:14,438 - __main__ - INFO - Retrained the model & MAE is 44.73967713771914
2025-04-11 12:35:16,058 - __main__ - INFO - Forecast=> 2025-04-08     68.141839
2025-04-09     80.790854
2025-04-10     91.659199
2025-04-11     96.123601
2025-04-12    112.827727
Freq: D, Name: predicted_mean, dtype: float64
2025-04-11 12:35:16,058 - __main__ - INFO - The forecast data has been written to data/cleaned_data/Forecasting_time_series/forecast_sector_51_daily_aqi.csv
2025-04-11 12:35:16,059 - __main__ - INFO - The forecast data has been written to static/data/forecast_sector_51_daily_aqi.csv
