2025-01-11 01:15:04,653 - __main__ - INFO - df_api columns Index(['AQI'], dtype='object')
2025-01-11 01:15:04,653 - __main__ - INFO - today=> 2025-01-11 & yesterday=> 2025-01-10
2025-01-11 01:15:04,655 - __main__ - INFO - temp_daily_aqi columns Index(['Unnamed: 0', 'Date', 'AQI'], dtype='object')
2025-01-11 01:15:04,658 - __main__ - INFO - temp_daily_aqi[2025-01-10]=> Empty DataFrame
Columns: [Unnamed: 0, AQI]
Index: []
2025-01-11 01:15:04,658 - __main__ - INFO - Index => 1772, yesterday => 2025-01-10 & AQI => 141.0
2025-01-11 01:15:04,659 - __main__ - INFO - Daily AQI data has been written to data/cleaned_data/Forecasting_time_series/sector_51_daily_aqi.csv
2025-01-11 01:15:04,659 - __main__ - INFO - Index => 1772, yesterday => 2025-01-10 & AQI => 141.0
2025-01-11 01:15:04,659 - __main__ - INFO - Daily AQI data has been written to static/data/sector_51_daily_aqi.csv
2025-01-11 01:15:04,665 - __main__ - INFO - Re-training the model & train_end is 2025-01-05 00:00:00
2025-01-11 01:15:06,142 - __main__ - INFO - Retrained the model & MAPE is 20.45%
2025-01-11 01:15:06,142 - __main__ - INFO - Retrained the model & MAE is 41.33359044019045
2025-01-11 01:15:07,486 - __main__ - INFO - Forecast=> 2025-01-11    172.205434
2025-01-12    164.877738
2025-01-13    181.341948
2025-01-14    176.972818
2025-01-15    180.880682
Freq: D, Name: predicted_mean, dtype: float64
2025-01-11 01:15:07,486 - __main__ - INFO - The forecast data has been written to data/cleaned_data/Forecasting_time_series/forecast_sector_51_daily_aqi.csv
2025-01-11 01:15:07,526 - __main__ - INFO - The forecast data has been written to static/data/forecast_sector_51_daily_aqi.csv
2025-01-11 16:18:16,288 - __main__ - INFO - station=> Sector-51, Gurugram, result => ['143', 'Sector-51, Gurugram, India', Timestamp('2025-01-11 21:00:00')]
2025-01-11 16:18:16,288 - __main__ - INFO - The hourly data has been written to data/cron_job_data/sector_51_cron_output.csv with Timestamp: 2025-01-11 21:00:00
2025-01-11 16:18:17,015 - __main__ - INFO - station=> Sector-51, Gurugram, result => ['143', 'Sector-51, Gurugram, India', Timestamp('2025-01-11 21:00:00')]
2025-01-11 16:18:17,015 - __main__ - INFO - The hourly data has been written to static/data/sector_51_cron_output.csv with Timestamp: 2025-01-11 21:00:00
2025-01-11 20:16:51,356 - __main__ - INFO - station=> Sector-51, Gurugram, result => ['92', 'Sector-51, Gurugram, India', Timestamp('2025-01-12 01:00:00')]
2025-01-11 20:16:51,356 - __main__ - INFO - The hourly data has been written to data/cron_job_data/sector_51_cron_output.csv with Timestamp: 2025-01-12 01:00:00
2025-01-11 20:16:52,023 - __main__ - INFO - station=> Sector-51, Gurugram, result => ['92', 'Sector-51, Gurugram, India', Timestamp('2025-01-12 01:00:00')]
2025-01-11 20:16:52,023 - __main__ - INFO - The hourly data has been written to static/data/sector_51_cron_output.csv with Timestamp: 2025-01-12 01:00:00
