2025-02-11 01:13:38,507 - __main__ - INFO - station=> Sector-51, Gurugram, result => ['180', 'Sector-51, Gurugram, India', Timestamp('2025-02-11 06:00:00')]
2025-02-11 01:13:38,507 - __main__ - INFO - The hourly data has been written to data/cron_job_data/sector_51_cron_output.csv with Timestamp: 2025-02-11 06:00:00
2025-02-11 01:13:39,208 - __main__ - INFO - station=> Sector-51, Gurugram, result => ['180', 'Sector-51, Gurugram, India', Timestamp('2025-02-11 06:00:00')]
2025-02-11 01:13:39,208 - __main__ - INFO - The hourly data has been written to static/data/sector_51_cron_output.csv with Timestamp: 2025-02-11 06:00:00
2025-02-11 01:13:39,259 - __main__ - INFO - df_api columns Index(['AQI'], dtype='object')
2025-02-11 01:13:39,259 - __main__ - INFO - today=> 2025-02-11 & yesterday=> 2025-02-10
2025-02-11 01:13:39,261 - __main__ - INFO - temp_daily_aqi columns Index(['Unnamed: 0', 'Date', 'AQI'], dtype='object')
2025-02-11 01:13:39,264 - __main__ - INFO - temp_daily_aqi[2025-02-10]=> Empty DataFrame
Columns: [Unnamed: 0, AQI]
Index: []
2025-02-11 01:13:39,264 - __main__ - INFO - Index => 1803, yesterday => 2025-02-10 & AQI => 252.0
2025-02-11 01:13:39,265 - __main__ - INFO - Daily AQI data has been written to data/cleaned_data/Forecasting_time_series/sector_51_daily_aqi.csv
2025-02-11 01:13:39,265 - __main__ - INFO - Index => 1803, yesterday => 2025-02-10 & AQI => 252.0
2025-02-11 01:13:39,265 - __main__ - INFO - Daily AQI data has been written to static/data/sector_51_daily_aqi.csv
2025-02-11 01:13:39,271 - __main__ - INFO - Re-training the model & train_end is 2025-02-05 00:00:00
2025-02-11 01:13:40,755 - __main__ - INFO - Retrained the model & MAPE is 19.92%
2025-02-11 01:13:40,755 - __main__ - INFO - Retrained the model & MAE is 32.26909987680616
2025-02-11 01:13:42,415 - __main__ - INFO - Forecast=> 2025-02-11    217.972878
2025-02-12    217.574404
2025-02-13    215.683467
2025-02-14    207.333242
2025-02-15    209.229138
Freq: D, Name: predicted_mean, dtype: float64
2025-02-11 01:13:42,415 - __main__ - INFO - The forecast data has been written to data/cleaned_data/Forecasting_time_series/forecast_sector_51_daily_aqi.csv
2025-02-11 01:13:42,416 - __main__ - INFO - The forecast data has been written to static/data/forecast_sector_51_daily_aqi.csv
2025-02-11 04:19:02,959 - __main__ - INFO - station=> Sector-51, Gurugram, result => ['320', 'Sector-51, Gurugram, India', Timestamp('2025-02-11 09:00:00')]
2025-02-11 04:19:02,959 - __main__ - INFO - The hourly data has been written to data/cron_job_data/sector_51_cron_output.csv with Timestamp: 2025-02-11 09:00:00
2025-02-11 04:19:03,618 - __main__ - INFO - station=> Sector-51, Gurugram, result => ['320', 'Sector-51, Gurugram, India', Timestamp('2025-02-11 09:00:00')]
2025-02-11 04:19:03,618 - __main__ - INFO - The hourly data has been written to static/data/sector_51_cron_output.csv with Timestamp: 2025-02-11 09:00:00
2025-02-11 08:20:53,585 - __main__ - INFO - station=> Sector-51, Gurugram, result => ['172', 'Sector-51, Gurugram, India', Timestamp('2025-02-11 13:00:00')]
2025-02-11 08:20:53,585 - __main__ - INFO - The hourly data has been written to data/cron_job_data/sector_51_cron_output.csv with Timestamp: 2025-02-11 13:00:00
2025-02-11 08:20:54,188 - __main__ - INFO - station=> Sector-51, Gurugram, result => ['172', 'Sector-51, Gurugram, India', Timestamp('2025-02-11 13:00:00')]
2025-02-11 08:20:54,188 - __main__ - INFO - The hourly data has been written to static/data/sector_51_cron_output.csv with Timestamp: 2025-02-11 13:00:00
2025-02-11 12:32:18,360 - __main__ - INFO - station=> Sector-51, Gurugram, result => ['129', 'Sector-51, Gurugram, India', Timestamp('2025-02-11 17:00:00')]
2025-02-11 12:32:18,360 - __main__ - INFO - The hourly data has been written to data/cron_job_data/sector_51_cron_output.csv with Timestamp: 2025-02-11 17:00:00
2025-02-11 12:32:18,819 - __main__ - INFO - station=> Sector-51, Gurugram, result => ['129', 'Sector-51, Gurugram, India', Timestamp('2025-02-11 17:00:00')]
2025-02-11 12:32:18,819 - __main__ - INFO - The hourly data has been written to static/data/sector_51_cron_output.csv with Timestamp: 2025-02-11 17:00:00
2025-02-11 16:21:53,827 - __main__ - INFO - station=> Sector-51, Gurugram, result => ['200', 'Sector-51, Gurugram, India', Timestamp('2025-02-11 21:00:00')]
2025-02-11 16:21:53,827 - __main__ - INFO - The hourly data has been written to data/cron_job_data/sector_51_cron_output.csv with Timestamp: 2025-02-11 21:00:00
2025-02-11 16:21:54,523 - __main__ - INFO - station=> Sector-51, Gurugram, result => ['200', 'Sector-51, Gurugram, India', Timestamp('2025-02-11 21:00:00')]
2025-02-11 16:21:54,523 - __main__ - INFO - The hourly data has been written to static/data/sector_51_cron_output.csv with Timestamp: 2025-02-11 21:00:00
