2024-11-11 01:14:35,998 - __main__ - INFO - station=> Sector-51, Gurugram, result => ['190', 'Sector-51, Gurugram, India', Timestamp('2024-11-11 06:00:00')]
2024-11-11 01:14:35,998 - __main__ - INFO - The hourly data has been written to data/cron_job_data/sector_51_cron_output.csv with Timestamp: 2024-11-11 06:00:00
2024-11-11 01:14:36,464 - __main__ - INFO - station=> Sector-51, Gurugram, result => ['190', 'Sector-51, Gurugram, India', Timestamp('2024-11-11 06:00:00')]
2024-11-11 01:14:36,465 - __main__ - INFO - The hourly data has been written to static/data/sector_51_cron_output.csv with Timestamp: 2024-11-11 06:00:00
2024-11-11 01:14:36,507 - __main__ - INFO - df_api columns Index(['AQI'], dtype='object')
2024-11-11 01:14:36,507 - __main__ - INFO - today=> 2024-11-11 & yesterday=> 2024-11-10
2024-11-11 01:14:36,509 - __main__ - INFO - temp_daily_aqi columns Index(['Unnamed: 0', 'Date', 'AQI'], dtype='object')
2024-11-11 01:14:36,511 - __main__ - INFO - temp_daily_aqi[2024-11-10]=> Empty DataFrame
Columns: [Unnamed: 0, AQI]
Index: []
2024-11-11 01:14:36,512 - __main__ - INFO - Index => 1711, yesterday => 2024-11-10 & AQI => 149.0
2024-11-11 01:14:36,512 - __main__ - INFO - Daily AQI data has been written to data/cleaned_data/Forecasting_time_series/sector_51_daily_aqi.csv
2024-11-11 01:14:36,513 - __main__ - INFO - Index => 1711, yesterday => 2024-11-10 & AQI => 149.0
2024-11-11 01:14:36,513 - __main__ - INFO - Daily AQI data has been written to static/data/sector_51_daily_aqi.csv
2024-11-11 01:14:36,518 - __main__ - INFO - Re-training the model & train_end is 2024-11-05 00:00:00
2024-11-11 01:14:37,847 - __main__ - INFO - Retrained the model & MAPE is 18.04%
2024-11-11 01:14:37,848 - __main__ - INFO - Retrained the model & MAE is 30.68358178537024
2024-11-11 01:14:39,128 - __main__ - INFO - Forecast=> 2024-11-11    167.945134
2024-11-12    161.892500
2024-11-13    165.163737
2024-11-14    169.241286
2024-11-15    171.595145
Freq: D, Name: predicted_mean, dtype: float64
2024-11-11 01:14:39,129 - __main__ - INFO - The forecast data has been written to data/cleaned_data/Forecasting_time_series/forecast_sector_51_daily_aqi.csv
2024-11-11 01:14:39,129 - __main__ - INFO - The forecast data has been written to static/data/forecast_sector_51_daily_aqi.csv
2024-11-11 04:19:29,679 - __main__ - INFO - station=> Sector-51, Gurugram, result => ['167', 'Sector-51, Gurugram, India', Timestamp('2024-11-11 08:00:00')]
2024-11-11 04:19:29,679 - __main__ - INFO - The hourly data has been written to data/cron_job_data/sector_51_cron_output.csv with Timestamp: 2024-11-11 08:00:00
2024-11-11 04:19:30,302 - __main__ - INFO - station=> Sector-51, Gurugram, result => ['167', 'Sector-51, Gurugram, India', Timestamp('2024-11-11 08:00:00')]
2024-11-11 04:19:30,303 - __main__ - INFO - The hourly data has been written to static/data/sector_51_cron_output.csv with Timestamp: 2024-11-11 08:00:00
2024-11-11 08:21:10,579 - __main__ - INFO - station=> Sector-51, Gurugram, result => ['169', 'Sector-51, Gurugram, India', Timestamp('2024-11-11 13:00:00')]
2024-11-11 08:21:10,580 - __main__ - INFO - The hourly data has been written to data/cron_job_data/sector_51_cron_output.csv with Timestamp: 2024-11-11 13:00:00
2024-11-11 08:21:11,049 - __main__ - INFO - station=> Sector-51, Gurugram, result => ['169', 'Sector-51, Gurugram, India', Timestamp('2024-11-11 13:00:00')]
2024-11-11 08:21:11,049 - __main__ - INFO - The hourly data has been written to static/data/sector_51_cron_output.csv with Timestamp: 2024-11-11 13:00:00
2024-11-11 12:32:03,987 - __main__ - INFO - station=> Sector-51, Gurugram, result => ['170', 'Sector-51, Gurugram, India', Timestamp('2024-11-11 17:00:00')]
2024-11-11 12:32:03,988 - __main__ - INFO - The hourly data has been written to data/cron_job_data/sector_51_cron_output.csv with Timestamp: 2024-11-11 17:00:00
2024-11-11 12:32:04,472 - __main__ - INFO - station=> Sector-51, Gurugram, result => ['170', 'Sector-51, Gurugram, India', Timestamp('2024-11-11 17:00:00')]
2024-11-11 12:32:04,472 - __main__ - INFO - The hourly data has been written to static/data/sector_51_cron_output.csv with Timestamp: 2024-11-11 17:00:00
2024-11-11 16:21:09,452 - __main__ - INFO - station=> Sector-51, Gurugram, result => ['348', 'Sector-51, Gurugram, India', Timestamp('2024-11-11 21:00:00')]
2024-11-11 16:21:09,453 - __main__ - INFO - The hourly data has been written to data/cron_job_data/sector_51_cron_output.csv with Timestamp: 2024-11-11 21:00:00
2024-11-11 16:21:10,140 - __main__ - INFO - station=> Sector-51, Gurugram, result => ['348', 'Sector-51, Gurugram, India', Timestamp('2024-11-11 21:00:00')]
2024-11-11 16:21:10,140 - __main__ - INFO - The hourly data has been written to static/data/sector_51_cron_output.csv with Timestamp: 2024-11-11 21:00:00
2024-11-11 20:17:08,813 - __main__ - INFO - station=> Sector-51, Gurugram, result => ['168', 'Sector-51, Gurugram, India', Timestamp('2024-11-12 01:00:00')]
2024-11-11 20:17:08,813 - __main__ - INFO - The hourly data has been written to data/cron_job_data/sector_51_cron_output.csv with Timestamp: 2024-11-12 01:00:00
2024-11-11 20:17:09,443 - __main__ - INFO - station=> Sector-51, Gurugram, result => ['168', 'Sector-51, Gurugram, India', Timestamp('2024-11-12 01:00:00')]
2024-11-11 20:17:09,443 - __main__ - INFO - The hourly data has been written to static/data/sector_51_cron_output.csv with Timestamp: 2024-11-12 01:00:00
