2024-12-11 01:21:04,223 - __main__ - INFO - station=> Sector-51, Gurugram, result => ['159', 'Sector-51, Gurugram, India', Timestamp('2024-12-11 06:00:00')]
2024-12-11 01:21:04,223 - __main__ - INFO - The hourly data has been written to data/cron_job_data/sector_51_cron_output.csv with Timestamp: 2024-12-11 06:00:00
2024-12-11 01:21:04,701 - __main__ - INFO - station=> Sector-51, Gurugram, result => ['159', 'Sector-51, Gurugram, India', Timestamp('2024-12-11 06:00:00')]
2024-12-11 01:21:04,701 - __main__ - INFO - The hourly data has been written to static/data/sector_51_cron_output.csv with Timestamp: 2024-12-11 06:00:00
2024-12-11 01:21:05,132 - __main__ - INFO - df_api columns Index(['AQI'], dtype='object')
2024-12-11 01:21:05,132 - __main__ - INFO - today=> 2024-12-11 & yesterday=> 2024-12-10
2024-12-11 01:21:05,134 - __main__ - INFO - temp_daily_aqi columns Index(['Unnamed: 0', 'Date', 'AQI'], dtype='object')
2024-12-11 01:21:05,136 - __main__ - INFO - temp_daily_aqi[2024-12-10]=> Empty DataFrame
Columns: [Unnamed: 0, AQI]
Index: []
2024-12-11 01:21:05,137 - __main__ - INFO - Index => 1741, yesterday => 2024-12-10 & AQI => 169.0
2024-12-11 01:21:05,137 - __main__ - INFO - Daily AQI data has been written to data/cleaned_data/Forecasting_time_series/sector_51_daily_aqi.csv
2024-12-11 01:21:05,138 - __main__ - INFO - Index => 1741, yesterday => 2024-12-10 & AQI => 169.0
2024-12-11 01:21:05,138 - __main__ - INFO - Daily AQI data has been written to static/data/sector_51_daily_aqi.csv
2024-12-11 01:21:05,143 - __main__ - INFO - Re-training the model & train_end is 2024-12-05 00:00:00
2024-12-11 01:21:06,831 - __main__ - INFO - Retrained the model & MAPE is 15.22%
2024-12-11 01:21:06,832 - __main__ - INFO - Retrained the model & MAE is 39.68352822937181
2024-12-11 01:21:08,163 - __main__ - INFO - Forecast=> 2024-12-11    179.198658
2024-12-12    186.548885
2024-12-13    180.627678
2024-12-14    192.783901
2024-12-15    178.189436
Freq: D, Name: predicted_mean, dtype: float64
2024-12-11 01:21:08,164 - __main__ - INFO - The forecast data has been written to data/cleaned_data/Forecasting_time_series/forecast_sector_51_daily_aqi.csv
2024-12-11 01:21:08,164 - __main__ - INFO - The forecast data has been written to static/data/forecast_sector_51_daily_aqi.csv
2024-12-11 04:21:27,372 - __main__ - INFO - station=> Sector-51, Gurugram, result => ['152', 'Sector-51, Gurugram, India', Timestamp('2024-12-11 08:00:00')]
2024-12-11 04:21:27,372 - __main__ - INFO - The hourly data has been written to data/cron_job_data/sector_51_cron_output.csv with Timestamp: 2024-12-11 08:00:00
2024-12-11 04:21:28,123 - __main__ - INFO - station=> Sector-51, Gurugram, result => ['152', 'Sector-51, Gurugram, India', Timestamp('2024-12-11 08:00:00')]
2024-12-11 04:21:28,123 - __main__ - INFO - The hourly data has been written to static/data/sector_51_cron_output.csv with Timestamp: 2024-12-11 08:00:00
2024-12-11 08:23:46,410 - __main__ - INFO - station=> Sector-51, Gurugram, result => ['164', 'Sector-51, Gurugram, India', Timestamp('2024-12-11 13:00:00')]
2024-12-11 08:23:46,410 - __main__ - INFO - The hourly data has been written to data/cron_job_data/sector_51_cron_output.csv with Timestamp: 2024-12-11 13:00:00
2024-12-11 08:23:47,108 - __main__ - INFO - station=> Sector-51, Gurugram, result => ['164', 'Sector-51, Gurugram, India', Timestamp('2024-12-11 13:00:00')]
2024-12-11 08:23:47,108 - __main__ - INFO - The hourly data has been written to static/data/sector_51_cron_output.csv with Timestamp: 2024-12-11 13:00:00
2024-12-11 12:35:21,038 - __main__ - INFO - station=> Sector-51, Gurugram, result => ['126', 'Sector-51, Gurugram, India', Timestamp('2024-12-11 17:00:00')]
2024-12-11 12:35:21,038 - __main__ - INFO - The hourly data has been written to data/cron_job_data/sector_51_cron_output.csv with Timestamp: 2024-12-11 17:00:00
2024-12-11 12:35:21,504 - __main__ - INFO - station=> Sector-51, Gurugram, result => ['126', 'Sector-51, Gurugram, India', Timestamp('2024-12-11 17:00:00')]
2024-12-11 12:35:21,504 - __main__ - INFO - The hourly data has been written to static/data/sector_51_cron_output.csv with Timestamp: 2024-12-11 17:00:00
