2025-01-12 01:21:42,043 - __main__ - INFO - station=> Sector-51, Gurugram, result => ['78', 'Sector-51, Gurugram, India', Timestamp('2025-01-12 06:00:00')]
2025-01-12 01:21:42,043 - __main__ - INFO - The hourly data has been written to data/cron_job_data/sector_51_cron_output.csv with Timestamp: 2025-01-12 06:00:00
2025-01-12 01:21:42,729 - __main__ - INFO - station=> Sector-51, Gurugram, result => ['78', 'Sector-51, Gurugram, India', Timestamp('2025-01-12 06:00:00')]
2025-01-12 01:21:42,729 - __main__ - INFO - The hourly data has been written to static/data/sector_51_cron_output.csv with Timestamp: 2025-01-12 06:00:00
2025-01-12 01:21:42,996 - __main__ - INFO - df_api columns Index(['AQI'], dtype='object')
2025-01-12 01:21:42,996 - __main__ - INFO - today=> 2025-01-12 & yesterday=> 2025-01-11
2025-01-12 01:21:42,998 - __main__ - INFO - temp_daily_aqi columns Index(['Unnamed: 0', 'Date', 'AQI'], dtype='object')
2025-01-12 01:21:43,001 - __main__ - INFO - temp_daily_aqi[2025-01-11]=> Empty DataFrame
Columns: [Unnamed: 0, AQI]
Index: []
2025-01-12 01:21:43,001 - __main__ - INFO - Index => 1773, yesterday => 2025-01-11 & AQI => 143.0
2025-01-12 01:21:43,002 - __main__ - INFO - Daily AQI data has been written to data/cleaned_data/Forecasting_time_series/sector_51_daily_aqi.csv
2025-01-12 01:21:43,002 - __main__ - INFO - Index => 1773, yesterday => 2025-01-11 & AQI => 143.0
2025-01-12 01:21:43,002 - __main__ - INFO - Daily AQI data has been written to static/data/sector_51_daily_aqi.csv
2025-01-12 01:21:43,007 - __main__ - INFO - Re-training the model & train_end is 2025-01-06 00:00:00
2025-01-12 01:21:44,412 - __main__ - INFO - Retrained the model & MAPE is 24.35%
2025-01-12 01:21:44,412 - __main__ - INFO - Retrained the model & MAE is 48.36473547136914
2025-01-12 01:21:45,638 - __main__ - INFO - Forecast=> 2025-01-12    147.313297
2025-01-13    165.600027
2025-01-14    162.780119
2025-01-15    168.137630
2025-01-16    175.726589
Freq: D, Name: predicted_mean, dtype: float64
2025-01-12 01:21:45,638 - __main__ - INFO - The forecast data has been written to data/cleaned_data/Forecasting_time_series/forecast_sector_51_daily_aqi.csv
2025-01-12 01:21:45,639 - __main__ - INFO - The forecast data has been written to static/data/forecast_sector_51_daily_aqi.csv
2025-01-12 04:19:12,948 - __main__ - INFO - station=> Sector-51, Gurugram, result => ['92', 'Sector-51, Gurugram, India', Timestamp('2025-01-12 09:00:00')]
2025-01-12 04:19:12,949 - __main__ - INFO - The hourly data has been written to data/cron_job_data/sector_51_cron_output.csv with Timestamp: 2025-01-12 09:00:00
2025-01-12 04:19:13,612 - __main__ - INFO - station=> Sector-51, Gurugram, result => ['92', 'Sector-51, Gurugram, India', Timestamp('2025-01-12 09:00:00')]
2025-01-12 04:19:13,612 - __main__ - INFO - The hourly data has been written to static/data/sector_51_cron_output.csv with Timestamp: 2025-01-12 09:00:00
2025-01-12 08:18:53,447 - __main__ - INFO - station=> Sector-51, Gurugram, result => ['82', 'Sector-51, Gurugram, India', Timestamp('2025-01-12 10:00:00')]
2025-01-12 08:18:53,447 - __main__ - INFO - The hourly data has been written to data/cron_job_data/sector_51_cron_output.csv with Timestamp: 2025-01-12 10:00:00
2025-01-12 08:18:53,910 - __main__ - INFO - station=> Sector-51, Gurugram, result => ['82', 'Sector-51, Gurugram, India', Timestamp('2025-01-12 10:00:00')]
2025-01-12 08:18:53,910 - __main__ - INFO - The hourly data has been written to static/data/sector_51_cron_output.csv with Timestamp: 2025-01-12 10:00:00
