2025-02-12 01:14:01,133 - __main__ - INFO - station=> Sector-51, Gurugram, result => ['167', 'Sector-51, Gurugram, India', Timestamp('2025-02-12 06:00:00')]
2025-02-12 01:14:01,133 - __main__ - INFO - The hourly data has been written to data/cron_job_data/sector_51_cron_output.csv with Timestamp: 2025-02-12 06:00:00
2025-02-12 01:14:01,831 - __main__ - INFO - station=> Sector-51, Gurugram, result => ['167', 'Sector-51, Gurugram, India', Timestamp('2025-02-12 06:00:00')]
2025-02-12 01:14:01,831 - __main__ - INFO - The hourly data has been written to static/data/sector_51_cron_output.csv with Timestamp: 2025-02-12 06:00:00
2025-02-12 01:14:01,917 - __main__ - INFO - df_api columns Index(['AQI'], dtype='object')
2025-02-12 01:14:01,918 - __main__ - INFO - today=> 2025-02-12 & yesterday=> 2025-02-11
2025-02-12 01:14:01,920 - __main__ - INFO - temp_daily_aqi columns Index(['Unnamed: 0', 'Date', 'AQI'], dtype='object')
2025-02-12 01:14:01,922 - __main__ - INFO - temp_daily_aqi[2025-02-11]=> Empty DataFrame
Columns: [Unnamed: 0, AQI]
Index: []
2025-02-12 01:14:01,923 - __main__ - INFO - Index => 1804, yesterday => 2025-02-11 & AQI => 248.0
2025-02-12 01:14:01,923 - __main__ - INFO - Daily AQI data has been written to data/cleaned_data/Forecasting_time_series/sector_51_daily_aqi.csv
2025-02-12 01:14:01,924 - __main__ - INFO - Index => 1804, yesterday => 2025-02-11 & AQI => 248.0
2025-02-12 01:14:01,924 - __main__ - INFO - Daily AQI data has been written to static/data/sector_51_daily_aqi.csv
2025-02-12 01:14:01,929 - __main__ - INFO - Re-training the model & train_end is 2025-02-06 00:00:00
2025-02-12 01:14:03,384 - __main__ - INFO - Retrained the model & MAPE is 21.73%
2025-02-12 01:14:03,384 - __main__ - INFO - Retrained the model & MAE is 42.090336505840675
2025-02-12 01:14:04,892 - __main__ - INFO - Forecast=> 2025-02-12    235.670338
2025-02-13    231.942107
2025-02-14    222.005770
2025-02-15    222.412224
2025-02-16    211.208550
Freq: D, Name: predicted_mean, dtype: float64
2025-02-12 01:14:04,892 - __main__ - INFO - The forecast data has been written to data/cleaned_data/Forecasting_time_series/forecast_sector_51_daily_aqi.csv
2025-02-12 01:14:04,893 - __main__ - INFO - The forecast data has been written to static/data/forecast_sector_51_daily_aqi.csv
2025-02-12 04:19:25,295 - __main__ - INFO - station=> Sector-51, Gurugram, result => ['158', 'Sector-51, Gurugram, India', Timestamp('2025-02-12 09:00:00')]
2025-02-12 04:19:25,295 - __main__ - INFO - The hourly data has been written to data/cron_job_data/sector_51_cron_output.csv with Timestamp: 2025-02-12 09:00:00
2025-02-12 04:19:25,761 - __main__ - INFO - station=> Sector-51, Gurugram, result => ['158', 'Sector-51, Gurugram, India', Timestamp('2025-02-12 09:00:00')]
2025-02-12 04:19:25,761 - __main__ - INFO - The hourly data has been written to static/data/sector_51_cron_output.csv with Timestamp: 2025-02-12 09:00:00
