2024-12-12 01:20:33,803 - __main__ - INFO - station=> Sector-51, Gurugram, result => ['177', 'Sector-51, Gurugram, India', Timestamp('2024-12-12 06:00:00')]
2024-12-12 01:20:33,803 - __main__ - INFO - The hourly data has been written to data/cron_job_data/sector_51_cron_output.csv with Timestamp: 2024-12-12 06:00:00
2024-12-12 01:20:34,489 - __main__ - INFO - station=> Sector-51, Gurugram, result => ['177', 'Sector-51, Gurugram, India', Timestamp('2024-12-12 06:00:00')]
2024-12-12 01:20:34,489 - __main__ - INFO - The hourly data has been written to static/data/sector_51_cron_output.csv with Timestamp: 2024-12-12 06:00:00
2024-12-12 01:20:34,543 - __main__ - INFO - df_api columns Index(['AQI'], dtype='object')
2024-12-12 01:20:34,544 - __main__ - INFO - today=> 2024-12-12 & yesterday=> 2024-12-11
2024-12-12 01:20:34,546 - __main__ - INFO - temp_daily_aqi columns Index(['Unnamed: 0', 'Date', 'AQI'], dtype='object')
2024-12-12 01:20:34,548 - __main__ - INFO - temp_daily_aqi[2024-12-11]=> Empty DataFrame
Columns: [Unnamed: 0, AQI]
Index: []
2024-12-12 01:20:34,549 - __main__ - INFO - Index => 1742, yesterday => 2024-12-11 & AQI => 160.0
2024-12-12 01:20:34,549 - __main__ - INFO - Daily AQI data has been written to data/cleaned_data/Forecasting_time_series/sector_51_daily_aqi.csv
2024-12-12 01:20:34,549 - __main__ - INFO - Index => 1742, yesterday => 2024-12-11 & AQI => 160.0
2024-12-12 01:20:34,550 - __main__ - INFO - Daily AQI data has been written to static/data/sector_51_daily_aqi.csv
2024-12-12 01:20:34,555 - __main__ - INFO - Re-training the model & train_end is 2024-12-06 00:00:00
2024-12-12 01:20:35,929 - __main__ - INFO - Retrained the model & MAPE is 14.4%
2024-12-12 01:20:35,929 - __main__ - INFO - Retrained the model & MAE is 37.41191660166965
2024-12-12 01:20:37,391 - __main__ - INFO - Forecast=> 2024-12-12    174.668671
2024-12-13    169.938540
2024-12-14    183.216128
2024-12-15    169.611777
2024-12-16    190.672811
Freq: D, Name: predicted_mean, dtype: float64
2024-12-12 01:20:37,392 - __main__ - INFO - The forecast data has been written to data/cleaned_data/Forecasting_time_series/forecast_sector_51_daily_aqi.csv
2024-12-12 01:20:37,392 - __main__ - INFO - The forecast data has been written to static/data/forecast_sector_51_daily_aqi.csv
2024-12-12 04:21:15,197 - __main__ - INFO - station=> Sector-51, Gurugram, result => ['151', 'Sector-51, Gurugram, India', Timestamp('2024-12-12 08:00:00')]
2024-12-12 04:21:15,197 - __main__ - INFO - The hourly data has been written to data/cron_job_data/sector_51_cron_output.csv with Timestamp: 2024-12-12 08:00:00
2024-12-12 04:21:15,820 - __main__ - INFO - station=> Sector-51, Gurugram, result => ['151', 'Sector-51, Gurugram, India', Timestamp('2024-12-12 08:00:00')]
2024-12-12 04:21:15,820 - __main__ - INFO - The hourly data has been written to static/data/sector_51_cron_output.csv with Timestamp: 2024-12-12 08:00:00
