2024-11-12 01:12:16,561 - __main__ - INFO - station=> Sector-51, Gurugram, result => ['162', 'Sector-51, Gurugram, India', Timestamp('2024-11-12 06:00:00')]
2024-11-12 01:12:16,561 - __main__ - INFO - The hourly data has been written to data/cron_job_data/sector_51_cron_output.csv with Timestamp: 2024-11-12 06:00:00
2024-11-12 01:12:17,248 - __main__ - INFO - station=> Sector-51, Gurugram, result => ['162', 'Sector-51, Gurugram, India', Timestamp('2024-11-12 06:00:00')]
2024-11-12 01:12:17,248 - __main__ - INFO - The hourly data has been written to static/data/sector_51_cron_output.csv with Timestamp: 2024-11-12 06:00:00
2024-11-12 01:12:17,296 - __main__ - INFO - df_api columns Index(['AQI'], dtype='object')
2024-11-12 01:12:17,297 - __main__ - INFO - today=> 2024-11-12 & yesterday=> 2024-11-11
2024-11-12 01:12:17,298 - __main__ - INFO - temp_daily_aqi columns Index(['Unnamed: 0', 'Date', 'AQI'], dtype='object')
2024-11-12 01:12:17,301 - __main__ - INFO - temp_daily_aqi[2024-11-11]=> Empty DataFrame
Columns: [Unnamed: 0, AQI]
Index: []
2024-11-12 01:12:17,301 - __main__ - INFO - Index => 1712, yesterday => 2024-11-11 & AQI => 259.0
2024-11-12 01:12:17,302 - __main__ - INFO - Daily AQI data has been written to data/cleaned_data/Forecasting_time_series/sector_51_daily_aqi.csv
2024-11-12 01:12:17,302 - __main__ - INFO - Index => 1712, yesterday => 2024-11-11 & AQI => 259.0
2024-11-12 01:12:17,302 - __main__ - INFO - Daily AQI data has been written to static/data/sector_51_daily_aqi.csv
2024-11-12 01:12:17,308 - __main__ - INFO - Re-training the model & train_end is 2024-11-06 00:00:00
2024-11-12 01:12:18,749 - __main__ - INFO - Retrained the model & MAPE is 26.52%
2024-11-12 01:12:18,749 - __main__ - INFO - Retrained the model & MAE is 45.75295063546285
2024-11-12 01:12:19,911 - __main__ - INFO - Forecast=> 2024-11-12    217.746105
2024-11-13    215.528766
2024-11-14    214.612262
2024-11-15    212.408158
2024-11-16    220.536612
Freq: D, Name: predicted_mean, dtype: float64
2024-11-12 01:12:19,912 - __main__ - INFO - The forecast data has been written to data/cleaned_data/Forecasting_time_series/forecast_sector_51_daily_aqi.csv
2024-11-12 01:12:19,912 - __main__ - INFO - The forecast data has been written to static/data/forecast_sector_51_daily_aqi.csv
