2025-04-13 02:48:16,047 - __main__ - INFO - Calling writeData & retrain_model functions.
2025-04-13 02:48:16,057 - __main__ - INFO - df_api columns Index(['AQI'], dtype='object')
2025-04-13 02:48:16,057 - __main__ - INFO - today=> 2025-04-13 & yesterday=> 2025-04-12
2025-04-13 02:48:16,059 - __main__ - INFO - temp_daily_aqi columns Index(['Unnamed: 0', 'Date', 'AQI'], dtype='object')
2025-04-13 02:48:16,061 - __main__ - INFO - temp_daily_aqi[2025-04-12]=> Empty DataFrame
Columns: [Unnamed: 0, AQI]
Index: []
2025-04-13 02:48:16,062 - __main__ - INFO - writeData function - Exception IndexError has occured for station=> data/cleaned_data/Forecasting_time_series/sector_51_daily_aqi.csv
2025-04-13 02:48:16,067 - __main__ - INFO - Re-training the model & train_end is 2025-04-02 00:00:00
2025-04-13 02:48:17,575 - __main__ - INFO - Retrained the model & MAPE is 214.05%
2025-04-13 02:48:17,575 - __main__ - INFO - Retrained the model & MAE is 44.73967713771914
2025-04-13 02:48:19,162 - __main__ - INFO - Forecast=> 2025-04-08     68.141839
2025-04-09     80.790854
2025-04-10     91.659199
2025-04-11     96.123601
2025-04-12    112.827727
Freq: D, Name: predicted_mean, dtype: float64
2025-04-13 02:48:19,163 - __main__ - INFO - The forecast data has been written to data/cleaned_data/Forecasting_time_series/forecast_sector_51_daily_aqi.csv
2025-04-13 02:48:19,200 - __main__ - INFO - The forecast data has been written to static/data/forecast_sector_51_daily_aqi.csv
2025-04-13 04:46:12,217 - __main__ - INFO - Calling writeData & retrain_model functions.
2025-04-13 04:46:12,227 - __main__ - INFO - df_api columns Index(['AQI'], dtype='object')
2025-04-13 04:46:12,227 - __main__ - INFO - today=> 2025-04-13 & yesterday=> 2025-04-12
2025-04-13 04:46:12,229 - __main__ - INFO - temp_daily_aqi columns Index(['Unnamed: 0', 'Date', 'AQI'], dtype='object')
2025-04-13 04:46:12,231 - __main__ - INFO - temp_daily_aqi[2025-04-12]=> Empty DataFrame
Columns: [Unnamed: 0, AQI]
Index: []
2025-04-13 04:46:12,232 - __main__ - INFO - writeData function - Exception IndexError has occured for station=> data/cleaned_data/Forecasting_time_series/sector_51_daily_aqi.csv
2025-04-13 04:46:12,237 - __main__ - INFO - Re-training the model & train_end is 2025-04-02 00:00:00
2025-04-13 04:46:13,659 - __main__ - INFO - Retrained the model & MAPE is 214.05%
2025-04-13 04:46:13,659 - __main__ - INFO - Retrained the model & MAE is 44.73967713771914
2025-04-13 04:46:15,011 - __main__ - INFO - Forecast=> 2025-04-08     68.141839
2025-04-09     80.790854
2025-04-10     91.659199
2025-04-11     96.123601
2025-04-12    112.827727
Freq: D, Name: predicted_mean, dtype: float64
2025-04-13 04:46:15,012 - __main__ - INFO - The forecast data has been written to data/cleaned_data/Forecasting_time_series/forecast_sector_51_daily_aqi.csv
2025-04-13 04:46:15,012 - __main__ - INFO - The forecast data has been written to static/data/forecast_sector_51_daily_aqi.csv
