2025-03-13 01:18:35,144 - __main__ - INFO - station=> Sector-51, Gurugram, result => ['151', 'Sector-51, Gurugram, India', Timestamp('2025-03-13 06:00:00')]
2025-03-13 01:18:35,144 - __main__ - INFO - The hourly data has been written to data/cron_job_data/sector_51_cron_output.csv with Timestamp: 2025-03-13 06:00:00
2025-03-13 01:18:35,831 - __main__ - INFO - station=> Sector-51, Gurugram, result => ['151', 'Sector-51, Gurugram, India', Timestamp('2025-03-13 06:00:00')]
2025-03-13 01:18:35,831 - __main__ - INFO - The hourly data has been written to static/data/sector_51_cron_output.csv with Timestamp: 2025-03-13 06:00:00
2025-03-13 01:18:35,986 - __main__ - INFO - df_api columns Index(['AQI'], dtype='object')
2025-03-13 01:18:35,987 - __main__ - INFO - today=> 2025-03-13 & yesterday=> 2025-03-12
2025-03-13 01:18:35,988 - __main__ - INFO - temp_daily_aqi columns Index(['Unnamed: 0', 'Date', 'AQI'], dtype='object')
2025-03-13 01:18:35,991 - __main__ - INFO - temp_daily_aqi[2025-03-12]=> Empty DataFrame
Columns: [Unnamed: 0, AQI]
Index: []
2025-03-13 01:18:35,991 - __main__ - INFO - Index => 1833, yesterday => 2025-03-12 & AQI => 169.0
2025-03-13 01:18:35,992 - __main__ - INFO - Daily AQI data has been written to data/cleaned_data/Forecasting_time_series/sector_51_daily_aqi.csv
2025-03-13 01:18:35,992 - __main__ - INFO - Index => 1833, yesterday => 2025-03-12 & AQI => 169.0
2025-03-13 01:18:35,992 - __main__ - INFO - Daily AQI data has been written to static/data/sector_51_daily_aqi.csv
2025-03-13 01:18:35,997 - __main__ - INFO - Re-training the model & train_end is 2025-03-07 00:00:00
2025-03-13 01:18:37,416 - __main__ - INFO - Retrained the model & MAPE is 10.1%
2025-03-13 01:18:37,416 - __main__ - INFO - Retrained the model & MAE is 17.699591307527648
2025-03-13 01:18:38,950 - __main__ - INFO - Forecast=> 2025-03-13    179.818877
2025-03-14    176.856435
2025-03-15    184.643060
2025-03-16    175.247822
2025-03-17    192.262724
Freq: D, Name: predicted_mean, dtype: float64
2025-03-13 01:18:38,950 - __main__ - INFO - The forecast data has been written to data/cleaned_data/Forecasting_time_series/forecast_sector_51_daily_aqi.csv
2025-03-13 01:18:38,950 - __main__ - INFO - The forecast data has been written to static/data/forecast_sector_51_daily_aqi.csv
2025-03-13 04:20:49,241 - __main__ - INFO - station=> Sector-51, Gurugram, result => ['155', 'Sector-51, Gurugram, India', Timestamp('2025-03-13 09:00:00')]
2025-03-13 04:20:49,242 - __main__ - INFO - The hourly data has been written to data/cron_job_data/sector_51_cron_output.csv with Timestamp: 2025-03-13 09:00:00
2025-03-13 04:20:49,856 - __main__ - INFO - station=> Sector-51, Gurugram, result => ['155', 'Sector-51, Gurugram, India', Timestamp('2025-03-13 09:00:00')]
2025-03-13 04:20:49,856 - __main__ - INFO - The hourly data has been written to static/data/sector_51_cron_output.csv with Timestamp: 2025-03-13 09:00:00
2025-03-13 08:22:55,594 - __main__ - INFO - station=> Sector-51, Gurugram, result => ['160', 'Sector-51, Gurugram, India', Timestamp('2025-03-13 13:00:00')]
2025-03-13 08:22:55,594 - __main__ - INFO - The hourly data has been written to data/cron_job_data/sector_51_cron_output.csv with Timestamp: 2025-03-13 13:00:00
2025-03-13 08:22:56,276 - __main__ - INFO - station=> Sector-51, Gurugram, result => ['160', 'Sector-51, Gurugram, India', Timestamp('2025-03-13 13:00:00')]
2025-03-13 08:22:56,277 - __main__ - INFO - The hourly data has been written to static/data/sector_51_cron_output.csv with Timestamp: 2025-03-13 13:00:00
