2024-12-13 01:21:48,417 - __main__ - INFO - station=> Sector-51, Gurugram, result => ['161', 'Sector-51, Gurugram, India', Timestamp('2024-12-13 06:00:00')]
2024-12-13 01:21:48,417 - __main__ - INFO - The hourly data has been written to data/cron_job_data/sector_51_cron_output.csv with Timestamp: 2024-12-13 06:00:00
2024-12-13 01:21:49,162 - __main__ - INFO - station=> Sector-51, Gurugram, result => ['161', 'Sector-51, Gurugram, India', Timestamp('2024-12-13 06:00:00')]
2024-12-13 01:21:49,162 - __main__ - INFO - The hourly data has been written to static/data/sector_51_cron_output.csv with Timestamp: 2024-12-13 06:00:00
2024-12-13 01:21:49,235 - __main__ - INFO - df_api columns Index(['AQI'], dtype='object')
2024-12-13 01:21:49,235 - __main__ - INFO - today=> 2024-12-13 & yesterday=> 2024-12-12
2024-12-13 01:21:49,237 - __main__ - INFO - temp_daily_aqi columns Index(['Unnamed: 0', 'Date', 'AQI'], dtype='object')
2024-12-13 01:21:49,239 - __main__ - INFO - temp_daily_aqi[2024-12-12]=> Empty DataFrame
Columns: [Unnamed: 0, AQI]
Index: []
2024-12-13 01:21:49,240 - __main__ - INFO - Index => 1743, yesterday => 2024-12-12 & AQI => 186.0
2024-12-13 01:21:49,240 - __main__ - INFO - Daily AQI data has been written to data/cleaned_data/Forecasting_time_series/sector_51_daily_aqi.csv
2024-12-13 01:21:49,241 - __main__ - INFO - Index => 1743, yesterday => 2024-12-12 & AQI => 186.0
2024-12-13 01:21:49,241 - __main__ - INFO - Daily AQI data has been written to static/data/sector_51_daily_aqi.csv
2024-12-13 01:21:49,246 - __main__ - INFO - Re-training the model & train_end is 2024-12-07 00:00:00
2024-12-13 01:21:50,431 - __main__ - INFO - Retrained the model & MAPE is 37.01%
2024-12-13 01:21:50,431 - __main__ - INFO - Retrained the model & MAE is 65.41506008213136
2024-12-13 01:21:51,834 - __main__ - INFO - Forecast=> 2024-12-13    176.918466
2024-12-14    189.474255
2024-12-15    175.211563
2024-12-16    195.723512
2024-12-17    180.286946
Freq: D, Name: predicted_mean, dtype: float64
2024-12-13 01:21:51,834 - __main__ - INFO - The forecast data has been written to data/cleaned_data/Forecasting_time_series/forecast_sector_51_daily_aqi.csv
2024-12-13 01:21:51,835 - __main__ - INFO - The forecast data has been written to static/data/forecast_sector_51_daily_aqi.csv
2024-12-13 04:21:00,792 - __main__ - INFO - station=> Sector-51, Gurugram, result => ['161', 'Sector-51, Gurugram, India', Timestamp('2024-12-13 09:00:00')]
2024-12-13 04:21:00,793 - __main__ - INFO - The hourly data has been written to data/cron_job_data/sector_51_cron_output.csv with Timestamp: 2024-12-13 09:00:00
2024-12-13 04:21:01,498 - __main__ - INFO - station=> Sector-51, Gurugram, result => ['161', 'Sector-51, Gurugram, India', Timestamp('2024-12-13 09:00:00')]
2024-12-13 04:21:01,498 - __main__ - INFO - The hourly data has been written to static/data/sector_51_cron_output.csv with Timestamp: 2024-12-13 09:00:00
2024-12-13 08:22:39,001 - __main__ - INFO - station=> Sector-51, Gurugram, result => ['160', 'Sector-51, Gurugram, India', Timestamp('2024-12-13 13:00:00')]
2024-12-13 08:22:39,002 - __main__ - INFO - The hourly data has been written to data/cron_job_data/sector_51_cron_output.csv with Timestamp: 2024-12-13 13:00:00
2024-12-13 08:22:39,684 - __main__ - INFO - station=> Sector-51, Gurugram, result => ['160', 'Sector-51, Gurugram, India', Timestamp('2024-12-13 13:00:00')]
2024-12-13 08:22:39,684 - __main__ - INFO - The hourly data has been written to static/data/sector_51_cron_output.csv with Timestamp: 2024-12-13 13:00:00
2024-12-13 12:34:42,155 - __main__ - INFO - station=> Sector-51, Gurugram, result => ['151', 'Sector-51, Gurugram, India', Timestamp('2024-12-13 17:00:00')]
2024-12-13 12:34:42,155 - __main__ - INFO - The hourly data has been written to data/cron_job_data/sector_51_cron_output.csv with Timestamp: 2024-12-13 17:00:00
2024-12-13 12:34:42,630 - __main__ - INFO - station=> Sector-51, Gurugram, result => ['151', 'Sector-51, Gurugram, India', Timestamp('2024-12-13 17:00:00')]
2024-12-13 12:34:42,630 - __main__ - INFO - The hourly data has been written to static/data/sector_51_cron_output.csv with Timestamp: 2024-12-13 17:00:00
2024-12-13 16:21:19,911 - __main__ - INFO - station=> Sector-51, Gurugram, result => ['154', 'Sector-51, Gurugram, India', Timestamp('2024-12-13 21:00:00')]
2024-12-13 16:21:19,911 - __main__ - INFO - The hourly data has been written to data/cron_job_data/sector_51_cron_output.csv with Timestamp: 2024-12-13 21:00:00
2024-12-13 16:21:20,604 - __main__ - INFO - station=> Sector-51, Gurugram, result => ['154', 'Sector-51, Gurugram, India', Timestamp('2024-12-13 21:00:00')]
2024-12-13 16:21:20,604 - __main__ - INFO - The hourly data has been written to static/data/sector_51_cron_output.csv with Timestamp: 2024-12-13 21:00:00
2024-12-13 20:19:30,807 - __main__ - INFO - station=> Sector-51, Gurugram, result => ['84', 'Sector-51, Gurugram, India', Timestamp('2024-12-13 23:00:00')]
2024-12-13 20:19:30,808 - __main__ - INFO - The hourly data has been written to data/cron_job_data/sector_51_cron_output.csv with Timestamp: 2024-12-13 23:00:00
2024-12-13 20:19:31,285 - __main__ - INFO - station=> Sector-51, Gurugram, result => ['84', 'Sector-51, Gurugram, India', Timestamp('2024-12-13 23:00:00')]
2024-12-13 20:19:31,285 - __main__ - INFO - The hourly data has been written to static/data/sector_51_cron_output.csv with Timestamp: 2024-12-13 23:00:00
