2024-11-13 01:13:50,393 - __main__ - INFO - station=> Sector-51, Gurugram, result => ['474', 'Sector-51, Gurugram, India', Timestamp('2024-11-13 06:00:00')]
2024-11-13 01:13:50,393 - __main__ - INFO - The hourly data has been written to data/cron_job_data/sector_51_cron_output.csv with Timestamp: 2024-11-13 06:00:00
2024-11-13 01:13:50,862 - __main__ - INFO - station=> Sector-51, Gurugram, result => ['474', 'Sector-51, Gurugram, India', Timestamp('2024-11-13 06:00:00')]
2024-11-13 01:13:50,862 - __main__ - INFO - The hourly data has been written to static/data/sector_51_cron_output.csv with Timestamp: 2024-11-13 06:00:00
2024-11-13 01:13:50,948 - __main__ - INFO - df_api columns Index(['AQI'], dtype='object')
2024-11-13 01:13:50,948 - __main__ - INFO - today=> 2024-11-13 & yesterday=> 2024-11-12
2024-11-13 01:13:50,950 - __main__ - INFO - temp_daily_aqi columns Index(['Unnamed: 0', 'Date', 'AQI'], dtype='object')
2024-11-13 01:13:50,952 - __main__ - INFO - temp_daily_aqi[2024-11-12]=> Empty DataFrame
Columns: [Unnamed: 0, AQI]
Index: []
2024-11-13 01:13:50,953 - __main__ - INFO - Index => 1713, yesterday => 2024-11-12 & AQI => 155.0
2024-11-13 01:13:50,953 - __main__ - INFO - Daily AQI data has been written to data/cleaned_data/Forecasting_time_series/sector_51_daily_aqi.csv
2024-11-13 01:13:50,954 - __main__ - INFO - Index => 1713, yesterday => 2024-11-12 & AQI => 155.0
2024-11-13 01:13:50,954 - __main__ - INFO - Daily AQI data has been written to static/data/sector_51_daily_aqi.csv
2024-11-13 01:13:50,959 - __main__ - INFO - Re-training the model & train_end is 2024-11-07 00:00:00
2024-11-13 01:13:52,457 - __main__ - INFO - Retrained the model & MAPE is 23.12%
2024-11-13 01:13:52,457 - __main__ - INFO - Retrained the model & MAE is 39.78589635079217
2024-11-13 01:13:53,724 - __main__ - INFO - Forecast=> 2024-11-13    176.825794
2024-11-14    179.600545
2024-11-15    180.639230
2024-11-16    191.962067
2024-11-17    178.440415
Freq: D, Name: predicted_mean, dtype: float64
2024-11-13 01:13:53,725 - __main__ - INFO - The forecast data has been written to data/cleaned_data/Forecasting_time_series/forecast_sector_51_daily_aqi.csv
2024-11-13 01:13:53,725 - __main__ - INFO - The forecast data has been written to static/data/forecast_sector_51_daily_aqi.csv
2024-11-13 04:19:33,078 - __main__ - INFO - station=> Sector-51, Gurugram, result => ['94', 'Sector-51, Gurugram, India', Timestamp('2024-11-13 09:00:00')]
2024-11-13 04:19:33,078 - __main__ - INFO - The hourly data has been written to data/cron_job_data/sector_51_cron_output.csv with Timestamp: 2024-11-13 09:00:00
2024-11-13 04:19:33,705 - __main__ - INFO - station=> Sector-51, Gurugram, result => ['94', 'Sector-51, Gurugram, India', Timestamp('2024-11-13 09:00:00')]
2024-11-13 04:19:33,705 - __main__ - INFO - The hourly data has been written to static/data/sector_51_cron_output.csv with Timestamp: 2024-11-13 09:00:00
2024-11-13 08:20:52,262 - __main__ - INFO - station=> Sector-51, Gurugram, result => ['183', 'Sector-51, Gurugram, India', Timestamp('2024-11-13 13:00:00')]
2024-11-13 08:20:52,262 - __main__ - INFO - The hourly data has been written to data/cron_job_data/sector_51_cron_output.csv with Timestamp: 2024-11-13 13:00:00
2024-11-13 08:20:52,735 - __main__ - INFO - station=> Sector-51, Gurugram, result => ['183', 'Sector-51, Gurugram, India', Timestamp('2024-11-13 13:00:00')]
2024-11-13 08:20:52,735 - __main__ - INFO - The hourly data has been written to static/data/sector_51_cron_output.csv with Timestamp: 2024-11-13 13:00:00
2024-11-13 12:32:01,693 - __main__ - INFO - station=> Sector-51, Gurugram, result => ['191', 'Sector-51, Gurugram, India', Timestamp('2024-11-13 17:00:00')]
2024-11-13 12:32:01,693 - __main__ - INFO - The hourly data has been written to data/cron_job_data/sector_51_cron_output.csv with Timestamp: 2024-11-13 17:00:00
2024-11-13 12:32:02,353 - __main__ - INFO - station=> Sector-51, Gurugram, result => ['191', 'Sector-51, Gurugram, India', Timestamp('2024-11-13 17:00:00')]
2024-11-13 12:32:02,353 - __main__ - INFO - The hourly data has been written to static/data/sector_51_cron_output.csv with Timestamp: 2024-11-13 17:00:00
2024-11-13 16:20:26,806 - __main__ - INFO - station=> Sector-51, Gurugram, result => ['141', 'Sector-51, Gurugram, India', Timestamp('2024-11-13 21:00:00')]
2024-11-13 16:20:26,806 - __main__ - INFO - The hourly data has been written to data/cron_job_data/sector_51_cron_output.csv with Timestamp: 2024-11-13 21:00:00
2024-11-13 16:20:27,421 - __main__ - INFO - station=> Sector-51, Gurugram, result => ['141', 'Sector-51, Gurugram, India', Timestamp('2024-11-13 21:00:00')]
2024-11-13 16:20:27,421 - __main__ - INFO - The hourly data has been written to static/data/sector_51_cron_output.csv with Timestamp: 2024-11-13 21:00:00
