2025-04-14 01:23:39,849 - __main__ - INFO - Calling writeData & retrain_model functions.
2025-04-14 01:23:39,859 - __main__ - INFO - df_api columns Index(['AQI'], dtype='object')
2025-04-14 01:23:39,859 - __main__ - INFO - today=> 2025-04-14 & yesterday=> 2025-04-13
2025-04-14 01:23:39,861 - __main__ - INFO - temp_daily_aqi columns Index(['Unnamed: 0', 'Date', 'AQI'], dtype='object')
2025-04-14 01:23:39,863 - __main__ - INFO - temp_daily_aqi[2025-04-13]=> Empty DataFrame
Columns: [Unnamed: 0, AQI]
Index: []
2025-04-14 01:23:39,864 - __main__ - INFO - writeData function - Exception IndexError has occured for station=> data/cleaned_data/Forecasting_time_series/sector_51_daily_aqi.csv
2025-04-14 01:23:39,869 - __main__ - INFO - Re-training the model & train_end is 2025-04-02 00:00:00
2025-04-14 01:23:41,270 - __main__ - INFO - Retrained the model & MAPE is 214.05%
2025-04-14 01:23:41,270 - __main__ - INFO - Retrained the model & MAE is 44.73967713771914
2025-04-14 01:23:42,590 - __main__ - INFO - Forecast=> 2025-04-08     68.141839
2025-04-09     80.790854
2025-04-10     91.659199
2025-04-11     96.123601
2025-04-12    112.827727
Freq: D, Name: predicted_mean, dtype: float64
2025-04-14 01:23:42,591 - __main__ - INFO - The forecast data has been written to data/cleaned_data/Forecasting_time_series/forecast_sector_51_daily_aqi.csv
2025-04-14 01:23:42,591 - __main__ - INFO - The forecast data has been written to static/data/forecast_sector_51_daily_aqi.csv
2025-04-14 04:21:06,640 - __main__ - INFO - Calling writeData & retrain_model functions.
2025-04-14 04:21:06,650 - __main__ - INFO - df_api columns Index(['AQI'], dtype='object')
2025-04-14 04:21:06,650 - __main__ - INFO - today=> 2025-04-14 & yesterday=> 2025-04-13
2025-04-14 04:21:06,652 - __main__ - INFO - temp_daily_aqi columns Index(['Unnamed: 0', 'Date', 'AQI'], dtype='object')
2025-04-14 04:21:06,655 - __main__ - INFO - temp_daily_aqi[2025-04-13]=> Empty DataFrame
Columns: [Unnamed: 0, AQI]
Index: []
2025-04-14 04:21:06,656 - __main__ - INFO - writeData function - Exception IndexError has occured for station=> data/cleaned_data/Forecasting_time_series/sector_51_daily_aqi.csv
2025-04-14 04:21:06,661 - __main__ - INFO - Re-training the model & train_end is 2025-04-02 00:00:00
2025-04-14 04:21:08,375 - __main__ - INFO - Retrained the model & MAPE is 214.05%
2025-04-14 04:21:08,375 - __main__ - INFO - Retrained the model & MAE is 44.73967713771914
2025-04-14 04:21:09,745 - __main__ - INFO - Forecast=> 2025-04-08     68.141839
2025-04-09     80.790854
2025-04-10     91.659199
2025-04-11     96.123601
2025-04-12    112.827727
Freq: D, Name: predicted_mean, dtype: float64
2025-04-14 04:21:09,746 - __main__ - INFO - The forecast data has been written to data/cleaned_data/Forecasting_time_series/forecast_sector_51_daily_aqi.csv
2025-04-14 04:21:09,746 - __main__ - INFO - The forecast data has been written to static/data/forecast_sector_51_daily_aqi.csv
2025-04-14 08:24:22,491 - __main__ - INFO - Calling writeData & retrain_model functions.
2025-04-14 08:24:22,501 - __main__ - INFO - df_api columns Index(['AQI'], dtype='object')
2025-04-14 08:24:22,501 - __main__ - INFO - today=> 2025-04-14 & yesterday=> 2025-04-13
2025-04-14 08:24:22,503 - __main__ - INFO - temp_daily_aqi columns Index(['Unnamed: 0', 'Date', 'AQI'], dtype='object')
2025-04-14 08:24:22,505 - __main__ - INFO - temp_daily_aqi[2025-04-13]=> Empty DataFrame
Columns: [Unnamed: 0, AQI]
Index: []
2025-04-14 08:24:22,506 - __main__ - INFO - writeData function - Exception IndexError has occured for station=> data/cleaned_data/Forecasting_time_series/sector_51_daily_aqi.csv
2025-04-14 08:24:22,511 - __main__ - INFO - Re-training the model & train_end is 2025-04-02 00:00:00
2025-04-14 08:24:23,912 - __main__ - INFO - Retrained the model & MAPE is 214.05%
2025-04-14 08:24:23,913 - __main__ - INFO - Retrained the model & MAE is 44.73967713771914
2025-04-14 08:24:25,282 - __main__ - INFO - Forecast=> 2025-04-08     68.141839
2025-04-09     80.790854
2025-04-10     91.659199
2025-04-11     96.123601
2025-04-12    112.827727
Freq: D, Name: predicted_mean, dtype: float64
2025-04-14 08:24:25,283 - __main__ - INFO - The forecast data has been written to data/cleaned_data/Forecasting_time_series/forecast_sector_51_daily_aqi.csv
2025-04-14 08:24:25,283 - __main__ - INFO - The forecast data has been written to static/data/forecast_sector_51_daily_aqi.csv
2025-04-14 12:35:54,604 - __main__ - INFO - Calling writeData & retrain_model functions.
2025-04-14 12:35:54,614 - __main__ - INFO - df_api columns Index(['AQI'], dtype='object')
2025-04-14 12:35:54,614 - __main__ - INFO - today=> 2025-04-14 & yesterday=> 2025-04-13
2025-04-14 12:35:54,616 - __main__ - INFO - temp_daily_aqi columns Index(['Unnamed: 0', 'Date', 'AQI'], dtype='object')
2025-04-14 12:35:54,619 - __main__ - INFO - temp_daily_aqi[2025-04-13]=> Empty DataFrame
Columns: [Unnamed: 0, AQI]
Index: []
2025-04-14 12:35:54,620 - __main__ - INFO - writeData function - Exception IndexError has occured for station=> data/cleaned_data/Forecasting_time_series/sector_51_daily_aqi.csv
2025-04-14 12:35:54,625 - __main__ - INFO - Re-training the model & train_end is 2025-04-02 00:00:00
2025-04-14 12:35:56,026 - __main__ - INFO - Retrained the model & MAPE is 214.05%
2025-04-14 12:35:56,026 - __main__ - INFO - Retrained the model & MAE is 44.73967713771914
2025-04-14 12:35:57,369 - __main__ - INFO - Forecast=> 2025-04-08     68.141839
2025-04-09     80.790854
2025-04-10     91.659199
2025-04-11     96.123601
2025-04-12    112.827727
Freq: D, Name: predicted_mean, dtype: float64
2025-04-14 12:35:57,370 - __main__ - INFO - The forecast data has been written to data/cleaned_data/Forecasting_time_series/forecast_sector_51_daily_aqi.csv
2025-04-14 12:35:57,370 - __main__ - INFO - The forecast data has been written to static/data/forecast_sector_51_daily_aqi.csv
2025-04-14 16:22:34,816 - __main__ - INFO - Calling writeData & retrain_model functions.
2025-04-14 16:22:34,826 - __main__ - INFO - df_api columns Index(['AQI'], dtype='object')
2025-04-14 16:22:34,826 - __main__ - INFO - today=> 2025-04-14 & yesterday=> 2025-04-13
2025-04-14 16:22:34,828 - __main__ - INFO - temp_daily_aqi columns Index(['Unnamed: 0', 'Date', 'AQI'], dtype='object')
2025-04-14 16:22:34,830 - __main__ - INFO - temp_daily_aqi[2025-04-13]=> Empty DataFrame
Columns: [Unnamed: 0, AQI]
Index: []
2025-04-14 16:22:34,831 - __main__ - INFO - writeData function - Exception IndexError has occured for station=> data/cleaned_data/Forecasting_time_series/sector_51_daily_aqi.csv
2025-04-14 16:22:34,836 - __main__ - INFO - Re-training the model & train_end is 2025-04-02 00:00:00
2025-04-14 16:22:36,405 - __main__ - INFO - Retrained the model & MAPE is 214.05%
2025-04-14 16:22:36,405 - __main__ - INFO - Retrained the model & MAE is 44.73967713771914
2025-04-14 16:22:37,762 - __main__ - INFO - Forecast=> 2025-04-08     68.141839
2025-04-09     80.790854
2025-04-10     91.659199
2025-04-11     96.123601
2025-04-12    112.827727
Freq: D, Name: predicted_mean, dtype: float64
2025-04-14 16:22:37,763 - __main__ - INFO - The forecast data has been written to data/cleaned_data/Forecasting_time_series/forecast_sector_51_daily_aqi.csv
2025-04-14 16:22:37,763 - __main__ - INFO - The forecast data has been written to static/data/forecast_sector_51_daily_aqi.csv
