2025-02-15 01:13:06,555 - __main__ - INFO - df_api columns Index(['AQI'], dtype='object')
2025-02-15 01:13:06,555 - __main__ - INFO - today=> 2025-02-15 & yesterday=> 2025-02-14
2025-02-15 01:13:06,557 - __main__ - INFO - temp_daily_aqi columns Index(['Unnamed: 0', 'Date', 'AQI'], dtype='object')
2025-02-15 01:13:06,560 - __main__ - INFO - temp_daily_aqi[2025-02-14]=> Empty DataFrame
Columns: [Unnamed: 0, AQI]
Index: []
2025-02-15 01:13:06,561 - __main__ - INFO - Index => 1807, yesterday => 2025-02-14 & AQI => 133.0
2025-02-15 01:13:06,561 - __main__ - INFO - Daily AQI data has been written to data/cleaned_data/Forecasting_time_series/sector_51_daily_aqi.csv
2025-02-15 01:13:06,561 - __main__ - INFO - Index => 1807, yesterday => 2025-02-14 & AQI => 133.0
2025-02-15 01:13:06,562 - __main__ - INFO - Daily AQI data has been written to static/data/sector_51_daily_aqi.csv
2025-02-15 01:13:06,567 - __main__ - INFO - Re-training the model & train_end is 2025-02-09 00:00:00
2025-02-15 01:13:08,166 - __main__ - INFO - Retrained the model & MAPE is 26.98%
2025-02-15 01:13:08,166 - __main__ - INFO - Retrained the model & MAE is 51.85679322064368
2025-02-15 01:13:09,709 - __main__ - INFO - Forecast=> 2025-02-15    147.793084
2025-02-16    144.409630
2025-02-17    165.958837
2025-02-18    164.935722
2025-02-19    168.547371
Freq: D, Name: predicted_mean, dtype: float64
2025-02-15 01:13:09,710 - __main__ - INFO - The forecast data has been written to data/cleaned_data/Forecasting_time_series/forecast_sector_51_daily_aqi.csv
2025-02-15 01:13:09,710 - __main__ - INFO - The forecast data has been written to static/data/forecast_sector_51_daily_aqi.csv
2025-02-15 16:17:48,678 - __main__ - INFO - station=> Sector-51, Gurugram, result => ['378', 'Sector-51, Gurugram, India', Timestamp('2025-02-15 21:00:00')]
2025-02-15 16:17:48,678 - __main__ - INFO - The hourly data has been written to data/cron_job_data/sector_51_cron_output.csv with Timestamp: 2025-02-15 21:00:00
2025-02-15 16:17:49,140 - __main__ - INFO - station=> Sector-51, Gurugram, result => ['378', 'Sector-51, Gurugram, India', Timestamp('2025-02-15 21:00:00')]
2025-02-15 16:17:49,140 - __main__ - INFO - The hourly data has been written to static/data/sector_51_cron_output.csv with Timestamp: 2025-02-15 21:00:00
2025-02-15 20:16:06,026 - __main__ - INFO - station=> Sector-51, Gurugram, result => ['389', 'Sector-51, Gurugram, India', Timestamp('2025-02-16 01:00:00')]
2025-02-15 20:16:06,026 - __main__ - INFO - The hourly data has been written to data/cron_job_data/sector_51_cron_output.csv with Timestamp: 2025-02-16 01:00:00
2025-02-15 20:16:06,644 - __main__ - INFO - station=> Sector-51, Gurugram, result => ['389', 'Sector-51, Gurugram, India', Timestamp('2025-02-16 01:00:00')]
2025-02-15 20:16:06,645 - __main__ - INFO - The hourly data has been written to static/data/sector_51_cron_output.csv with Timestamp: 2025-02-16 01:00:00
