2025-03-15 01:16:49,880 - __main__ - INFO - station=> Sector-51, Gurugram, result => ['61', 'Sector-51, Gurugram, India', Timestamp('2025-03-15 06:00:00')]
2025-03-15 01:16:49,880 - __main__ - INFO - The hourly data has been written to data/cron_job_data/sector_51_cron_output.csv with Timestamp: 2025-03-15 06:00:00
2025-03-15 01:16:50,510 - __main__ - INFO - station=> Sector-51, Gurugram, result => ['61', 'Sector-51, Gurugram, India', Timestamp('2025-03-15 06:00:00')]
2025-03-15 01:16:50,510 - __main__ - INFO - The hourly data has been written to static/data/sector_51_cron_output.csv with Timestamp: 2025-03-15 06:00:00
2025-03-15 01:16:50,578 - __main__ - INFO - df_api columns Index(['AQI'], dtype='object')
2025-03-15 01:16:50,579 - __main__ - INFO - today=> 2025-03-15 & yesterday=> 2025-03-14
2025-03-15 01:16:50,580 - __main__ - INFO - temp_daily_aqi columns Index(['Unnamed: 0', 'Date', 'AQI'], dtype='object')
2025-03-15 01:16:50,583 - __main__ - INFO - temp_daily_aqi[2025-03-14]=> Empty DataFrame
Columns: [Unnamed: 0, AQI]
Index: []
2025-03-15 01:16:50,583 - __main__ - INFO - Index => 1835, yesterday => 2025-03-14 & AQI => 125.0
2025-03-15 01:16:50,584 - __main__ - INFO - Daily AQI data has been written to data/cleaned_data/Forecasting_time_series/sector_51_daily_aqi.csv
2025-03-15 01:16:50,584 - __main__ - INFO - Index => 1835, yesterday => 2025-03-14 & AQI => 125.0
2025-03-15 01:16:50,584 - __main__ - INFO - Daily AQI data has been written to static/data/sector_51_daily_aqi.csv
2025-03-15 01:16:50,590 - __main__ - INFO - Re-training the model & train_end is 2025-03-09 00:00:00
2025-03-15 01:16:52,102 - __main__ - INFO - Retrained the model & MAPE is 21.07%
2025-03-15 01:16:52,103 - __main__ - INFO - Retrained the model & MAE is 30.542813118081416
2025-03-15 01:16:53,549 - __main__ - INFO - Forecast=> 2025-03-15    147.833782
2025-03-16    142.194164
2025-03-17    162.885316
2025-03-18    163.399903
2025-03-19    164.300380
Freq: D, Name: predicted_mean, dtype: float64
2025-03-15 01:16:53,549 - __main__ - INFO - The forecast data has been written to data/cleaned_data/Forecasting_time_series/forecast_sector_51_daily_aqi.csv
2025-03-15 01:16:53,549 - __main__ - INFO - The forecast data has been written to static/data/forecast_sector_51_daily_aqi.csv
