2025-04-15 01:22:54,905 - __main__ - INFO - Calling writeData & retrain_model functions.
2025-04-15 01:22:54,916 - __main__ - INFO - df_api columns Index(['AQI'], dtype='object')
2025-04-15 01:22:54,916 - __main__ - INFO - today=> 2025-04-15 & yesterday=> 2025-04-14
2025-04-15 01:22:54,918 - __main__ - INFO - temp_daily_aqi columns Index(['Unnamed: 0', 'Date', 'AQI'], dtype='object')
2025-04-15 01:22:54,920 - __main__ - INFO - temp_daily_aqi[2025-04-14]=> Empty DataFrame
Columns: [Unnamed: 0, AQI]
Index: []
2025-04-15 01:22:54,921 - __main__ - INFO - writeData function - Exception IndexError has occured for station=> data/cleaned_data/Forecasting_time_series/sector_51_daily_aqi.csv
2025-04-15 01:22:54,926 - __main__ - INFO - Re-training the model & train_end is 2025-04-02 00:00:00
2025-04-15 01:22:56,568 - __main__ - INFO - Retrained the model & MAPE is 214.05%
2025-04-15 01:22:56,568 - __main__ - INFO - Retrained the model & MAE is 44.73967713771914
2025-04-15 01:22:58,018 - __main__ - INFO - Forecast=> 2025-04-08     68.141839
2025-04-09     80.790854
2025-04-10     91.659199
2025-04-11     96.123601
2025-04-12    112.827727
Freq: D, Name: predicted_mean, dtype: float64
2025-04-15 01:22:58,018 - __main__ - INFO - The forecast data has been written to data/cleaned_data/Forecasting_time_series/forecast_sector_51_daily_aqi.csv
2025-04-15 01:22:58,019 - __main__ - INFO - The forecast data has been written to static/data/forecast_sector_51_daily_aqi.csv
2025-04-15 04:21:31,006 - __main__ - INFO - Calling writeData & retrain_model functions.
2025-04-15 04:21:31,016 - __main__ - INFO - df_api columns Index(['AQI'], dtype='object')
2025-04-15 04:21:31,016 - __main__ - INFO - today=> 2025-04-15 & yesterday=> 2025-04-14
2025-04-15 04:21:31,018 - __main__ - INFO - temp_daily_aqi columns Index(['Unnamed: 0', 'Date', 'AQI'], dtype='object')
2025-04-15 04:21:31,020 - __main__ - INFO - temp_daily_aqi[2025-04-14]=> Empty DataFrame
Columns: [Unnamed: 0, AQI]
Index: []
2025-04-15 04:21:31,021 - __main__ - INFO - writeData function - Exception IndexError has occured for station=> data/cleaned_data/Forecasting_time_series/sector_51_daily_aqi.csv
2025-04-15 04:21:31,026 - __main__ - INFO - Re-training the model & train_end is 2025-04-02 00:00:00
2025-04-15 04:21:32,430 - __main__ - INFO - Retrained the model & MAPE is 214.05%
2025-04-15 04:21:32,430 - __main__ - INFO - Retrained the model & MAE is 44.73967713771914
2025-04-15 04:21:33,811 - __main__ - INFO - Forecast=> 2025-04-08     68.141839
2025-04-09     80.790854
2025-04-10     91.659199
2025-04-11     96.123601
2025-04-12    112.827727
Freq: D, Name: predicted_mean, dtype: float64
2025-04-15 04:21:33,811 - __main__ - INFO - The forecast data has been written to data/cleaned_data/Forecasting_time_series/forecast_sector_51_daily_aqi.csv
2025-04-15 04:21:33,812 - __main__ - INFO - The forecast data has been written to static/data/forecast_sector_51_daily_aqi.csv
2025-04-15 08:24:37,234 - __main__ - INFO - Calling writeData & retrain_model functions.
2025-04-15 08:24:37,244 - __main__ - INFO - df_api columns Index(['AQI'], dtype='object')
2025-04-15 08:24:37,245 - __main__ - INFO - today=> 2025-04-15 & yesterday=> 2025-04-14
2025-04-15 08:24:37,247 - __main__ - INFO - temp_daily_aqi columns Index(['Unnamed: 0', 'Date', 'AQI'], dtype='object')
2025-04-15 08:24:37,249 - __main__ - INFO - temp_daily_aqi[2025-04-14]=> Empty DataFrame
Columns: [Unnamed: 0, AQI]
Index: []
2025-04-15 08:24:37,250 - __main__ - INFO - writeData function - Exception IndexError has occured for station=> data/cleaned_data/Forecasting_time_series/sector_51_daily_aqi.csv
2025-04-15 08:24:37,255 - __main__ - INFO - Re-training the model & train_end is 2025-04-02 00:00:00
2025-04-15 08:24:38,726 - __main__ - INFO - Retrained the model & MAPE is 214.05%
2025-04-15 08:24:38,727 - __main__ - INFO - Retrained the model & MAE is 44.73967713771914
2025-04-15 08:24:40,064 - __main__ - INFO - Forecast=> 2025-04-08     68.141839
2025-04-09     80.790854
2025-04-10     91.659199
2025-04-11     96.123601
2025-04-12    112.827727
Freq: D, Name: predicted_mean, dtype: float64
2025-04-15 08:24:40,065 - __main__ - INFO - The forecast data has been written to data/cleaned_data/Forecasting_time_series/forecast_sector_51_daily_aqi.csv
2025-04-15 08:24:40,065 - __main__ - INFO - The forecast data has been written to static/data/forecast_sector_51_daily_aqi.csv
2025-04-15 12:35:44,606 - __main__ - INFO - Calling writeData & retrain_model functions.
2025-04-15 12:35:44,615 - __main__ - INFO - df_api columns Index(['AQI'], dtype='object')
2025-04-15 12:35:44,616 - __main__ - INFO - today=> 2025-04-15 & yesterday=> 2025-04-14
2025-04-15 12:35:44,617 - __main__ - INFO - temp_daily_aqi columns Index(['Unnamed: 0', 'Date', 'AQI'], dtype='object')
2025-04-15 12:35:44,620 - __main__ - INFO - temp_daily_aqi[2025-04-14]=> Empty DataFrame
Columns: [Unnamed: 0, AQI]
Index: []
2025-04-15 12:35:44,621 - __main__ - INFO - writeData function - Exception IndexError has occured for station=> data/cleaned_data/Forecasting_time_series/sector_51_daily_aqi.csv
2025-04-15 12:35:44,626 - __main__ - INFO - Re-training the model & train_end is 2025-04-02 00:00:00
2025-04-15 12:35:46,084 - __main__ - INFO - Retrained the model & MAPE is 214.05%
2025-04-15 12:35:46,085 - __main__ - INFO - Retrained the model & MAE is 44.73967713771914
2025-04-15 12:35:47,443 - __main__ - INFO - Forecast=> 2025-04-08     68.141839
2025-04-09     80.790854
2025-04-10     91.659199
2025-04-11     96.123601
2025-04-12    112.827727
Freq: D, Name: predicted_mean, dtype: float64
2025-04-15 12:35:47,444 - __main__ - INFO - The forecast data has been written to data/cleaned_data/Forecasting_time_series/forecast_sector_51_daily_aqi.csv
2025-04-15 12:35:47,444 - __main__ - INFO - The forecast data has been written to static/data/forecast_sector_51_daily_aqi.csv
2025-04-15 16:20:50,193 - __main__ - INFO - Calling writeData & retrain_model functions.
2025-04-15 16:20:50,203 - __main__ - INFO - df_api columns Index(['AQI'], dtype='object')
2025-04-15 16:20:50,203 - __main__ - INFO - today=> 2025-04-15 & yesterday=> 2025-04-14
2025-04-15 16:20:50,205 - __main__ - INFO - temp_daily_aqi columns Index(['Unnamed: 0', 'Date', 'AQI'], dtype='object')
2025-04-15 16:20:50,208 - __main__ - INFO - temp_daily_aqi[2025-04-14]=> Empty DataFrame
Columns: [Unnamed: 0, AQI]
Index: []
2025-04-15 16:20:50,208 - __main__ - INFO - writeData function - Exception IndexError has occured for station=> data/cleaned_data/Forecasting_time_series/sector_51_daily_aqi.csv
2025-04-15 16:20:50,214 - __main__ - INFO - Re-training the model & train_end is 2025-04-02 00:00:00
2025-04-15 16:20:51,613 - __main__ - INFO - Retrained the model & MAPE is 214.05%
2025-04-15 16:20:51,614 - __main__ - INFO - Retrained the model & MAE is 44.73967713771914
2025-04-15 16:20:52,975 - __main__ - INFO - Forecast=> 2025-04-08     68.141839
2025-04-09     80.790854
2025-04-10     91.659199
2025-04-11     96.123601
2025-04-12    112.827727
Freq: D, Name: predicted_mean, dtype: float64
2025-04-15 16:20:52,976 - __main__ - INFO - The forecast data has been written to data/cleaned_data/Forecasting_time_series/forecast_sector_51_daily_aqi.csv
2025-04-15 16:20:52,976 - __main__ - INFO - The forecast data has been written to static/data/forecast_sector_51_daily_aqi.csv
