2024-11-15 01:18:21,367 - __main__ - INFO - station=> Sector-51, Gurugram, result => ['186', 'Sector-51, Gurugram, India', Timestamp('2024-11-15 06:00:00')]
2024-11-15 01:18:21,367 - __main__ - INFO - The hourly data has been written to data/cron_job_data/sector_51_cron_output.csv with Timestamp: 2024-11-15 06:00:00
2024-11-15 01:18:21,838 - __main__ - INFO - station=> Sector-51, Gurugram, result => ['186', 'Sector-51, Gurugram, India', Timestamp('2024-11-15 06:00:00')]
2024-11-15 01:18:21,838 - __main__ - INFO - The hourly data has been written to static/data/sector_51_cron_output.csv with Timestamp: 2024-11-15 06:00:00
2024-11-15 01:18:21,897 - __main__ - INFO - df_api columns Index(['AQI'], dtype='object')
2024-11-15 01:18:21,897 - __main__ - INFO - today=> 2024-11-15 & yesterday=> 2024-11-14
2024-11-15 01:18:21,899 - __main__ - INFO - temp_daily_aqi columns Index(['Unnamed: 0', 'Date', 'AQI'], dtype='object')
2024-11-15 01:18:21,901 - __main__ - INFO - temp_daily_aqi[2024-11-14]=> Empty DataFrame
Columns: [Unnamed: 0, AQI]
Index: []
2024-11-15 01:18:21,902 - __main__ - INFO - Index => 1715, yesterday => 2024-11-14 & AQI => 215.0
2024-11-15 01:18:21,902 - __main__ - INFO - Daily AQI data has been written to data/cleaned_data/Forecasting_time_series/sector_51_daily_aqi.csv
2024-11-15 01:18:21,903 - __main__ - INFO - Index => 1715, yesterday => 2024-11-14 & AQI => 215.0
2024-11-15 01:18:21,903 - __main__ - INFO - Daily AQI data has been written to static/data/sector_51_daily_aqi.csv
2024-11-15 01:18:21,908 - __main__ - INFO - Re-training the model & train_end is 2024-11-09 00:00:00
2024-11-15 01:18:23,302 - __main__ - INFO - Retrained the model & MAPE is 17.54%
2024-11-15 01:18:23,302 - __main__ - INFO - Retrained the model & MAE is 38.2742213631774
2024-11-15 01:18:24,675 - __main__ - INFO - Forecast=> 2024-11-15    208.862614
2024-11-16    217.406775
2024-11-17    201.422067
2024-11-18    213.391975
2024-11-19    200.911668
Freq: D, Name: predicted_mean, dtype: float64
2024-11-15 01:18:24,676 - __main__ - INFO - The forecast data has been written to data/cleaned_data/Forecasting_time_series/forecast_sector_51_daily_aqi.csv
2024-11-15 01:18:24,676 - __main__ - INFO - The forecast data has been written to static/data/forecast_sector_51_daily_aqi.csv
2024-11-15 04:20:31,543 - __main__ - INFO - station=> Sector-51, Gurugram, result => ['180', 'Sector-51, Gurugram, India', Timestamp('2024-11-15 08:00:00')]
2024-11-15 04:20:31,543 - __main__ - INFO - The hourly data has been written to data/cron_job_data/sector_51_cron_output.csv with Timestamp: 2024-11-15 08:00:00
2024-11-15 04:20:32,171 - __main__ - INFO - station=> Sector-51, Gurugram, result => ['180', 'Sector-51, Gurugram, India', Timestamp('2024-11-15 08:00:00')]
2024-11-15 04:20:32,171 - __main__ - INFO - The hourly data has been written to static/data/sector_51_cron_output.csv with Timestamp: 2024-11-15 08:00:00
2024-11-15 12:32:59,724 - __main__ - INFO - station=> Sector-51, Gurugram, result => ['167', 'Sector-51, Gurugram, India', Timestamp('2024-11-15 17:00:00')]
2024-11-15 12:32:59,724 - __main__ - INFO - The hourly data has been written to data/cron_job_data/sector_51_cron_output.csv with Timestamp: 2024-11-15 17:00:00
2024-11-15 12:33:00,193 - __main__ - INFO - station=> Sector-51, Gurugram, result => ['167', 'Sector-51, Gurugram, India', Timestamp('2024-11-15 17:00:00')]
2024-11-15 12:33:00,193 - __main__ - INFO - The hourly data has been written to static/data/sector_51_cron_output.csv with Timestamp: 2024-11-15 17:00:00
