2025-04-16 01:22:25,849 - __main__ - INFO - Calling writeData & retrain_model functions.
2025-04-16 01:22:25,859 - __main__ - INFO - df_api columns Index(['AQI'], dtype='object')
2025-04-16 01:22:25,859 - __main__ - INFO - today=> 2025-04-16 & yesterday=> 2025-04-15
2025-04-16 01:22:25,861 - __main__ - INFO - temp_daily_aqi columns Index(['Unnamed: 0', 'Date', 'AQI'], dtype='object')
2025-04-16 01:22:25,863 - __main__ - INFO - temp_daily_aqi[2025-04-15]=> Empty DataFrame
Columns: [Unnamed: 0, AQI]
Index: []
2025-04-16 01:22:25,864 - __main__ - INFO - writeData function - Exception IndexError has occured for station=> data/cleaned_data/Forecasting_time_series/sector_51_daily_aqi.csv
2025-04-16 01:22:25,869 - __main__ - INFO - Re-training the model & train_end is 2025-04-02 00:00:00
2025-04-16 01:22:27,521 - __main__ - INFO - Retrained the model & MAPE is 214.05%
2025-04-16 01:22:27,521 - __main__ - INFO - Retrained the model & MAE is 44.73967713771914
2025-04-16 01:22:28,961 - __main__ - INFO - Forecast=> 2025-04-08     68.141839
2025-04-09     80.790854
2025-04-10     91.659199
2025-04-11     96.123601
2025-04-12    112.827727
Freq: D, Name: predicted_mean, dtype: float64
2025-04-16 01:22:28,961 - __main__ - INFO - The forecast data has been written to data/cleaned_data/Forecasting_time_series/forecast_sector_51_daily_aqi.csv
2025-04-16 01:22:28,962 - __main__ - INFO - The forecast data has been written to static/data/forecast_sector_51_daily_aqi.csv
2025-04-16 04:21:08,958 - __main__ - INFO - Calling writeData & retrain_model functions.
2025-04-16 04:21:08,968 - __main__ - INFO - df_api columns Index(['AQI'], dtype='object')
2025-04-16 04:21:08,968 - __main__ - INFO - today=> 2025-04-16 & yesterday=> 2025-04-15
2025-04-16 04:21:08,970 - __main__ - INFO - temp_daily_aqi columns Index(['Unnamed: 0', 'Date', 'AQI'], dtype='object')
2025-04-16 04:21:08,973 - __main__ - INFO - temp_daily_aqi[2025-04-15]=> Empty DataFrame
Columns: [Unnamed: 0, AQI]
Index: []
2025-04-16 04:21:08,973 - __main__ - INFO - writeData function - Exception IndexError has occured for station=> data/cleaned_data/Forecasting_time_series/sector_51_daily_aqi.csv
2025-04-16 04:21:08,978 - __main__ - INFO - Re-training the model & train_end is 2025-04-02 00:00:00
2025-04-16 04:21:10,513 - __main__ - INFO - Retrained the model & MAPE is 214.05%
2025-04-16 04:21:10,514 - __main__ - INFO - Retrained the model & MAE is 44.73967713771914
2025-04-16 04:21:12,088 - __main__ - INFO - Forecast=> 2025-04-08     68.141839
2025-04-09     80.790854
2025-04-10     91.659199
2025-04-11     96.123601
2025-04-12    112.827727
Freq: D, Name: predicted_mean, dtype: float64
2025-04-16 04:21:12,106 - __main__ - INFO - The forecast data has been written to data/cleaned_data/Forecasting_time_series/forecast_sector_51_daily_aqi.csv
2025-04-16 04:21:12,106 - __main__ - INFO - The forecast data has been written to static/data/forecast_sector_51_daily_aqi.csv
2025-04-16 08:24:27,239 - __main__ - INFO - Calling writeData & retrain_model functions.
2025-04-16 08:24:27,249 - __main__ - INFO - df_api columns Index(['AQI'], dtype='object')
2025-04-16 08:24:27,249 - __main__ - INFO - today=> 2025-04-16 & yesterday=> 2025-04-15
2025-04-16 08:24:27,251 - __main__ - INFO - temp_daily_aqi columns Index(['Unnamed: 0', 'Date', 'AQI'], dtype='object')
2025-04-16 08:24:27,254 - __main__ - INFO - temp_daily_aqi[2025-04-15]=> Empty DataFrame
Columns: [Unnamed: 0, AQI]
Index: []
2025-04-16 08:24:27,255 - __main__ - INFO - writeData function - Exception IndexError has occured for station=> data/cleaned_data/Forecasting_time_series/sector_51_daily_aqi.csv
2025-04-16 08:24:27,260 - __main__ - INFO - Re-training the model & train_end is 2025-04-02 00:00:00
2025-04-16 08:24:28,669 - __main__ - INFO - Retrained the model & MAPE is 214.05%
2025-04-16 08:24:28,670 - __main__ - INFO - Retrained the model & MAE is 44.73967713771914
2025-04-16 08:24:30,044 - __main__ - INFO - Forecast=> 2025-04-08     68.141839
2025-04-09     80.790854
2025-04-10     91.659199
2025-04-11     96.123601
2025-04-12    112.827727
Freq: D, Name: predicted_mean, dtype: float64
2025-04-16 08:24:30,045 - __main__ - INFO - The forecast data has been written to data/cleaned_data/Forecasting_time_series/forecast_sector_51_daily_aqi.csv
2025-04-16 08:24:30,045 - __main__ - INFO - The forecast data has been written to static/data/forecast_sector_51_daily_aqi.csv
2025-04-16 12:36:03,920 - __main__ - INFO - Calling writeData & retrain_model functions.
2025-04-16 12:36:03,931 - __main__ - INFO - df_api columns Index(['AQI'], dtype='object')
2025-04-16 12:36:03,931 - __main__ - INFO - today=> 2025-04-16 & yesterday=> 2025-04-15
2025-04-16 12:36:03,933 - __main__ - INFO - temp_daily_aqi columns Index(['Unnamed: 0', 'Date', 'AQI'], dtype='object')
2025-04-16 12:36:03,935 - __main__ - INFO - temp_daily_aqi[2025-04-15]=> Empty DataFrame
Columns: [Unnamed: 0, AQI]
Index: []
2025-04-16 12:36:03,936 - __main__ - INFO - writeData function - Exception IndexError has occured for station=> data/cleaned_data/Forecasting_time_series/sector_51_daily_aqi.csv
2025-04-16 12:36:03,941 - __main__ - INFO - Re-training the model & train_end is 2025-04-02 00:00:00
2025-04-16 12:36:05,405 - __main__ - INFO - Retrained the model & MAPE is 214.05%
2025-04-16 12:36:05,405 - __main__ - INFO - Retrained the model & MAE is 44.73967713771914
2025-04-16 12:36:06,779 - __main__ - INFO - Forecast=> 2025-04-08     68.141839
2025-04-09     80.790854
2025-04-10     91.659199
2025-04-11     96.123601
2025-04-12    112.827727
Freq: D, Name: predicted_mean, dtype: float64
2025-04-16 12:36:06,780 - __main__ - INFO - The forecast data has been written to data/cleaned_data/Forecasting_time_series/forecast_sector_51_daily_aqi.csv
2025-04-16 12:36:06,780 - __main__ - INFO - The forecast data has been written to static/data/forecast_sector_51_daily_aqi.csv
