2025-02-16 01:19:51,632 - __main__ - INFO - station=> Sector-51, Gurugram, result => ['223', 'Sector-51, Gurugram, India', Timestamp('2025-02-16 06:00:00')]
2025-02-16 01:19:51,633 - __main__ - INFO - The hourly data has been written to data/cron_job_data/sector_51_cron_output.csv with Timestamp: 2025-02-16 06:00:00
2025-02-16 01:19:52,333 - __main__ - INFO - station=> Sector-51, Gurugram, result => ['223', 'Sector-51, Gurugram, India', Timestamp('2025-02-16 06:00:00')]
2025-02-16 01:19:52,333 - __main__ - INFO - The hourly data has been written to static/data/sector_51_cron_output.csv with Timestamp: 2025-02-16 06:00:00
2025-02-16 01:19:52,402 - __main__ - INFO - df_api columns Index(['AQI'], dtype='object')
2025-02-16 01:19:52,402 - __main__ - INFO - today=> 2025-02-16 & yesterday=> 2025-02-15
2025-02-16 01:19:52,404 - __main__ - INFO - temp_daily_aqi columns Index(['Unnamed: 0', 'Date', 'AQI'], dtype='object')
2025-02-16 01:19:52,407 - __main__ - INFO - temp_daily_aqi[2025-02-15]=> Empty DataFrame
Columns: [Unnamed: 0, AQI]
Index: []
2025-02-16 01:19:52,407 - __main__ - INFO - Index => 1808, yesterday => 2025-02-15 & AQI => 378.0
2025-02-16 01:19:52,407 - __main__ - INFO - Daily AQI data has been written to data/cleaned_data/Forecasting_time_series/sector_51_daily_aqi.csv
2025-02-16 01:19:52,408 - __main__ - INFO - Index => 1808, yesterday => 2025-02-15 & AQI => 378.0
2025-02-16 01:19:52,408 - __main__ - INFO - Daily AQI data has been written to static/data/sector_51_daily_aqi.csv
2025-02-16 01:19:52,413 - __main__ - INFO - Re-training the model & train_end is 2025-02-10 00:00:00
2025-02-16 01:19:53,872 - __main__ - INFO - Retrained the model & MAPE is 42.19%
2025-02-16 01:19:53,872 - __main__ - INFO - Retrained the model & MAE is 83.07781921662725
2025-02-16 01:19:55,264 - __main__ - INFO - Forecast=> 2025-02-16    282.691863
2025-02-17    289.216157
2025-02-18    275.843892
2025-02-19    267.989966
2025-02-20    260.816197
Freq: D, Name: predicted_mean, dtype: float64
2025-02-16 01:19:55,264 - __main__ - INFO - The forecast data has been written to data/cleaned_data/Forecasting_time_series/forecast_sector_51_daily_aqi.csv
2025-02-16 01:19:55,265 - __main__ - INFO - The forecast data has been written to static/data/forecast_sector_51_daily_aqi.csv
2025-02-16 04:18:45,789 - __main__ - INFO - station=> Sector-51, Gurugram, result => ['223', 'Sector-51, Gurugram, India', Timestamp('2025-02-16 09:00:00')]
2025-02-16 04:18:45,790 - __main__ - INFO - The hourly data has been written to data/cron_job_data/sector_51_cron_output.csv with Timestamp: 2025-02-16 09:00:00
2025-02-16 04:18:46,452 - __main__ - INFO - station=> Sector-51, Gurugram, result => ['223', 'Sector-51, Gurugram, India', Timestamp('2025-02-16 09:00:00')]
2025-02-16 04:18:46,452 - __main__ - INFO - The hourly data has been written to static/data/sector_51_cron_output.csv with Timestamp: 2025-02-16 09:00:00
2025-02-16 08:18:45,333 - __main__ - INFO - station=> Sector-51, Gurugram, result => ['191', 'Sector-51, Gurugram, India', Timestamp('2025-02-16 13:00:00')]
2025-02-16 08:18:45,333 - __main__ - INFO - The hourly data has been written to data/cron_job_data/sector_51_cron_output.csv with Timestamp: 2025-02-16 13:00:00
2025-02-16 08:18:45,800 - __main__ - INFO - station=> Sector-51, Gurugram, result => ['191', 'Sector-51, Gurugram, India', Timestamp('2025-02-16 13:00:00')]
2025-02-16 08:18:45,800 - __main__ - INFO - The hourly data has been written to static/data/sector_51_cron_output.csv with Timestamp: 2025-02-16 13:00:00
2025-02-16 12:31:25,333 - __main__ - INFO - station=> Sector-51, Gurugram, result => ['155', 'Sector-51, Gurugram, India', Timestamp('2025-02-16 16:00:00')]
2025-02-16 12:31:25,333 - __main__ - INFO - The hourly data has been written to data/cron_job_data/sector_51_cron_output.csv with Timestamp: 2025-02-16 16:00:00
2025-02-16 12:31:25,798 - __main__ - INFO - station=> Sector-51, Gurugram, result => ['155', 'Sector-51, Gurugram, India', Timestamp('2025-02-16 16:00:00')]
2025-02-16 12:31:25,798 - __main__ - INFO - The hourly data has been written to static/data/sector_51_cron_output.csv with Timestamp: 2025-02-16 16:00:00
2025-02-16 16:17:50,644 - __main__ - INFO - station=> Sector-51, Gurugram, result => ['168', 'Sector-51, Gurugram, India', Timestamp('2025-02-16 21:00:00')]
2025-02-16 16:17:50,644 - __main__ - INFO - The hourly data has been written to data/cron_job_data/sector_51_cron_output.csv with Timestamp: 2025-02-16 21:00:00
2025-02-16 16:17:51,328 - __main__ - INFO - station=> Sector-51, Gurugram, result => ['168', 'Sector-51, Gurugram, India', Timestamp('2025-02-16 21:00:00')]
2025-02-16 16:17:51,328 - __main__ - INFO - The hourly data has been written to static/data/sector_51_cron_output.csv with Timestamp: 2025-02-16 21:00:00
