2024-12-16 01:23:22,834 - __main__ - INFO - station=> Sector-51, Gurugram, result => ['176', 'Sector-51, Gurugram, India', Timestamp('2024-12-16 06:00:00')]
2024-12-16 01:23:22,834 - __main__ - INFO - The hourly data has been written to data/cron_job_data/sector_51_cron_output.csv with Timestamp: 2024-12-16 06:00:00
2024-12-16 01:23:23,523 - __main__ - INFO - station=> Sector-51, Gurugram, result => ['176', 'Sector-51, Gurugram, India', Timestamp('2024-12-16 06:00:00')]
2024-12-16 01:23:23,523 - __main__ - INFO - The hourly data has been written to static/data/sector_51_cron_output.csv with Timestamp: 2024-12-16 06:00:00
2024-12-16 01:23:23,680 - __main__ - INFO - df_api columns Index(['AQI'], dtype='object')
2024-12-16 01:23:23,680 - __main__ - INFO - today=> 2024-12-16 & yesterday=> 2024-12-15
2024-12-16 01:23:23,682 - __main__ - INFO - temp_daily_aqi columns Index(['Unnamed: 0', 'Date', 'AQI'], dtype='object')
2024-12-16 01:23:23,685 - __main__ - INFO - temp_daily_aqi[2024-12-15]=> Empty DataFrame
Columns: [Unnamed: 0, AQI]
Index: []
2024-12-16 01:23:23,685 - __main__ - INFO - Index => 1746, yesterday => 2024-12-15 & AQI => 148.0
2024-12-16 01:23:23,686 - __main__ - INFO - Daily AQI data has been written to data/cleaned_data/Forecasting_time_series/sector_51_daily_aqi.csv
2024-12-16 01:23:23,686 - __main__ - INFO - Index => 1746, yesterday => 2024-12-15 & AQI => 148.0
2024-12-16 01:23:23,686 - __main__ - INFO - Daily AQI data has been written to static/data/sector_51_daily_aqi.csv
2024-12-16 01:23:23,692 - __main__ - INFO - Re-training the model & train_end is 2024-12-10 00:00:00
2024-12-16 01:23:25,206 - __main__ - INFO - Retrained the model & MAPE is 13.73%
2024-12-16 01:23:25,206 - __main__ - INFO - Retrained the model & MAE is 21.269711683980706
2024-12-16 01:23:26,696 - __main__ - INFO - Forecast=> 2024-12-16    173.977216
2024-12-17    160.638590
2024-12-18    165.636638
2024-12-19    174.730831
2024-12-20    169.213577
Freq: D, Name: predicted_mean, dtype: float64
2024-12-16 01:23:26,697 - __main__ - INFO - The forecast data has been written to data/cleaned_data/Forecasting_time_series/forecast_sector_51_daily_aqi.csv
2024-12-16 01:23:26,697 - __main__ - INFO - The forecast data has been written to static/data/forecast_sector_51_daily_aqi.csv
2024-12-16 04:21:13,163 - __main__ - INFO - station=> Sector-51, Gurugram, result => ['170', 'Sector-51, Gurugram, India', Timestamp('2024-12-16 09:00:00')]
2024-12-16 04:21:13,163 - __main__ - INFO - The hourly data has been written to data/cron_job_data/sector_51_cron_output.csv with Timestamp: 2024-12-16 09:00:00
2024-12-16 04:21:13,647 - __main__ - INFO - station=> Sector-51, Gurugram, result => ['170', 'Sector-51, Gurugram, India', Timestamp('2024-12-16 09:00:00')]
2024-12-16 04:21:13,647 - __main__ - INFO - The hourly data has been written to static/data/sector_51_cron_output.csv with Timestamp: 2024-12-16 09:00:00
2024-12-16 08:24:33,882 - __main__ - INFO - station=> Sector-51, Gurugram, result => ['170', 'Sector-51, Gurugram, India', Timestamp('2024-12-16 13:00:00')]
2024-12-16 08:24:33,882 - __main__ - INFO - The hourly data has been written to data/cron_job_data/sector_51_cron_output.csv with Timestamp: 2024-12-16 13:00:00
2024-12-16 08:24:34,571 - __main__ - INFO - station=> Sector-51, Gurugram, result => ['170', 'Sector-51, Gurugram, India', Timestamp('2024-12-16 13:00:00')]
2024-12-16 08:24:34,572 - __main__ - INFO - The hourly data has been written to static/data/sector_51_cron_output.csv with Timestamp: 2024-12-16 13:00:00
2024-12-16 12:36:11,556 - __main__ - INFO - station=> Sector-51, Gurugram, result => ['171', 'Sector-51, Gurugram, India', Timestamp('2024-12-16 17:00:00')]
2024-12-16 12:36:11,556 - __main__ - INFO - The hourly data has been written to data/cron_job_data/sector_51_cron_output.csv with Timestamp: 2024-12-16 17:00:00
2024-12-16 12:36:12,023 - __main__ - INFO - station=> Sector-51, Gurugram, result => ['171', 'Sector-51, Gurugram, India', Timestamp('2024-12-16 17:00:00')]
2024-12-16 12:36:12,023 - __main__ - INFO - The hourly data has been written to static/data/sector_51_cron_output.csv with Timestamp: 2024-12-16 17:00:00
