2024-11-16 01:16:44,067 - __main__ - INFO - station=> Sector-51, Gurugram, result => ['155', 'Sector-51, Gurugram, India', Timestamp('2024-11-16 06:00:00')]
2024-11-16 01:16:44,067 - __main__ - INFO - The hourly data has been written to data/cron_job_data/sector_51_cron_output.csv with Timestamp: 2024-11-16 06:00:00
2024-11-16 01:16:44,534 - __main__ - INFO - station=> Sector-51, Gurugram, result => ['155', 'Sector-51, Gurugram, India', Timestamp('2024-11-16 06:00:00')]
2024-11-16 01:16:44,534 - __main__ - INFO - The hourly data has been written to static/data/sector_51_cron_output.csv with Timestamp: 2024-11-16 06:00:00
2024-11-16 01:16:44,668 - __main__ - INFO - df_api columns Index(['AQI'], dtype='object')
2024-11-16 01:16:44,668 - __main__ - INFO - today=> 2024-11-16 & yesterday=> 2024-11-15
2024-11-16 01:16:44,670 - __main__ - INFO - temp_daily_aqi columns Index(['Unnamed: 0', 'Date', 'AQI'], dtype='object')
2024-11-16 01:16:44,672 - __main__ - INFO - temp_daily_aqi[2024-11-15]=> Empty DataFrame
Columns: [Unnamed: 0, AQI]
Index: []
2024-11-16 01:16:44,673 - __main__ - INFO - Index => 1716, yesterday => 2024-11-15 & AQI => 261.0
2024-11-16 01:16:44,673 - __main__ - INFO - Daily AQI data has been written to data/cleaned_data/Forecasting_time_series/sector_51_daily_aqi.csv
2024-11-16 01:16:44,674 - __main__ - INFO - Index => 1716, yesterday => 2024-11-15 & AQI => 261.0
2024-11-16 01:16:44,674 - __main__ - INFO - Daily AQI data has been written to static/data/sector_51_daily_aqi.csv
2024-11-16 01:16:44,679 - __main__ - INFO - Re-training the model & train_end is 2024-11-10 00:00:00
2024-11-16 01:16:45,951 - __main__ - INFO - Retrained the model & MAPE is 23.52%
2024-11-16 01:16:45,951 - __main__ - INFO - Retrained the model & MAE is 56.189439548783334
2024-11-16 01:16:47,327 - __main__ - INFO - Forecast=> 2024-11-16    249.417436
2024-11-17    230.349088
2024-11-18    239.384323
2024-11-19    224.604123
2024-11-20    222.605115
Freq: D, Name: predicted_mean, dtype: float64
2024-11-16 01:16:47,327 - __main__ - INFO - The forecast data has been written to data/cleaned_data/Forecasting_time_series/forecast_sector_51_daily_aqi.csv
2024-11-16 01:16:47,327 - __main__ - INFO - The forecast data has been written to static/data/forecast_sector_51_daily_aqi.csv
2024-11-16 04:20:17,296 - __main__ - INFO - station=> Sector-51, Gurugram, result => ['124', 'Sector-51, Gurugram, India', Timestamp('2024-11-16 09:00:00')]
2024-11-16 04:20:17,296 - __main__ - INFO - The hourly data has been written to data/cron_job_data/sector_51_cron_output.csv with Timestamp: 2024-11-16 09:00:00
2024-11-16 04:20:17,767 - __main__ - INFO - station=> Sector-51, Gurugram, result => ['124', 'Sector-51, Gurugram, India', Timestamp('2024-11-16 09:00:00')]
2024-11-16 04:20:17,767 - __main__ - INFO - The hourly data has been written to static/data/sector_51_cron_output.csv with Timestamp: 2024-11-16 09:00:00
2024-11-16 08:19:45,446 - __main__ - INFO - station=> Sector-51, Gurugram, result => ['279', 'Sector-51, Gurugram, India', Timestamp('2024-11-16 13:00:00')]
2024-11-16 08:19:45,446 - __main__ - INFO - The hourly data has been written to data/cron_job_data/sector_51_cron_output.csv with Timestamp: 2024-11-16 13:00:00
2024-11-16 08:19:46,074 - __main__ - INFO - station=> Sector-51, Gurugram, result => ['279', 'Sector-51, Gurugram, India', Timestamp('2024-11-16 13:00:00')]
2024-11-16 08:19:46,075 - __main__ - INFO - The hourly data has been written to static/data/sector_51_cron_output.csv with Timestamp: 2024-11-16 13:00:00
2024-11-16 12:30:40,893 - __main__ - INFO - station=> Sector-51, Gurugram, result => ['151', 'Sector-51, Gurugram, India', Timestamp('2024-11-16 17:00:00')]
2024-11-16 12:30:40,893 - __main__ - INFO - The hourly data has been written to data/cron_job_data/sector_51_cron_output.csv with Timestamp: 2024-11-16 17:00:00
2024-11-16 12:30:41,521 - __main__ - INFO - station=> Sector-51, Gurugram, result => ['151', 'Sector-51, Gurugram, India', Timestamp('2024-11-16 17:00:00')]
2024-11-16 12:30:41,521 - __main__ - INFO - The hourly data has been written to static/data/sector_51_cron_output.csv with Timestamp: 2024-11-16 17:00:00
2024-11-16 16:19:56,876 - __main__ - INFO - station=> Sector-51, Gurugram, result => ['357', 'Sector-51, Gurugram, India', Timestamp('2024-11-16 21:00:00')]
2024-11-16 16:19:56,876 - __main__ - INFO - The hourly data has been written to data/cron_job_data/sector_51_cron_output.csv with Timestamp: 2024-11-16 21:00:00
2024-11-16 16:19:57,500 - __main__ - INFO - station=> Sector-51, Gurugram, result => ['357', 'Sector-51, Gurugram, India', Timestamp('2024-11-16 21:00:00')]
2024-11-16 16:19:57,500 - __main__ - INFO - The hourly data has been written to static/data/sector_51_cron_output.csv with Timestamp: 2024-11-16 21:00:00
2024-11-16 20:17:18,900 - __main__ - INFO - station=> Sector-51, Gurugram, result => ['167', 'Sector-51, Gurugram, India', Timestamp('2024-11-17 01:00:00')]
2024-11-16 20:17:18,900 - __main__ - INFO - The hourly data has been written to data/cron_job_data/sector_51_cron_output.csv with Timestamp: 2024-11-17 01:00:00
2024-11-16 20:17:19,514 - __main__ - INFO - station=> Sector-51, Gurugram, result => ['167', 'Sector-51, Gurugram, India', Timestamp('2024-11-17 01:00:00')]
2024-11-16 20:17:19,514 - __main__ - INFO - The hourly data has been written to static/data/sector_51_cron_output.csv with Timestamp: 2024-11-17 01:00:00
