2025-03-17 01:20:33,065 - __main__ - INFO - station=> Sector-51, Gurugram, result => ['151', 'Sector-51, Gurugram, India', Timestamp('2025-03-17 06:00:00')]
2025-03-17 01:20:33,065 - __main__ - INFO - The hourly data has been written to data/cron_job_data/sector_51_cron_output.csv with Timestamp: 2025-03-17 06:00:00
2025-03-17 01:20:33,549 - __main__ - INFO - station=> Sector-51, Gurugram, result => ['151', 'Sector-51, Gurugram, India', Timestamp('2025-03-17 06:00:00')]
2025-03-17 01:20:33,549 - __main__ - INFO - The hourly data has been written to static/data/sector_51_cron_output.csv with Timestamp: 2025-03-17 06:00:00
2025-03-17 01:20:33,629 - __main__ - INFO - df_api columns Index(['AQI'], dtype='object')
2025-03-17 01:20:33,629 - __main__ - INFO - today=> 2025-03-17 & yesterday=> 2025-03-16
2025-03-17 01:20:33,631 - __main__ - INFO - temp_daily_aqi columns Index(['Unnamed: 0', 'Date', 'AQI'], dtype='object')
2025-03-17 01:20:33,634 - __main__ - INFO - temp_daily_aqi[2025-03-16]=> Empty DataFrame
Columns: [Unnamed: 0, AQI]
Index: []
2025-03-17 01:20:33,634 - __main__ - INFO - Index => 1837, yesterday => 2025-03-16 & AQI => 310.0
2025-03-17 01:20:33,635 - __main__ - INFO - Daily AQI data has been written to data/cleaned_data/Forecasting_time_series/sector_51_daily_aqi.csv
2025-03-17 01:20:33,635 - __main__ - INFO - Index => 1837, yesterday => 2025-03-16 & AQI => 310.0
2025-03-17 01:20:33,635 - __main__ - INFO - Daily AQI data has been written to static/data/sector_51_daily_aqi.csv
2025-03-17 01:20:33,640 - __main__ - INFO - Re-training the model & train_end is 2025-03-11 00:00:00
2025-03-17 01:20:35,010 - __main__ - INFO - Retrained the model & MAPE is 29.05%
2025-03-17 01:20:35,010 - __main__ - INFO - Retrained the model & MAE is 54.700994363494125
2025-03-17 01:20:36,437 - __main__ - INFO - Forecast=> 2025-03-17    269.581829
2025-03-18    259.144755
2025-03-19    250.197298
2025-03-20    244.894893
2025-03-21    234.730126
Freq: D, Name: predicted_mean, dtype: float64
2025-03-17 01:20:36,438 - __main__ - INFO - The forecast data has been written to data/cleaned_data/Forecasting_time_series/forecast_sector_51_daily_aqi.csv
2025-03-17 01:20:36,438 - __main__ - INFO - The forecast data has been written to static/data/forecast_sector_51_daily_aqi.csv
2025-03-17 04:20:44,895 - __main__ - INFO - station=> Sector-51, Gurugram, result => ['177', 'Sector-51, Gurugram, India', Timestamp('2025-03-17 09:00:00')]
2025-03-17 04:20:44,895 - __main__ - INFO - The hourly data has been written to data/cron_job_data/sector_51_cron_output.csv with Timestamp: 2025-03-17 09:00:00
2025-03-17 04:20:45,578 - __main__ - INFO - station=> Sector-51, Gurugram, result => ['177', 'Sector-51, Gurugram, India', Timestamp('2025-03-17 09:00:00')]
2025-03-17 04:20:45,579 - __main__ - INFO - The hourly data has been written to static/data/sector_51_cron_output.csv with Timestamp: 2025-03-17 09:00:00
2025-03-17 08:23:24,405 - __main__ - INFO - station=> Sector-51, Gurugram, result => ['102', 'Sector-51, Gurugram, India', Timestamp('2025-03-17 13:00:00')]
2025-03-17 08:23:24,406 - __main__ - INFO - The hourly data has been written to data/cron_job_data/sector_51_cron_output.csv with Timestamp: 2025-03-17 13:00:00
2025-03-17 08:23:25,105 - __main__ - INFO - station=> Sector-51, Gurugram, result => ['102', 'Sector-51, Gurugram, India', Timestamp('2025-03-17 13:00:00')]
2025-03-17 08:23:25,105 - __main__ - INFO - The hourly data has been written to static/data/sector_51_cron_output.csv with Timestamp: 2025-03-17 13:00:00
