2025-01-17 01:12:06,688 - __main__ - INFO - station=> Sector-51, Gurugram, result => ['155', 'Sector-51, Gurugram, India', Timestamp('2025-01-17 06:00:00')]
2025-01-17 01:12:06,689 - __main__ - INFO - The hourly data has been written to data/cron_job_data/sector_51_cron_output.csv with Timestamp: 2025-01-17 06:00:00
2025-01-17 01:12:07,395 - __main__ - INFO - station=> Sector-51, Gurugram, result => ['155', 'Sector-51, Gurugram, India', Timestamp('2025-01-17 06:00:00')]
2025-01-17 01:12:07,395 - __main__ - INFO - The hourly data has been written to static/data/sector_51_cron_output.csv with Timestamp: 2025-01-17 06:00:00
2025-01-17 01:12:07,446 - __main__ - INFO - df_api columns Index(['AQI'], dtype='object')
2025-01-17 01:12:07,446 - __main__ - INFO - today=> 2025-01-17 & yesterday=> 2025-01-16
2025-01-17 01:12:07,448 - __main__ - INFO - temp_daily_aqi columns Index(['Unnamed: 0', 'Date', 'AQI'], dtype='object')
2025-01-17 01:12:07,451 - __main__ - INFO - temp_daily_aqi[2025-01-16]=> Empty DataFrame
Columns: [Unnamed: 0, AQI]
Index: []
2025-01-17 01:12:07,451 - __main__ - INFO - Index => 1778, yesterday => 2025-01-16 & AQI => 164.0
2025-01-17 01:12:07,451 - __main__ - INFO - Daily AQI data has been written to data/cleaned_data/Forecasting_time_series/sector_51_daily_aqi.csv
2025-01-17 01:12:07,452 - __main__ - INFO - Index => 1778, yesterday => 2025-01-16 & AQI => 164.0
2025-01-17 01:12:07,452 - __main__ - INFO - Daily AQI data has been written to static/data/sector_51_daily_aqi.csv
2025-01-17 01:12:07,457 - __main__ - INFO - Re-training the model & train_end is 2025-01-11 00:00:00
2025-01-17 01:12:08,753 - __main__ - INFO - Retrained the model & MAPE is 29.87%
2025-01-17 01:12:08,753 - __main__ - INFO - Retrained the model & MAE is 72.9444327790712
2025-01-17 01:12:10,128 - __main__ - INFO - Forecast=> 2025-01-17    204.803693
2025-01-18    208.471102
2025-01-19    196.982258
2025-01-20    210.418387
2025-01-21    205.007681
Freq: D, Name: predicted_mean, dtype: float64
2025-01-17 01:12:10,129 - __main__ - INFO - The forecast data has been written to data/cleaned_data/Forecasting_time_series/forecast_sector_51_daily_aqi.csv
2025-01-17 01:12:10,129 - __main__ - INFO - The forecast data has been written to static/data/forecast_sector_51_daily_aqi.csv
