2025-02-17 01:16:58,836 - __main__ - INFO - station=> Sector-51, Gurugram, result => ['176', 'Sector-51, Gurugram, India', Timestamp('2025-02-17 05:00:00')]
2025-02-17 01:16:58,836 - __main__ - INFO - The hourly data has been written to data/cron_job_data/sector_51_cron_output.csv with Timestamp: 2025-02-17 05:00:00
2025-02-17 01:16:59,299 - __main__ - INFO - station=> Sector-51, Gurugram, result => ['176', 'Sector-51, Gurugram, India', Timestamp('2025-02-17 05:00:00')]
2025-02-17 01:16:59,299 - __main__ - INFO - The hourly data has been written to static/data/sector_51_cron_output.csv with Timestamp: 2025-02-17 05:00:00
2025-02-17 01:16:59,677 - __main__ - INFO - df_api columns Index(['AQI'], dtype='object')
2025-02-17 01:16:59,677 - __main__ - INFO - today=> 2025-02-17 & yesterday=> 2025-02-16
2025-02-17 01:16:59,679 - __main__ - INFO - temp_daily_aqi columns Index(['Unnamed: 0', 'Date', 'AQI'], dtype='object')
2025-02-17 01:16:59,682 - __main__ - INFO - temp_daily_aqi[2025-02-16]=> Empty DataFrame
Columns: [Unnamed: 0, AQI]
Index: []
2025-02-17 01:16:59,682 - __main__ - INFO - Index => 1809, yesterday => 2025-02-16 & AQI => 225.0
2025-02-17 01:16:59,682 - __main__ - INFO - Daily AQI data has been written to data/cleaned_data/Forecasting_time_series/sector_51_daily_aqi.csv
2025-02-17 01:16:59,683 - __main__ - INFO - Index => 1809, yesterday => 2025-02-16 & AQI => 225.0
2025-02-17 01:16:59,683 - __main__ - INFO - Daily AQI data has been written to static/data/sector_51_daily_aqi.csv
2025-02-17 01:16:59,688 - __main__ - INFO - Re-training the model & train_end is 2025-02-11 00:00:00
2025-02-17 01:17:01,320 - __main__ - INFO - Retrained the model & MAPE is 47.22%
2025-02-17 01:17:01,321 - __main__ - INFO - Retrained the model & MAE is 86.99948828168895
2025-02-17 01:17:02,711 - __main__ - INFO - Forecast=> 2025-02-17    254.595496
2025-02-18    244.860649
2025-02-19    240.257799
2025-02-20    235.995291
2025-02-21    226.061430
Freq: D, Name: predicted_mean, dtype: float64
2025-02-17 01:17:02,712 - __main__ - INFO - The forecast data has been written to data/cleaned_data/Forecasting_time_series/forecast_sector_51_daily_aqi.csv
2025-02-17 01:17:02,712 - __main__ - INFO - The forecast data has been written to static/data/forecast_sector_51_daily_aqi.csv
