2024-12-17 01:20:52,534 - __main__ - INFO - df_api columns Index(['AQI'], dtype='object')
2024-12-17 01:20:52,534 - __main__ - INFO - today=> 2024-12-17 & yesterday=> 2024-12-16
2024-12-17 01:20:52,536 - __main__ - INFO - temp_daily_aqi columns Index(['Unnamed: 0', 'Date', 'AQI'], dtype='object')
2024-12-17 01:20:52,539 - __main__ - INFO - temp_daily_aqi[2024-12-16]=> Empty DataFrame
Columns: [Unnamed: 0, AQI]
Index: []
2024-12-17 01:20:52,539 - __main__ - INFO - Index => 1747, yesterday => 2024-12-16 & AQI => 278.0
2024-12-17 01:20:52,540 - __main__ - INFO - Daily AQI data has been written to data/cleaned_data/Forecasting_time_series/sector_51_daily_aqi.csv
2024-12-17 01:20:52,540 - __main__ - INFO - Index => 1747, yesterday => 2024-12-16 & AQI => 278.0
2024-12-17 01:20:52,541 - __main__ - INFO - Daily AQI data has been written to static/data/sector_51_daily_aqi.csv
2024-12-17 01:20:52,546 - __main__ - INFO - Re-training the model & train_end is 2024-12-11 00:00:00
2024-12-17 01:20:54,355 - __main__ - INFO - Retrained the model & MAPE is 15.04%
2024-12-17 01:20:54,356 - __main__ - INFO - Retrained the model & MAE is 31.2849926350597
2024-12-17 01:20:55,674 - __main__ - INFO - Forecast=> 2024-12-17    224.498052
2024-12-18    222.804898
2024-12-19    226.029500
2024-12-20    214.587833
2024-12-21    223.301512
Freq: D, Name: predicted_mean, dtype: float64
2024-12-17 01:20:55,675 - __main__ - INFO - The forecast data has been written to data/cleaned_data/Forecasting_time_series/forecast_sector_51_daily_aqi.csv
2024-12-17 01:20:55,675 - __main__ - INFO - The forecast data has been written to static/data/forecast_sector_51_daily_aqi.csv
