2025-01-18 01:10:40,800 - __main__ - INFO - station=> Sector-51, Gurugram, result => ['149', 'Sector-51, Gurugram, India', Timestamp('2025-01-18 06:00:00')]
2025-01-18 01:10:40,800 - __main__ - INFO - The hourly data has been written to data/cron_job_data/sector_51_cron_output.csv with Timestamp: 2025-01-18 06:00:00
2025-01-18 01:10:41,262 - __main__ - INFO - station=> Sector-51, Gurugram, result => ['149', 'Sector-51, Gurugram, India', Timestamp('2025-01-18 06:00:00')]
2025-01-18 01:10:41,262 - __main__ - INFO - The hourly data has been written to static/data/sector_51_cron_output.csv with Timestamp: 2025-01-18 06:00:00
2025-01-18 01:10:41,366 - __main__ - INFO - df_api columns Index(['AQI'], dtype='object')
2025-01-18 01:10:41,366 - __main__ - INFO - today=> 2025-01-18 & yesterday=> 2025-01-17
2025-01-18 01:10:41,368 - __main__ - INFO - temp_daily_aqi columns Index(['Unnamed: 0', 'Date', 'AQI'], dtype='object')
2025-01-18 01:10:41,371 - __main__ - INFO - temp_daily_aqi[2025-01-17]=> Empty DataFrame
Columns: [Unnamed: 0, AQI]
Index: []
2025-01-18 01:10:41,372 - __main__ - INFO - Index => 1779, yesterday => 2025-01-17 & AQI => 156.0
2025-01-18 01:10:41,372 - __main__ - INFO - Daily AQI data has been written to data/cleaned_data/Forecasting_time_series/sector_51_daily_aqi.csv
2025-01-18 01:10:41,372 - __main__ - INFO - Index => 1779, yesterday => 2025-01-17 & AQI => 156.0
2025-01-18 01:10:41,373 - __main__ - INFO - Daily AQI data has been written to static/data/sector_51_daily_aqi.csv
2025-01-18 01:10:41,378 - __main__ - INFO - Re-training the model & train_end is 2025-01-12 00:00:00
2025-01-18 01:10:42,985 - __main__ - INFO - Retrained the model & MAPE is 24.9%
2025-01-18 01:10:42,986 - __main__ - INFO - Retrained the model & MAE is 74.1823177990544
2025-01-18 01:10:44,527 - __main__ - INFO - Forecast=> 2025-01-18    178.933043
2025-01-19    170.430292
2025-01-20    186.859148
2025-01-21    183.608432
2025-01-22    188.290220
Freq: D, Name: predicted_mean, dtype: float64
2025-01-18 01:10:44,527 - __main__ - INFO - The forecast data has been written to data/cleaned_data/Forecasting_time_series/forecast_sector_51_daily_aqi.csv
2025-01-18 01:10:44,528 - __main__ - INFO - The forecast data has been written to static/data/forecast_sector_51_daily_aqi.csv
