2025-04-18 01:20:36,167 - __main__ - INFO - Calling writeData & retrain_model functions.
2025-04-18 01:20:36,176 - __main__ - INFO - df_api columns Index(['AQI'], dtype='object')
2025-04-18 01:20:36,177 - __main__ - INFO - today=> 2025-04-18 & yesterday=> 2025-04-17
2025-04-18 01:20:36,178 - __main__ - INFO - temp_daily_aqi columns Index(['Unnamed: 0', 'Date', 'AQI'], dtype='object')
2025-04-18 01:20:36,181 - __main__ - INFO - temp_daily_aqi[2025-04-17]=> Empty DataFrame
Columns: [Unnamed: 0, AQI]
Index: []
2025-04-18 01:20:36,181 - __main__ - INFO - writeData function - Exception IndexError has occured for station=> data/cleaned_data/Forecasting_time_series/sector_51_daily_aqi.csv
2025-04-18 01:20:36,187 - __main__ - INFO - Re-training the model & train_end is 2025-04-11 00:00:00
2025-04-18 01:20:37,588 - __main__ - INFO - Retrained the model & MAPE is 41.51%
2025-04-18 01:20:37,588 - __main__ - INFO - Retrained the model & MAE is 36.587582434823844
2025-04-18 01:20:38,903 - __main__ - INFO - Forecast=> 2025-04-17     99.668794
2025-04-18    102.772631
2025-04-19    118.609126
2025-04-20    119.157166
2025-04-21    140.485967
Freq: D, Name: predicted_mean, dtype: float64
2025-04-18 01:20:38,904 - __main__ - INFO - The forecast data has been written to data/cleaned_data/Forecasting_time_series/forecast_sector_51_daily_aqi.csv
2025-04-18 01:20:38,904 - __main__ - INFO - The forecast data has been written to static/data/forecast_sector_51_daily_aqi.csv
2025-04-18 04:20:59,970 - __main__ - INFO - Calling writeData & retrain_model functions.
2025-04-18 04:20:59,979 - __main__ - INFO - df_api columns Index(['AQI'], dtype='object')
2025-04-18 04:20:59,980 - __main__ - INFO - today=> 2025-04-18 & yesterday=> 2025-04-17
2025-04-18 04:20:59,981 - __main__ - INFO - temp_daily_aqi columns Index(['Unnamed: 0', 'Date', 'AQI'], dtype='object')
2025-04-18 04:20:59,984 - __main__ - INFO - temp_daily_aqi[2025-04-17]=> Empty DataFrame
Columns: [Unnamed: 0, AQI]
Index: []
2025-04-18 04:20:59,984 - __main__ - INFO - writeData function - Exception IndexError has occured for station=> data/cleaned_data/Forecasting_time_series/sector_51_daily_aqi.csv
2025-04-18 04:20:59,990 - __main__ - INFO - Re-training the model & train_end is 2025-04-11 00:00:00
2025-04-18 04:21:01,428 - __main__ - INFO - Retrained the model & MAPE is 41.51%
2025-04-18 04:21:01,429 - __main__ - INFO - Retrained the model & MAE is 36.587582434823844
2025-04-18 04:21:02,713 - __main__ - INFO - Forecast=> 2025-04-17     99.668794
2025-04-18    102.772631
2025-04-19    118.609126
2025-04-20    119.157166
2025-04-21    140.485967
Freq: D, Name: predicted_mean, dtype: float64
2025-04-18 04:21:02,714 - __main__ - INFO - The forecast data has been written to data/cleaned_data/Forecasting_time_series/forecast_sector_51_daily_aqi.csv
2025-04-18 04:21:02,714 - __main__ - INFO - The forecast data has been written to static/data/forecast_sector_51_daily_aqi.csv
2025-04-18 08:22:37,865 - __main__ - INFO - Calling writeData & retrain_model functions.
2025-04-18 08:22:37,875 - __main__ - INFO - df_api columns Index(['AQI'], dtype='object')
2025-04-18 08:22:37,875 - __main__ - INFO - today=> 2025-04-18 & yesterday=> 2025-04-17
2025-04-18 08:22:37,877 - __main__ - INFO - temp_daily_aqi columns Index(['Unnamed: 0', 'Date', 'AQI'], dtype='object')
2025-04-18 08:22:37,880 - __main__ - INFO - temp_daily_aqi[2025-04-17]=> Empty DataFrame
Columns: [Unnamed: 0, AQI]
Index: []
2025-04-18 08:22:37,880 - __main__ - INFO - writeData function - Exception IndexError has occured for station=> data/cleaned_data/Forecasting_time_series/sector_51_daily_aqi.csv
2025-04-18 08:22:37,886 - __main__ - INFO - Re-training the model & train_end is 2025-04-11 00:00:00
2025-04-18 08:22:39,335 - __main__ - INFO - Retrained the model & MAPE is 41.51%
2025-04-18 08:22:39,335 - __main__ - INFO - Retrained the model & MAE is 36.587582434823844
2025-04-18 08:22:40,652 - __main__ - INFO - Forecast=> 2025-04-17     99.668794
2025-04-18    102.772631
2025-04-19    118.609126
2025-04-20    119.157166
2025-04-21    140.485967
Freq: D, Name: predicted_mean, dtype: float64
2025-04-18 08:22:40,653 - __main__ - INFO - The forecast data has been written to data/cleaned_data/Forecasting_time_series/forecast_sector_51_daily_aqi.csv
2025-04-18 08:22:40,653 - __main__ - INFO - The forecast data has been written to static/data/forecast_sector_51_daily_aqi.csv
2025-04-18 12:34:06,008 - __main__ - INFO - Calling writeData & retrain_model functions.
2025-04-18 12:34:06,018 - __main__ - INFO - df_api columns Index(['AQI'], dtype='object')
2025-04-18 12:34:06,018 - __main__ - INFO - today=> 2025-04-18 & yesterday=> 2025-04-17
2025-04-18 12:34:06,020 - __main__ - INFO - temp_daily_aqi columns Index(['Unnamed: 0', 'Date', 'AQI'], dtype='object')
2025-04-18 12:34:06,022 - __main__ - INFO - temp_daily_aqi[2025-04-17]=> Empty DataFrame
Columns: [Unnamed: 0, AQI]
Index: []
2025-04-18 12:34:06,023 - __main__ - INFO - writeData function - Exception IndexError has occured for station=> data/cleaned_data/Forecasting_time_series/sector_51_daily_aqi.csv
2025-04-18 12:34:06,028 - __main__ - INFO - Re-training the model & train_end is 2025-04-11 00:00:00
2025-04-18 12:34:07,488 - __main__ - INFO - Retrained the model & MAPE is 41.51%
2025-04-18 12:34:07,488 - __main__ - INFO - Retrained the model & MAE is 36.587582434823844
2025-04-18 12:34:08,828 - __main__ - INFO - Forecast=> 2025-04-17     99.668794
2025-04-18    102.772631
2025-04-19    118.609126
2025-04-20    119.157166
2025-04-21    140.485967
Freq: D, Name: predicted_mean, dtype: float64
2025-04-18 12:34:08,828 - __main__ - INFO - The forecast data has been written to data/cleaned_data/Forecasting_time_series/forecast_sector_51_daily_aqi.csv
2025-04-18 12:34:08,829 - __main__ - INFO - The forecast data has been written to static/data/forecast_sector_51_daily_aqi.csv
