2025-03-18 01:18:12,959 - __main__ - INFO - station=> Sector-51, Gurugram, result => ['134', 'Sector-51, Gurugram, India', Timestamp('2025-03-18 06:00:00')]
2025-03-18 01:18:12,959 - __main__ - INFO - The hourly data has been written to data/cron_job_data/sector_51_cron_output.csv with Timestamp: 2025-03-18 06:00:00
2025-03-18 01:18:13,559 - __main__ - INFO - station=> Sector-51, Gurugram, result => ['134', 'Sector-51, Gurugram, India', Timestamp('2025-03-18 06:00:00')]
2025-03-18 01:18:13,560 - __main__ - INFO - The hourly data has been written to static/data/sector_51_cron_output.csv with Timestamp: 2025-03-18 06:00:00
2025-03-18 01:18:13,640 - __main__ - INFO - df_api columns Index(['AQI'], dtype='object')
2025-03-18 01:18:13,641 - __main__ - INFO - today=> 2025-03-18 & yesterday=> 2025-03-17
2025-03-18 01:18:13,643 - __main__ - INFO - temp_daily_aqi columns Index(['Unnamed: 0', 'Date', 'AQI'], dtype='object')
2025-03-18 01:18:13,645 - __main__ - INFO - temp_daily_aqi[2025-03-17]=> Empty DataFrame
Columns: [Unnamed: 0, AQI]
Index: []
2025-03-18 01:18:13,646 - __main__ - INFO - Index => 1838, yesterday => 2025-03-17 & AQI => 270.0
2025-03-18 01:18:13,646 - __main__ - INFO - Daily AQI data has been written to data/cleaned_data/Forecasting_time_series/sector_51_daily_aqi.csv
2025-03-18 01:18:13,646 - __main__ - INFO - Index => 1838, yesterday => 2025-03-17 & AQI => 270.0
2025-03-18 01:18:13,647 - __main__ - INFO - Daily AQI data has been written to static/data/sector_51_daily_aqi.csv
2025-03-18 01:18:13,652 - __main__ - INFO - Re-training the model & train_end is 2025-03-12 00:00:00
2025-03-18 01:18:15,250 - __main__ - INFO - Retrained the model & MAPE is 27.23%
2025-03-18 01:18:15,250 - __main__ - INFO - Retrained the model & MAE is 59.56156512546638
2025-03-18 01:18:16,900 - __main__ - INFO - Forecast=> 2025-03-18    259.400816
2025-03-19    250.429742
2025-03-20    245.107072
2025-03-21    234.927829
2025-03-22    237.333362
Freq: D, Name: predicted_mean, dtype: float64
2025-03-18 01:18:16,900 - __main__ - INFO - The forecast data has been written to data/cleaned_data/Forecasting_time_series/forecast_sector_51_daily_aqi.csv
2025-03-18 01:18:16,901 - __main__ - INFO - The forecast data has been written to static/data/forecast_sector_51_daily_aqi.csv
2025-03-18 04:21:03,164 - __main__ - INFO - station=> Sector-51, Gurugram, result => ['177', 'Sector-51, Gurugram, India', Timestamp('2025-03-18 09:00:00')]
2025-03-18 04:21:03,164 - __main__ - INFO - The hourly data has been written to data/cron_job_data/sector_51_cron_output.csv with Timestamp: 2025-03-18 09:00:00
2025-03-18 04:21:03,628 - __main__ - INFO - station=> Sector-51, Gurugram, result => ['177', 'Sector-51, Gurugram, India', Timestamp('2025-03-18 09:00:00')]
2025-03-18 04:21:03,628 - __main__ - INFO - The hourly data has been written to static/data/sector_51_cron_output.csv with Timestamp: 2025-03-18 09:00:00
2025-03-18 08:22:37,608 - __main__ - INFO - station=> Sector-51, Gurugram, result => ['102', 'Sector-51, Gurugram, India', Timestamp('2025-03-18 13:00:00')]
2025-03-18 08:22:37,608 - __main__ - INFO - The hourly data has been written to data/cron_job_data/sector_51_cron_output.csv with Timestamp: 2025-03-18 13:00:00
2025-03-18 08:22:38,140 - __main__ - INFO - station=> Sector-51, Gurugram, result => ['102', 'Sector-51, Gurugram, India', Timestamp('2025-03-18 13:00:00')]
2025-03-18 08:22:38,140 - __main__ - INFO - The hourly data has been written to static/data/sector_51_cron_output.csv with Timestamp: 2025-03-18 13:00:00
