2024-12-18 01:17:48,693 - __main__ - INFO - station=> Sector-51, Gurugram, result => ['171', 'Sector-51, Gurugram, India', Timestamp('2024-12-18 06:00:00')]
2024-12-18 01:17:48,693 - __main__ - INFO - The hourly data has been written to data/cron_job_data/sector_51_cron_output.csv with Timestamp: 2024-12-18 06:00:00
2024-12-18 01:17:49,166 - __main__ - INFO - station=> Sector-51, Gurugram, result => ['171', 'Sector-51, Gurugram, India', Timestamp('2024-12-18 06:00:00')]
2024-12-18 01:17:49,166 - __main__ - INFO - The hourly data has been written to static/data/sector_51_cron_output.csv with Timestamp: 2024-12-18 06:00:00
2024-12-18 01:17:49,285 - __main__ - INFO - df_api columns Index(['AQI'], dtype='object')
2024-12-18 01:17:49,285 - __main__ - INFO - today=> 2024-12-18 & yesterday=> 2024-12-17
2024-12-18 01:17:49,287 - __main__ - INFO - temp_daily_aqi columns Index(['Unnamed: 0', 'Date', 'AQI'], dtype='object')
2024-12-18 01:17:49,289 - __main__ - INFO - temp_daily_aqi[2024-12-17]=> Empty DataFrame
Columns: [Unnamed: 0, AQI]
Index: []
2024-12-18 01:17:49,290 - __main__ - INFO - Index => 1748, yesterday => 2024-12-17 & AQI => 446.0
2024-12-18 01:17:49,290 - __main__ - INFO - Daily AQI data has been written to data/cleaned_data/Forecasting_time_series/sector_51_daily_aqi.csv
2024-12-18 01:17:49,291 - __main__ - INFO - Index => 1748, yesterday => 2024-12-17 & AQI => 446.0
2024-12-18 01:17:49,291 - __main__ - INFO - Daily AQI data has been written to static/data/sector_51_daily_aqi.csv
2024-12-18 01:17:49,296 - __main__ - INFO - Re-training the model & train_end is 2024-12-12 00:00:00
2024-12-18 01:17:50,736 - __main__ - INFO - Retrained the model & MAPE is 27.82%
2024-12-18 01:17:50,736 - __main__ - INFO - Retrained the model & MAE is 84.91876520113874
2024-12-18 01:17:52,151 - __main__ - INFO - Forecast=> 2024-12-18    361.514062
2024-12-19    349.827864
2024-12-20    326.705919
2024-12-21    323.411662
2024-12-22    294.995369
Freq: D, Name: predicted_mean, dtype: float64
2024-12-18 01:17:52,152 - __main__ - INFO - The forecast data has been written to data/cleaned_data/Forecasting_time_series/forecast_sector_51_daily_aqi.csv
2024-12-18 01:17:52,152 - __main__ - INFO - The forecast data has been written to static/data/forecast_sector_51_daily_aqi.csv
2024-12-18 04:20:15,538 - __main__ - INFO - station=> Sector-51, Gurugram, result => ['165', 'Sector-51, Gurugram, India', Timestamp('2024-12-18 09:00:00')]
2024-12-18 04:20:15,538 - __main__ - INFO - The hourly data has been written to data/cron_job_data/sector_51_cron_output.csv with Timestamp: 2024-12-18 09:00:00
2024-12-18 04:20:16,222 - __main__ - INFO - station=> Sector-51, Gurugram, result => ['165', 'Sector-51, Gurugram, India', Timestamp('2024-12-18 09:00:00')]
2024-12-18 04:20:16,223 - __main__ - INFO - The hourly data has been written to static/data/sector_51_cron_output.csv with Timestamp: 2024-12-18 09:00:00
2024-12-18 08:22:23,377 - __main__ - INFO - station=> Sector-51, Gurugram, result => ['592', 'Sector-51, Gurugram, India', Timestamp('2024-12-18 13:00:00')]
2024-12-18 08:22:23,377 - __main__ - INFO - The hourly data has been written to data/cron_job_data/sector_51_cron_output.csv with Timestamp: 2024-12-18 13:00:00
2024-12-18 08:22:23,986 - __main__ - INFO - station=> Sector-51, Gurugram, result => ['592', 'Sector-51, Gurugram, India', Timestamp('2024-12-18 13:00:00')]
2024-12-18 08:22:23,986 - __main__ - INFO - The hourly data has been written to static/data/sector_51_cron_output.csv with Timestamp: 2024-12-18 13:00:00
2024-12-18 12:34:03,157 - __main__ - INFO - station=> Sector-51, Gurugram, result => ['334', 'Sector-51, Gurugram, India', Timestamp('2024-12-18 17:00:00')]
2024-12-18 12:34:03,157 - __main__ - INFO - The hourly data has been written to data/cron_job_data/sector_51_cron_output.csv with Timestamp: 2024-12-18 17:00:00
2024-12-18 12:34:03,631 - __main__ - INFO - station=> Sector-51, Gurugram, result => ['334', 'Sector-51, Gurugram, India', Timestamp('2024-12-18 17:00:00')]
2024-12-18 12:34:03,631 - __main__ - INFO - The hourly data has been written to static/data/sector_51_cron_output.csv with Timestamp: 2024-12-18 17:00:00
