2024-11-18 01:19:40,853 - __main__ - INFO - df_api columns Index(['AQI'], dtype='object')
2024-11-18 01:19:40,853 - __main__ - INFO - today=> 2024-11-18 & yesterday=> 2024-11-17
2024-11-18 01:19:40,855 - __main__ - INFO - temp_daily_aqi columns Index(['Unnamed: 0', 'Date', 'AQI'], dtype='object')
2024-11-18 01:19:40,858 - __main__ - INFO - temp_daily_aqi[2024-11-17]=> Empty DataFrame
Columns: [Unnamed: 0, AQI]
Index: []
2024-11-18 01:19:40,858 - __main__ - INFO - Index => 1718, yesterday => 2024-11-17 & AQI => 392.0
2024-11-18 01:19:40,859 - __main__ - INFO - Daily AQI data has been written to data/cleaned_data/Forecasting_time_series/sector_51_daily_aqi.csv
2024-11-18 01:19:40,859 - __main__ - INFO - Index => 1718, yesterday => 2024-11-17 & AQI => 392.0
2024-11-18 01:19:40,859 - __main__ - INFO - Daily AQI data has been written to static/data/sector_51_daily_aqi.csv
2024-11-18 01:19:40,864 - __main__ - INFO - Re-training the model & train_end is 2024-11-12 00:00:00
2024-11-18 01:19:42,106 - __main__ - INFO - Retrained the model & MAPE is 25.11%
2024-11-18 01:19:42,107 - __main__ - INFO - Retrained the model & MAE is 75.90638964453234
2024-11-18 01:19:43,390 - __main__ - INFO - Forecast=> 2024-11-18    330.429950
2024-11-19    307.279489
2024-11-20    297.290978
2024-11-21    288.595566
2024-11-22    280.175671
Freq: D, Name: predicted_mean, dtype: float64
2024-11-18 01:19:43,390 - __main__ - INFO - The forecast data has been written to data/cleaned_data/Forecasting_time_series/forecast_sector_51_daily_aqi.csv
2024-11-18 01:19:43,391 - __main__ - INFO - The forecast data has been written to static/data/forecast_sector_51_daily_aqi.csv
2024-11-18 08:22:59,899 - __main__ - INFO - station=> Sector-51, Gurugram, result => ['870', 'Sector-51, Gurugram, India', Timestamp('2024-11-18 13:00:00')]
2024-11-18 08:22:59,899 - __main__ - INFO - The hourly data has been written to data/cron_job_data/sector_51_cron_output.csv with Timestamp: 2024-11-18 13:00:00
2024-11-18 08:23:00,384 - __main__ - INFO - station=> Sector-51, Gurugram, result => ['870', 'Sector-51, Gurugram, India', Timestamp('2024-11-18 13:00:00')]
2024-11-18 08:23:00,384 - __main__ - INFO - The hourly data has been written to static/data/sector_51_cron_output.csv with Timestamp: 2024-11-18 13:00:00
