2025-04-19 01:18:36,623 - __main__ - INFO - Calling writeData & retrain_model functions.
2025-04-19 01:18:36,633 - __main__ - INFO - df_api columns Index(['AQI'], dtype='object')
2025-04-19 01:18:36,633 - __main__ - INFO - today=> 2025-04-19 & yesterday=> 2025-04-18
2025-04-19 01:18:36,635 - __main__ - INFO - temp_daily_aqi columns Index(['Unnamed: 0', 'Date', 'AQI'], dtype='object')
2025-04-19 01:18:36,638 - __main__ - INFO - temp_daily_aqi[2025-04-18]=> Empty DataFrame
Columns: [Unnamed: 0, AQI]
Index: []
2025-04-19 01:18:36,638 - __main__ - INFO - writeData function - Exception IndexError has occured for station=> data/cleaned_data/Forecasting_time_series/sector_51_daily_aqi.csv
2025-04-19 01:18:36,644 - __main__ - INFO - Re-training the model & train_end is 2025-04-11 00:00:00
2025-04-19 01:18:38,049 - __main__ - INFO - Retrained the model & MAPE is 41.51%
2025-04-19 01:18:38,049 - __main__ - INFO - Retrained the model & MAE is 36.587582434823844
2025-04-19 01:18:39,468 - __main__ - INFO - Forecast=> 2025-04-17     99.668794
2025-04-18    102.772631
2025-04-19    118.609126
2025-04-20    119.157166
2025-04-21    140.485967
Freq: D, Name: predicted_mean, dtype: float64
2025-04-19 01:18:39,469 - __main__ - INFO - The forecast data has been written to data/cleaned_data/Forecasting_time_series/forecast_sector_51_daily_aqi.csv
2025-04-19 01:18:39,478 - __main__ - INFO - The forecast data has been written to static/data/forecast_sector_51_daily_aqi.csv
2025-04-19 04:20:13,538 - __main__ - INFO - Calling writeData & retrain_model functions.
2025-04-19 04:20:13,548 - __main__ - INFO - df_api columns Index(['AQI'], dtype='object')
2025-04-19 04:20:13,548 - __main__ - INFO - today=> 2025-04-19 & yesterday=> 2025-04-18
2025-04-19 04:20:13,550 - __main__ - INFO - temp_daily_aqi columns Index(['Unnamed: 0', 'Date', 'AQI'], dtype='object')
2025-04-19 04:20:13,553 - __main__ - INFO - temp_daily_aqi[2025-04-18]=> Empty DataFrame
Columns: [Unnamed: 0, AQI]
Index: []
2025-04-19 04:20:13,553 - __main__ - INFO - writeData function - Exception IndexError has occured for station=> data/cleaned_data/Forecasting_time_series/sector_51_daily_aqi.csv
2025-04-19 04:20:13,558 - __main__ - INFO - Re-training the model & train_end is 2025-04-11 00:00:00
2025-04-19 04:20:15,037 - __main__ - INFO - Retrained the model & MAPE is 41.51%
2025-04-19 04:20:15,037 - __main__ - INFO - Retrained the model & MAE is 36.587582434823844
2025-04-19 04:20:16,341 - __main__ - INFO - Forecast=> 2025-04-17     99.668794
2025-04-18    102.772631
2025-04-19    118.609126
2025-04-20    119.157166
2025-04-21    140.485967
Freq: D, Name: predicted_mean, dtype: float64
2025-04-19 04:20:16,342 - __main__ - INFO - The forecast data has been written to data/cleaned_data/Forecasting_time_series/forecast_sector_51_daily_aqi.csv
2025-04-19 04:20:16,342 - __main__ - INFO - The forecast data has been written to static/data/forecast_sector_51_daily_aqi.csv
2025-04-19 08:20:13,633 - __main__ - INFO - Calling writeData & retrain_model functions.
2025-04-19 08:20:13,643 - __main__ - INFO - df_api columns Index(['AQI'], dtype='object')
2025-04-19 08:20:13,643 - __main__ - INFO - today=> 2025-04-19 & yesterday=> 2025-04-18
2025-04-19 08:20:13,645 - __main__ - INFO - temp_daily_aqi columns Index(['Unnamed: 0', 'Date', 'AQI'], dtype='object')
2025-04-19 08:20:13,648 - __main__ - INFO - temp_daily_aqi[2025-04-18]=> Empty DataFrame
Columns: [Unnamed: 0, AQI]
Index: []
2025-04-19 08:20:13,648 - __main__ - INFO - writeData function - Exception IndexError has occured for station=> data/cleaned_data/Forecasting_time_series/sector_51_daily_aqi.csv
2025-04-19 08:20:13,653 - __main__ - INFO - Re-training the model & train_end is 2025-04-11 00:00:00
2025-04-19 08:20:15,107 - __main__ - INFO - Retrained the model & MAPE is 41.51%
2025-04-19 08:20:15,107 - __main__ - INFO - Retrained the model & MAE is 36.587582434823844
2025-04-19 08:20:16,406 - __main__ - INFO - Forecast=> 2025-04-17     99.668794
2025-04-18    102.772631
2025-04-19    118.609126
2025-04-20    119.157166
2025-04-21    140.485967
Freq: D, Name: predicted_mean, dtype: float64
2025-04-19 08:20:16,406 - __main__ - INFO - The forecast data has been written to data/cleaned_data/Forecasting_time_series/forecast_sector_51_daily_aqi.csv
2025-04-19 08:20:16,407 - __main__ - INFO - The forecast data has been written to static/data/forecast_sector_51_daily_aqi.csv
2025-04-19 12:31:35,389 - __main__ - INFO - Calling writeData & retrain_model functions.
2025-04-19 12:31:35,398 - __main__ - INFO - df_api columns Index(['AQI'], dtype='object')
2025-04-19 12:31:35,399 - __main__ - INFO - today=> 2025-04-19 & yesterday=> 2025-04-18
2025-04-19 12:31:35,400 - __main__ - INFO - temp_daily_aqi columns Index(['Unnamed: 0', 'Date', 'AQI'], dtype='object')
2025-04-19 12:31:35,403 - __main__ - INFO - temp_daily_aqi[2025-04-18]=> Empty DataFrame
Columns: [Unnamed: 0, AQI]
Index: []
2025-04-19 12:31:35,404 - __main__ - INFO - writeData function - Exception IndexError has occured for station=> data/cleaned_data/Forecasting_time_series/sector_51_daily_aqi.csv
2025-04-19 12:31:35,409 - __main__ - INFO - Re-training the model & train_end is 2025-04-11 00:00:00
2025-04-19 12:31:36,960 - __main__ - INFO - Retrained the model & MAPE is 41.51%
2025-04-19 12:31:36,960 - __main__ - INFO - Retrained the model & MAE is 36.587582434823844
2025-04-19 12:31:38,401 - __main__ - INFO - Forecast=> 2025-04-17     99.668794
2025-04-18    102.772631
2025-04-19    118.609126
2025-04-20    119.157166
2025-04-21    140.485967
Freq: D, Name: predicted_mean, dtype: float64
2025-04-19 12:31:38,402 - __main__ - INFO - The forecast data has been written to data/cleaned_data/Forecasting_time_series/forecast_sector_51_daily_aqi.csv
2025-04-19 12:31:38,402 - __main__ - INFO - The forecast data has been written to static/data/forecast_sector_51_daily_aqi.csv
2025-04-19 16:20:58,827 - __main__ - INFO - Calling writeData & retrain_model functions.
2025-04-19 16:20:58,836 - __main__ - INFO - df_api columns Index(['AQI'], dtype='object')
2025-04-19 16:20:58,837 - __main__ - INFO - today=> 2025-04-19 & yesterday=> 2025-04-18
2025-04-19 16:20:58,838 - __main__ - INFO - temp_daily_aqi columns Index(['Unnamed: 0', 'Date', 'AQI'], dtype='object')
2025-04-19 16:20:58,841 - __main__ - INFO - temp_daily_aqi[2025-04-18]=> Empty DataFrame
Columns: [Unnamed: 0, AQI]
Index: []
2025-04-19 16:20:58,841 - __main__ - INFO - writeData function - Exception IndexError has occured for station=> data/cleaned_data/Forecasting_time_series/sector_51_daily_aqi.csv
2025-04-19 16:20:58,846 - __main__ - INFO - Re-training the model & train_end is 2025-04-11 00:00:00
2025-04-19 16:21:00,296 - __main__ - INFO - Retrained the model & MAPE is 41.51%
2025-04-19 16:21:00,297 - __main__ - INFO - Retrained the model & MAE is 36.587582434823844
2025-04-19 16:21:01,597 - __main__ - INFO - Forecast=> 2025-04-17     99.668794
2025-04-18    102.772631
2025-04-19    118.609126
2025-04-20    119.157166
2025-04-21    140.485967
Freq: D, Name: predicted_mean, dtype: float64
2025-04-19 16:21:01,598 - __main__ - INFO - The forecast data has been written to data/cleaned_data/Forecasting_time_series/forecast_sector_51_daily_aqi.csv
2025-04-19 16:21:01,598 - __main__ - INFO - The forecast data has been written to static/data/forecast_sector_51_daily_aqi.csv
