2025-02-19 01:14:28,903 - __main__ - INFO - station=> Sector-51, Gurugram, result => ['146', 'Sector-51, Gurugram, India', Timestamp('2025-02-19 06:00:00')]
2025-02-19 01:14:28,903 - __main__ - INFO - The hourly data has been written to data/cron_job_data/sector_51_cron_output.csv with Timestamp: 2025-02-19 06:00:00
2025-02-19 01:14:29,570 - __main__ - INFO - station=> Sector-51, Gurugram, result => ['146', 'Sector-51, Gurugram, India', Timestamp('2025-02-19 06:00:00')]
2025-02-19 01:14:29,570 - __main__ - INFO - The hourly data has been written to static/data/sector_51_cron_output.csv with Timestamp: 2025-02-19 06:00:00
2025-02-19 01:14:29,608 - __main__ - INFO - df_api columns Index(['AQI'], dtype='object')
2025-02-19 01:14:29,608 - __main__ - INFO - today=> 2025-02-19 & yesterday=> 2025-02-18
2025-02-19 01:14:29,610 - __main__ - INFO - temp_daily_aqi columns Index(['Unnamed: 0', 'Date', 'AQI'], dtype='object')
2025-02-19 01:14:29,613 - __main__ - INFO - temp_daily_aqi[2025-02-18]=> Empty DataFrame
Columns: [Unnamed: 0, AQI]
Index: []
2025-02-19 01:14:29,613 - __main__ - INFO - Index => 1811, yesterday => 2025-02-18 & AQI => 185.0
2025-02-19 01:14:29,614 - __main__ - INFO - Daily AQI data has been written to data/cleaned_data/Forecasting_time_series/sector_51_daily_aqi.csv
2025-02-19 01:14:29,614 - __main__ - INFO - Index => 1811, yesterday => 2025-02-18 & AQI => 185.0
2025-02-19 01:14:29,614 - __main__ - INFO - Daily AQI data has been written to static/data/sector_51_daily_aqi.csv
2025-02-19 01:14:29,620 - __main__ - INFO - Re-training the model & train_end is 2025-02-13 00:00:00
2025-02-19 01:14:31,084 - __main__ - INFO - Retrained the model & MAPE is 26.06%
2025-02-19 01:14:31,085 - __main__ - INFO - Retrained the model & MAE is 73.14385975962776
2025-02-19 01:14:32,531 - __main__ - INFO - Forecast=> 2025-02-19    198.285058
2025-02-20    198.406073
2025-02-21    192.460342
2025-02-22    199.546718
2025-02-23    188.793138
Freq: D, Name: predicted_mean, dtype: float64
2025-02-19 01:14:32,531 - __main__ - INFO - The forecast data has been written to data/cleaned_data/Forecasting_time_series/forecast_sector_51_daily_aqi.csv
2025-02-19 01:14:32,532 - __main__ - INFO - The forecast data has been written to static/data/forecast_sector_51_daily_aqi.csv
