2025-03-19 01:19:12,538 - __main__ - INFO - station=> Sector-51, Gurugram, result => ['170', 'Sector-51, Gurugram, India', Timestamp('2025-03-19 06:00:00')]
2025-03-19 01:19:12,538 - __main__ - INFO - The hourly data has been written to data/cron_job_data/sector_51_cron_output.csv with Timestamp: 2025-03-19 06:00:00
2025-03-19 01:19:13,003 - __main__ - INFO - station=> Sector-51, Gurugram, result => ['170', 'Sector-51, Gurugram, India', Timestamp('2025-03-19 06:00:00')]
2025-03-19 01:19:13,003 - __main__ - INFO - The hourly data has been written to static/data/sector_51_cron_output.csv with Timestamp: 2025-03-19 06:00:00
2025-03-19 01:19:13,065 - __main__ - INFO - df_api columns Index(['AQI'], dtype='object')
2025-03-19 01:19:13,065 - __main__ - INFO - today=> 2025-03-19 & yesterday=> 2025-03-18
2025-03-19 01:19:13,067 - __main__ - INFO - temp_daily_aqi columns Index(['Unnamed: 0', 'Date', 'AQI'], dtype='object')
2025-03-19 01:19:13,070 - __main__ - INFO - temp_daily_aqi[2025-03-18]=> Empty DataFrame
Columns: [Unnamed: 0, AQI]
Index: []
2025-03-19 01:19:13,070 - __main__ - INFO - Index => 1839, yesterday => 2025-03-18 & AQI => 115.0
2025-03-19 01:19:13,071 - __main__ - INFO - Daily AQI data has been written to data/cleaned_data/Forecasting_time_series/sector_51_daily_aqi.csv
2025-03-19 01:19:13,071 - __main__ - INFO - Index => 1839, yesterday => 2025-03-18 & AQI => 115.0
2025-03-19 01:19:13,071 - __main__ - INFO - Daily AQI data has been written to static/data/sector_51_daily_aqi.csv
2025-03-19 01:19:13,077 - __main__ - INFO - Re-training the model & train_end is 2025-03-13 00:00:00
2025-03-19 01:19:14,487 - __main__ - INFO - Retrained the model & MAPE is 34.27%
2025-03-19 01:19:14,487 - __main__ - INFO - Retrained the model & MAE is 70.4790494035548
2025-03-19 01:19:16,190 - __main__ - INFO - Forecast=> 2025-03-19    163.896583
2025-03-20    167.481714
2025-03-21    165.152252
2025-03-22    174.861213
2025-03-23    168.484363
Freq: D, Name: predicted_mean, dtype: float64
2025-03-19 01:19:16,190 - __main__ - INFO - The forecast data has been written to data/cleaned_data/Forecasting_time_series/forecast_sector_51_daily_aqi.csv
2025-03-19 01:19:16,191 - __main__ - INFO - The forecast data has been written to static/data/forecast_sector_51_daily_aqi.csv
2025-03-19 04:20:25,259 - __main__ - INFO - station=> Sector-51, Gurugram, result => ['170', 'Sector-51, Gurugram, India', Timestamp('2025-03-19 09:00:00')]
2025-03-19 04:20:25,259 - __main__ - INFO - The hourly data has been written to data/cron_job_data/sector_51_cron_output.csv with Timestamp: 2025-03-19 09:00:00
2025-03-19 04:20:25,973 - __main__ - INFO - station=> Sector-51, Gurugram, result => ['170', 'Sector-51, Gurugram, India', Timestamp('2025-03-19 09:00:00')]
2025-03-19 04:20:25,973 - __main__ - INFO - The hourly data has been written to static/data/sector_51_cron_output.csv with Timestamp: 2025-03-19 09:00:00
2025-03-19 08:23:11,659 - __main__ - INFO - station=> Sector-51, Gurugram, result => ['61', 'Sector-51, Gurugram, India', Timestamp('2025-03-19 12:00:00')]
2025-03-19 08:23:11,659 - __main__ - INFO - The hourly data has been written to data/cron_job_data/sector_51_cron_output.csv with Timestamp: 2025-03-19 12:00:00
2025-03-19 08:23:12,352 - __main__ - INFO - station=> Sector-51, Gurugram, result => ['61', 'Sector-51, Gurugram, India', Timestamp('2025-03-19 12:00:00')]
2025-03-19 08:23:12,352 - __main__ - INFO - The hourly data has been written to static/data/sector_51_cron_output.csv with Timestamp: 2025-03-19 12:00:00
2025-03-19 12:34:33,639 - __main__ - INFO - station=> Sector-51, Gurugram, result => ['63', 'Sector-51, Gurugram, India', Timestamp('2025-03-19 17:00:00')]
2025-03-19 12:34:33,639 - __main__ - INFO - The hourly data has been written to data/cron_job_data/sector_51_cron_output.csv with Timestamp: 2025-03-19 17:00:00
2025-03-19 12:34:34,256 - __main__ - INFO - station=> Sector-51, Gurugram, result => ['63', 'Sector-51, Gurugram, India', Timestamp('2025-03-19 17:00:00')]
2025-03-19 12:34:34,256 - __main__ - INFO - The hourly data has been written to static/data/sector_51_cron_output.csv with Timestamp: 2025-03-19 17:00:00
2025-03-19 16:21:52,962 - __main__ - INFO - station=> Sector-51, Gurugram, result => ['170', 'Sector-51, Gurugram, India', Timestamp('2025-03-19 21:00:00')]
2025-03-19 16:21:52,962 - __main__ - INFO - The hourly data has been written to data/cron_job_data/sector_51_cron_output.csv with Timestamp: 2025-03-19 21:00:00
2025-03-19 16:21:53,658 - __main__ - INFO - station=> Sector-51, Gurugram, result => ['170', 'Sector-51, Gurugram, India', Timestamp('2025-03-19 21:00:00')]
2025-03-19 16:21:53,659 - __main__ - INFO - The hourly data has been written to static/data/sector_51_cron_output.csv with Timestamp: 2025-03-19 21:00:00
2025-03-19 20:19:18,073 - __main__ - INFO - station=> Sector-51, Gurugram, result => ['189', 'Sector-51, Gurugram, India', Timestamp('2025-03-20 01:00:00')]
2025-03-19 20:19:18,073 - __main__ - INFO - The hourly data has been written to data/cron_job_data/sector_51_cron_output.csv with Timestamp: 2025-03-20 01:00:00
2025-03-19 20:19:18,687 - __main__ - INFO - station=> Sector-51, Gurugram, result => ['189', 'Sector-51, Gurugram, India', Timestamp('2025-03-20 01:00:00')]
2025-03-19 20:19:18,687 - __main__ - INFO - The hourly data has been written to static/data/sector_51_cron_output.csv with Timestamp: 2025-03-20 01:00:00
