2024-12-19 01:18:38,272 - __main__ - INFO - station=> Sector-51, Gurugram, result => ['151', 'Sector-51, Gurugram, India', Timestamp('2024-12-19 06:00:00')]
2024-12-19 01:18:38,272 - __main__ - INFO - The hourly data has been written to data/cron_job_data/sector_51_cron_output.csv with Timestamp: 2024-12-19 06:00:00
2024-12-19 01:18:38,956 - __main__ - INFO - station=> Sector-51, Gurugram, result => ['151', 'Sector-51, Gurugram, India', Timestamp('2024-12-19 06:00:00')]
2024-12-19 01:18:38,956 - __main__ - INFO - The hourly data has been written to static/data/sector_51_cron_output.csv with Timestamp: 2024-12-19 06:00:00
2024-12-19 01:18:39,113 - __main__ - INFO - df_api columns Index(['AQI'], dtype='object')
2024-12-19 01:18:39,113 - __main__ - INFO - today=> 2024-12-19 & yesterday=> 2024-12-18
2024-12-19 01:18:39,115 - __main__ - INFO - temp_daily_aqi columns Index(['Unnamed: 0', 'Date', 'AQI'], dtype='object')
2024-12-19 01:18:39,118 - __main__ - INFO - temp_daily_aqi[2024-12-18]=> Empty DataFrame
Columns: [Unnamed: 0, AQI]
Index: []
2024-12-19 01:18:39,118 - __main__ - INFO - Index => 1749, yesterday => 2024-12-18 & AQI => 494.0
2024-12-19 01:18:39,119 - __main__ - INFO - Daily AQI data has been written to data/cleaned_data/Forecasting_time_series/sector_51_daily_aqi.csv
2024-12-19 01:18:39,119 - __main__ - INFO - Index => 1749, yesterday => 2024-12-18 & AQI => 494.0
2024-12-19 01:18:39,119 - __main__ - INFO - Daily AQI data has been written to static/data/sector_51_daily_aqi.csv
2024-12-19 01:18:39,124 - __main__ - INFO - Re-training the model & train_end is 2024-12-13 00:00:00
2024-12-19 01:18:40,535 - __main__ - INFO - Retrained the model & MAPE is 34.5%
2024-12-19 01:18:40,536 - __main__ - INFO - Retrained the model & MAE is 142.43053355659475
2024-12-19 01:18:41,697 - __main__ - INFO - Forecast=> 2024-12-19    433.556762
2024-12-20    401.485798
2024-12-21    390.018963
2024-12-22    354.384524
2024-12-23    356.953380
Freq: D, Name: predicted_mean, dtype: float64
2024-12-19 01:18:41,698 - __main__ - INFO - The forecast data has been written to data/cleaned_data/Forecasting_time_series/forecast_sector_51_daily_aqi.csv
2024-12-19 01:18:41,698 - __main__ - INFO - The forecast data has been written to static/data/forecast_sector_51_daily_aqi.csv
2024-12-19 04:20:41,185 - __main__ - INFO - station=> Sector-51, Gurugram, result => ['119', 'Sector-51, Gurugram, India', Timestamp('2024-12-19 09:00:00')]
2024-12-19 04:20:41,186 - __main__ - INFO - The hourly data has been written to data/cron_job_data/sector_51_cron_output.csv with Timestamp: 2024-12-19 09:00:00
2024-12-19 04:20:41,679 - __main__ - INFO - station=> Sector-51, Gurugram, result => ['119', 'Sector-51, Gurugram, India', Timestamp('2024-12-19 09:00:00')]
2024-12-19 04:20:41,679 - __main__ - INFO - The hourly data has been written to static/data/sector_51_cron_output.csv with Timestamp: 2024-12-19 09:00:00
2024-12-19 08:22:10,554 - __main__ - INFO - station=> Sector-51, Gurugram, result => ['405', 'Sector-51, Gurugram, India', Timestamp('2024-12-19 13:00:00')]
2024-12-19 08:22:10,555 - __main__ - INFO - The hourly data has been written to data/cron_job_data/sector_51_cron_output.csv with Timestamp: 2024-12-19 13:00:00
2024-12-19 08:22:11,170 - __main__ - INFO - station=> Sector-51, Gurugram, result => ['405', 'Sector-51, Gurugram, India', Timestamp('2024-12-19 13:00:00')]
2024-12-19 08:22:11,171 - __main__ - INFO - The hourly data has been written to static/data/sector_51_cron_output.csv with Timestamp: 2024-12-19 13:00:00
