2025-01-20 01:13:43,228 - __main__ - INFO - station=> Sector-51, Gurugram, result => ['170', 'Sector-51, Gurugram, India', Timestamp('2025-01-20 06:00:00')]
2025-01-20 01:13:43,228 - __main__ - INFO - The hourly data has been written to data/cron_job_data/sector_51_cron_output.csv with Timestamp: 2025-01-20 06:00:00
2025-01-20 01:13:44,136 - __main__ - INFO - station=> Sector-51, Gurugram, result => ['170', 'Sector-51, Gurugram, India', Timestamp('2025-01-20 06:00:00')]
2025-01-20 01:13:44,136 - __main__ - INFO - The hourly data has been written to static/data/sector_51_cron_output.csv with Timestamp: 2025-01-20 06:00:00
2025-01-20 01:13:44,247 - __main__ - INFO - df_api columns Index(['AQI'], dtype='object')
2025-01-20 01:13:44,248 - __main__ - INFO - today=> 2025-01-20 & yesterday=> 2025-01-19
2025-01-20 01:13:44,249 - __main__ - INFO - temp_daily_aqi columns Index(['Unnamed: 0', 'Date', 'AQI'], dtype='object')
2025-01-20 01:13:44,252 - __main__ - INFO - temp_daily_aqi[2025-01-19]=> Empty DataFrame
Columns: [Unnamed: 0, AQI]
Index: []
2025-01-20 01:13:44,253 - __main__ - INFO - Index => 1781, yesterday => 2025-01-19 & AQI => 224.0
2025-01-20 01:13:44,253 - __main__ - INFO - Daily AQI data has been written to data/cleaned_data/Forecasting_time_series/sector_51_daily_aqi.csv
2025-01-20 01:13:44,253 - __main__ - INFO - Index => 1781, yesterday => 2025-01-19 & AQI => 224.0
2025-01-20 01:13:44,254 - __main__ - INFO - Daily AQI data has been written to static/data/sector_51_daily_aqi.csv
2025-01-20 01:13:44,259 - __main__ - INFO - Re-training the model & train_end is 2025-01-14 00:00:00
2025-01-20 01:13:45,776 - __main__ - INFO - Retrained the model & MAPE is 39.25%
2025-01-20 01:13:45,776 - __main__ - INFO - Retrained the model & MAE is 73.88475414319899
2025-01-20 01:13:47,257 - __main__ - INFO - Forecast=> 2025-01-20    210.357698
2025-01-21    204.689588
2025-01-22    207.208609
2025-01-23    208.115632
2025-01-24    200.756600
Freq: D, Name: predicted_mean, dtype: float64
2025-01-20 01:13:47,258 - __main__ - INFO - The forecast data has been written to data/cleaned_data/Forecasting_time_series/forecast_sector_51_daily_aqi.csv
2025-01-20 01:13:47,258 - __main__ - INFO - The forecast data has been written to static/data/forecast_sector_51_daily_aqi.csv
2025-01-20 04:19:28,587 - __main__ - INFO - station=> Sector-51, Gurugram, result => ['98', 'Sector-51, Gurugram, India', Timestamp('2025-01-20 09:00:00')]
2025-01-20 04:19:28,588 - __main__ - INFO - The hourly data has been written to data/cron_job_data/sector_51_cron_output.csv with Timestamp: 2025-01-20 09:00:00
2025-01-20 04:19:29,249 - __main__ - INFO - station=> Sector-51, Gurugram, result => ['98', 'Sector-51, Gurugram, India', Timestamp('2025-01-20 09:00:00')]
2025-01-20 04:19:29,249 - __main__ - INFO - The hourly data has been written to static/data/sector_51_cron_output.csv with Timestamp: 2025-01-20 09:00:00
2025-01-20 08:21:26,967 - __main__ - INFO - station=> Sector-51, Gurugram, result => ['157', 'Sector-51, Gurugram, India', Timestamp('2025-01-20 13:00:00')]
2025-01-20 08:21:26,967 - __main__ - INFO - The hourly data has been written to data/cron_job_data/sector_51_cron_output.csv with Timestamp: 2025-01-20 13:00:00
2025-01-20 08:21:28,095 - __main__ - INFO - station=> Sector-51, Gurugram, result => ['157', 'Sector-51, Gurugram, India', Timestamp('2025-01-20 13:00:00')]
2025-01-20 08:21:28,095 - __main__ - INFO - The hourly data has been written to static/data/sector_51_cron_output.csv with Timestamp: 2025-01-20 13:00:00
