2025-04-20 01:26:51,234 - __main__ - INFO - Calling writeData & retrain_model functions.
2025-04-20 01:26:51,243 - __main__ - INFO - df_api columns Index(['AQI'], dtype='object')
2025-04-20 01:26:51,243 - __main__ - INFO - today=> 2025-04-20 & yesterday=> 2025-04-19
2025-04-20 01:26:51,245 - __main__ - INFO - temp_daily_aqi columns Index(['Unnamed: 0', 'Date', 'AQI'], dtype='object')
2025-04-20 01:26:51,247 - __main__ - INFO - temp_daily_aqi[2025-04-19]=> Empty DataFrame
Columns: [Unnamed: 0, AQI]
Index: []
2025-04-20 01:26:51,248 - __main__ - INFO - writeData function - Exception IndexError has occured for station=> data/cleaned_data/Forecasting_time_series/sector_51_daily_aqi.csv
2025-04-20 01:26:51,253 - __main__ - INFO - Re-training the model & train_end is 2025-04-11 00:00:00
2025-04-20 01:26:52,701 - __main__ - INFO - Retrained the model & MAPE is 41.51%
2025-04-20 01:26:52,701 - __main__ - INFO - Retrained the model & MAE is 36.587582434823844
2025-04-20 01:26:53,995 - __main__ - INFO - Forecast=> 2025-04-17     99.668794
2025-04-18    102.772631
2025-04-19    118.609126
2025-04-20    119.157166
2025-04-21    140.485967
Freq: D, Name: predicted_mean, dtype: float64
2025-04-20 01:26:53,995 - __main__ - INFO - The forecast data has been written to data/cleaned_data/Forecasting_time_series/forecast_sector_51_daily_aqi.csv
2025-04-20 01:26:53,996 - __main__ - INFO - The forecast data has been written to static/data/forecast_sector_51_daily_aqi.csv
2025-04-20 04:20:00,710 - __main__ - INFO - Calling writeData & retrain_model functions.
2025-04-20 04:20:00,720 - __main__ - INFO - df_api columns Index(['AQI'], dtype='object')
2025-04-20 04:20:00,720 - __main__ - INFO - today=> 2025-04-20 & yesterday=> 2025-04-19
2025-04-20 04:20:00,722 - __main__ - INFO - temp_daily_aqi columns Index(['Unnamed: 0', 'Date', 'AQI'], dtype='object')
2025-04-20 04:20:00,724 - __main__ - INFO - temp_daily_aqi[2025-04-19]=> Empty DataFrame
Columns: [Unnamed: 0, AQI]
Index: []
2025-04-20 04:20:00,725 - __main__ - INFO - writeData function - Exception IndexError has occured for station=> data/cleaned_data/Forecasting_time_series/sector_51_daily_aqi.csv
2025-04-20 04:20:00,730 - __main__ - INFO - Re-training the model & train_end is 2025-04-11 00:00:00
2025-04-20 04:20:02,275 - __main__ - INFO - Retrained the model & MAPE is 41.51%
2025-04-20 04:20:02,275 - __main__ - INFO - Retrained the model & MAE is 36.587582434823844
2025-04-20 04:20:03,560 - __main__ - INFO - Forecast=> 2025-04-17     99.668794
2025-04-18    102.772631
2025-04-19    118.609126
2025-04-20    119.157166
2025-04-21    140.485967
Freq: D, Name: predicted_mean, dtype: float64
2025-04-20 04:20:03,561 - __main__ - INFO - The forecast data has been written to data/cleaned_data/Forecasting_time_series/forecast_sector_51_daily_aqi.csv
2025-04-20 04:20:03,561 - __main__ - INFO - The forecast data has been written to static/data/forecast_sector_51_daily_aqi.csv
2025-04-20 08:19:59,710 - __main__ - INFO - Calling writeData & retrain_model functions.
2025-04-20 08:19:59,719 - __main__ - INFO - df_api columns Index(['AQI'], dtype='object')
2025-04-20 08:19:59,719 - __main__ - INFO - today=> 2025-04-20 & yesterday=> 2025-04-19
2025-04-20 08:19:59,721 - __main__ - INFO - temp_daily_aqi columns Index(['Unnamed: 0', 'Date', 'AQI'], dtype='object')
2025-04-20 08:19:59,724 - __main__ - INFO - temp_daily_aqi[2025-04-19]=> Empty DataFrame
Columns: [Unnamed: 0, AQI]
Index: []
2025-04-20 08:19:59,724 - __main__ - INFO - writeData function - Exception IndexError has occured for station=> data/cleaned_data/Forecasting_time_series/sector_51_daily_aqi.csv
2025-04-20 08:19:59,729 - __main__ - INFO - Re-training the model & train_end is 2025-04-11 00:00:00
2025-04-20 08:20:01,229 - __main__ - INFO - Retrained the model & MAPE is 41.51%
2025-04-20 08:20:01,229 - __main__ - INFO - Retrained the model & MAE is 36.587582434823844
2025-04-20 08:20:02,728 - __main__ - INFO - Forecast=> 2025-04-17     99.668794
2025-04-18    102.772631
2025-04-19    118.609126
2025-04-20    119.157166
2025-04-21    140.485967
Freq: D, Name: predicted_mean, dtype: float64
2025-04-20 08:20:02,729 - __main__ - INFO - The forecast data has been written to data/cleaned_data/Forecasting_time_series/forecast_sector_51_daily_aqi.csv
2025-04-20 08:20:02,748 - __main__ - INFO - The forecast data has been written to static/data/forecast_sector_51_daily_aqi.csv
