2025-03-20 01:17:50,722 - __main__ - INFO - station=> Sector-51, Gurugram, result => ['168', 'Sector-51, Gurugram, India', Timestamp('2025-03-20 06:00:00')]
2025-03-20 01:17:50,722 - __main__ - INFO - The hourly data has been written to data/cron_job_data/sector_51_cron_output.csv with Timestamp: 2025-03-20 06:00:00
2025-03-20 01:17:51,421 - __main__ - INFO - station=> Sector-51, Gurugram, result => ['168', 'Sector-51, Gurugram, India', Timestamp('2025-03-20 06:00:00')]
2025-03-20 01:17:51,421 - __main__ - INFO - The hourly data has been written to static/data/sector_51_cron_output.csv with Timestamp: 2025-03-20 06:00:00
2025-03-20 01:17:51,514 - __main__ - INFO - df_api columns Index(['AQI'], dtype='object')
2025-03-20 01:17:51,515 - __main__ - INFO - today=> 2025-03-20 & yesterday=> 2025-03-19
2025-03-20 01:17:51,516 - __main__ - INFO - temp_daily_aqi columns Index(['Unnamed: 0', 'Date', 'AQI'], dtype='object')
2025-03-20 01:17:51,519 - __main__ - INFO - temp_daily_aqi[2025-03-19]=> Empty DataFrame
Columns: [Unnamed: 0, AQI]
Index: []
2025-03-20 01:17:51,519 - __main__ - INFO - Index => 1840, yesterday => 2025-03-19 & AQI => 132.0
2025-03-20 01:17:51,520 - __main__ - INFO - Daily AQI data has been written to data/cleaned_data/Forecasting_time_series/sector_51_daily_aqi.csv
2025-03-20 01:17:51,520 - __main__ - INFO - Index => 1840, yesterday => 2025-03-19 & AQI => 132.0
2025-03-20 01:17:51,520 - __main__ - INFO - Daily AQI data has been written to static/data/sector_51_daily_aqi.csv
2025-03-20 01:17:51,525 - __main__ - INFO - Re-training the model & train_end is 2025-03-14 00:00:00
2025-03-20 01:17:52,978 - __main__ - INFO - Retrained the model & MAPE is 35.92%
2025-03-20 01:17:52,978 - __main__ - INFO - Retrained the model & MAE is 78.1574042247528
2025-03-20 01:17:54,601 - __main__ - INFO - Forecast=> 2025-03-20    148.288563
2025-03-21    147.897428
2025-03-22    159.432812
2025-03-23    154.688756
2025-03-24    173.535861
Freq: D, Name: predicted_mean, dtype: float64
2025-03-20 01:17:54,601 - __main__ - INFO - The forecast data has been written to data/cleaned_data/Forecasting_time_series/forecast_sector_51_daily_aqi.csv
2025-03-20 01:17:54,601 - __main__ - INFO - The forecast data has been written to static/data/forecast_sector_51_daily_aqi.csv
2025-03-20 04:20:36,622 - __main__ - INFO - station=> Sector-51, Gurugram, result => ['180', 'Sector-51, Gurugram, India', Timestamp('2025-03-20 09:00:00')]
2025-03-20 04:20:36,622 - __main__ - INFO - The hourly data has been written to data/cron_job_data/sector_51_cron_output.csv with Timestamp: 2025-03-20 09:00:00
2025-03-20 04:20:37,305 - __main__ - INFO - station=> Sector-51, Gurugram, result => ['180', 'Sector-51, Gurugram, India', Timestamp('2025-03-20 09:00:00')]
2025-03-20 04:20:37,305 - __main__ - INFO - The hourly data has been written to static/data/sector_51_cron_output.csv with Timestamp: 2025-03-20 09:00:00
2025-03-20 08:22:27,738 - __main__ - INFO - station=> Sector-51, Gurugram, result => ['157', 'Sector-51, Gurugram, India', Timestamp('2025-03-20 13:00:00')]
2025-03-20 08:22:27,738 - __main__ - INFO - The hourly data has been written to data/cron_job_data/sector_51_cron_output.csv with Timestamp: 2025-03-20 13:00:00
2025-03-20 08:22:28,440 - __main__ - INFO - station=> Sector-51, Gurugram, result => ['157', 'Sector-51, Gurugram, India', Timestamp('2025-03-20 13:00:00')]
2025-03-20 08:22:28,440 - __main__ - INFO - The hourly data has been written to static/data/sector_51_cron_output.csv with Timestamp: 2025-03-20 13:00:00
