2025-02-20 01:14:49,905 - __main__ - INFO - station=> Sector-51, Gurugram, result => ['144', 'Sector-51, Gurugram, India', Timestamp('2025-02-20 04:00:00')]
2025-02-20 01:14:49,905 - __main__ - INFO - The hourly data has been written to data/cron_job_data/sector_51_cron_output.csv with Timestamp: 2025-02-20 04:00:00
2025-02-20 01:14:50,516 - __main__ - INFO - station=> Sector-51, Gurugram, result => ['144', 'Sector-51, Gurugram, India', Timestamp('2025-02-20 04:00:00')]
2025-02-20 01:14:50,516 - __main__ - INFO - The hourly data has been written to static/data/sector_51_cron_output.csv with Timestamp: 2025-02-20 04:00:00
2025-02-20 01:14:50,620 - __main__ - INFO - df_api columns Index(['AQI'], dtype='object')
2025-02-20 01:14:50,620 - __main__ - INFO - today=> 2025-02-20 & yesterday=> 2025-02-19
2025-02-20 01:14:50,622 - __main__ - INFO - temp_daily_aqi columns Index(['Unnamed: 0', 'Date', 'AQI'], dtype='object')
2025-02-20 01:14:50,625 - __main__ - INFO - temp_daily_aqi[2025-02-19]=> Empty DataFrame
Columns: [Unnamed: 0, AQI]
Index: []
2025-02-20 01:14:50,626 - __main__ - INFO - Index => 1812, yesterday => 2025-02-19 & AQI => 157.0
2025-02-20 01:14:50,626 - __main__ - INFO - Daily AQI data has been written to data/cleaned_data/Forecasting_time_series/sector_51_daily_aqi.csv
2025-02-20 01:14:50,626 - __main__ - INFO - Index => 1812, yesterday => 2025-02-19 & AQI => 157.0
2025-02-20 01:14:50,627 - __main__ - INFO - Daily AQI data has been written to static/data/sector_51_daily_aqi.csv
2025-02-20 01:14:50,632 - __main__ - INFO - Re-training the model & train_end is 2025-02-14 00:00:00
2025-02-20 01:14:52,201 - __main__ - INFO - Retrained the model & MAPE is 27.9%
2025-02-20 01:14:52,201 - __main__ - INFO - Retrained the model & MAE is 79.290019905194
2025-02-20 01:14:53,502 - __main__ - INFO - Forecast=> 2025-02-20    173.645917
2025-02-21    170.196865
2025-02-22    179.598283
2025-02-23    170.904273
2025-02-24    188.730733
Freq: D, Name: predicted_mean, dtype: float64
2025-02-20 01:14:53,503 - __main__ - INFO - The forecast data has been written to data/cleaned_data/Forecasting_time_series/forecast_sector_51_daily_aqi.csv
2025-02-20 01:14:53,503 - __main__ - INFO - The forecast data has been written to static/data/forecast_sector_51_daily_aqi.csv
2025-02-20 16:21:30,192 - __main__ - INFO - station=> Sector-51, Gurugram, result => ['135', 'Sector-51, Gurugram, India', Timestamp('2025-02-20 21:00:00')]
2025-02-20 16:21:30,192 - __main__ - INFO - The hourly data has been written to data/cron_job_data/sector_51_cron_output.csv with Timestamp: 2025-02-20 21:00:00
2025-02-20 16:21:30,890 - __main__ - INFO - station=> Sector-51, Gurugram, result => ['135', 'Sector-51, Gurugram, India', Timestamp('2025-02-20 21:00:00')]
2025-02-20 16:21:30,890 - __main__ - INFO - The hourly data has been written to static/data/sector_51_cron_output.csv with Timestamp: 2025-02-20 21:00:00
2025-02-20 20:18:19,345 - __main__ - INFO - station=> Sector-51, Gurugram, result => ['147', 'Sector-51, Gurugram, India', Timestamp('2025-02-21 01:00:00')]
2025-02-20 20:18:19,346 - __main__ - INFO - The hourly data has been written to data/cron_job_data/sector_51_cron_output.csv with Timestamp: 2025-02-21 01:00:00
2025-02-20 20:18:19,965 - __main__ - INFO - station=> Sector-51, Gurugram, result => ['147', 'Sector-51, Gurugram, India', Timestamp('2025-02-21 01:00:00')]
2025-02-20 20:18:19,965 - __main__ - INFO - The hourly data has been written to static/data/sector_51_cron_output.csv with Timestamp: 2025-02-21 01:00:00
