2024-11-20 01:17:30,402 - __main__ - INFO - df_api columns Index(['AQI'], dtype='object')
2024-11-20 01:17:30,403 - __main__ - INFO - today=> 2024-11-20 & yesterday=> 2024-11-19
2024-11-20 01:17:30,404 - __main__ - INFO - temp_daily_aqi columns Index(['Unnamed: 0', 'Date', 'AQI'], dtype='object')
2024-11-20 01:17:30,407 - __main__ - INFO - temp_daily_aqi[2024-11-19]=> Empty DataFrame
Columns: [Unnamed: 0, AQI]
Index: []
2024-11-20 01:17:30,408 - __main__ - INFO - Index => 1720, yesterday => 2024-11-19 & AQI => 411.0
2024-11-20 01:17:30,408 - __main__ - INFO - Daily AQI data has been written to data/cleaned_data/Forecasting_time_series/sector_51_daily_aqi.csv
2024-11-20 01:17:30,408 - __main__ - INFO - Index => 1720, yesterday => 2024-11-19 & AQI => 411.0
2024-11-20 01:17:30,409 - __main__ - INFO - Daily AQI data has been written to static/data/sector_51_daily_aqi.csv
2024-11-20 01:17:30,414 - __main__ - INFO - Re-training the model & train_end is 2024-11-14 00:00:00
2024-11-20 01:17:31,838 - __main__ - INFO - Retrained the model & MAPE is 38.0%
2024-11-20 01:17:31,839 - __main__ - INFO - Retrained the model & MAE is 171.16369026339424
2024-11-20 01:17:33,040 - __main__ - INFO - Forecast=> 2024-11-20    408.618686
2024-11-21    388.203352
2024-11-22    368.950228
2024-11-23    360.706004
2024-11-24    333.962508
Freq: D, Name: predicted_mean, dtype: float64
2024-11-20 01:17:33,041 - __main__ - INFO - The forecast data has been written to data/cleaned_data/Forecasting_time_series/forecast_sector_51_daily_aqi.csv
2024-11-20 01:17:33,041 - __main__ - INFO - The forecast data has been written to static/data/forecast_sector_51_daily_aqi.csv
