2024-12-20 01:14:45,011 - __main__ - INFO - station=> Sector-51, Gurugram, result => ['170', 'Sector-51, Gurugram, India', Timestamp('2024-12-20 06:00:00')]
2024-12-20 01:14:45,011 - __main__ - INFO - The hourly data has been written to data/cron_job_data/sector_51_cron_output.csv with Timestamp: 2024-12-20 06:00:00
2024-12-20 01:14:45,475 - __main__ - INFO - station=> Sector-51, Gurugram, result => ['170', 'Sector-51, Gurugram, India', Timestamp('2024-12-20 06:00:00')]
2024-12-20 01:14:45,475 - __main__ - INFO - The hourly data has been written to static/data/sector_51_cron_output.csv with Timestamp: 2024-12-20 06:00:00
2024-12-20 01:14:45,612 - __main__ - INFO - df_api columns Index(['AQI'], dtype='object')
2024-12-20 01:14:45,613 - __main__ - INFO - today=> 2024-12-20 & yesterday=> 2024-12-19
2024-12-20 01:14:45,614 - __main__ - INFO - temp_daily_aqi columns Index(['Unnamed: 0', 'Date', 'AQI'], dtype='object')
2024-12-20 01:14:45,617 - __main__ - INFO - temp_daily_aqi[2024-12-19]=> Empty DataFrame
Columns: [Unnamed: 0, AQI]
Index: []
2024-12-20 01:14:45,618 - __main__ - INFO - Index => 1750, yesterday => 2024-12-19 & AQI => 260.0
2024-12-20 01:14:45,618 - __main__ - INFO - Daily AQI data has been written to data/cleaned_data/Forecasting_time_series/sector_51_daily_aqi.csv
2024-12-20 01:14:45,618 - __main__ - INFO - Index => 1750, yesterday => 2024-12-19 & AQI => 260.0
2024-12-20 01:14:45,619 - __main__ - INFO - Daily AQI data has been written to static/data/sector_51_daily_aqi.csv
2024-12-20 01:14:45,624 - __main__ - INFO - Re-training the model & train_end is 2024-12-14 00:00:00
2024-12-20 01:14:46,980 - __main__ - INFO - Retrained the model & MAPE is 40.24%
2024-12-20 01:14:46,981 - __main__ - INFO - Retrained the model & MAE is 158.57080358493968
2024-12-20 01:14:48,515 - __main__ - INFO - Forecast=> 2024-12-20    292.800539
2024-12-21    292.937403
2024-12-22    267.682197
2024-12-23    279.481689
2024-12-24    259.796856
Freq: D, Name: predicted_mean, dtype: float64
2024-12-20 01:14:48,515 - __main__ - INFO - The forecast data has been written to data/cleaned_data/Forecasting_time_series/forecast_sector_51_daily_aqi.csv
2024-12-20 01:14:48,516 - __main__ - INFO - The forecast data has been written to static/data/forecast_sector_51_daily_aqi.csv
2024-12-20 04:19:58,617 - __main__ - INFO - station=> Sector-51, Gurugram, result => ['178', 'Sector-51, Gurugram, India', Timestamp('2024-12-20 09:00:00')]
2024-12-20 04:19:58,617 - __main__ - INFO - The hourly data has been written to data/cron_job_data/sector_51_cron_output.csv with Timestamp: 2024-12-20 09:00:00
2024-12-20 04:19:59,300 - __main__ - INFO - station=> Sector-51, Gurugram, result => ['178', 'Sector-51, Gurugram, India', Timestamp('2024-12-20 09:00:00')]
2024-12-20 04:19:59,300 - __main__ - INFO - The hourly data has been written to static/data/sector_51_cron_output.csv with Timestamp: 2024-12-20 09:00:00
