2025-04-21 01:25:23,321 - __main__ - INFO - Calling writeData & retrain_model functions.
2025-04-21 01:25:23,330 - __main__ - INFO - df_api columns Index(['AQI'], dtype='object')
2025-04-21 01:25:23,331 - __main__ - INFO - today=> 2025-04-21 & yesterday=> 2025-04-20
2025-04-21 01:25:23,332 - __main__ - INFO - temp_daily_aqi columns Index(['Unnamed: 0', 'Date', 'AQI'], dtype='object')
2025-04-21 01:25:23,335 - __main__ - INFO - temp_daily_aqi[2025-04-20]=> Empty DataFrame
Columns: [Unnamed: 0, AQI]
Index: []
2025-04-21 01:25:23,335 - __main__ - INFO - writeData function - Exception IndexError has occured for station=> data/cleaned_data/Forecasting_time_series/sector_51_daily_aqi.csv
2025-04-21 01:25:23,341 - __main__ - INFO - Re-training the model & train_end is 2025-04-11 00:00:00
2025-04-21 01:25:24,801 - __main__ - INFO - Retrained the model & MAPE is 41.51%
2025-04-21 01:25:24,802 - __main__ - INFO - Retrained the model & MAE is 36.587582434823844
2025-04-21 01:25:26,109 - __main__ - INFO - Forecast=> 2025-04-17     99.668794
2025-04-18    102.772631
2025-04-19    118.609126
2025-04-20    119.157166
2025-04-21    140.485967
Freq: D, Name: predicted_mean, dtype: float64
2025-04-21 01:25:26,110 - __main__ - INFO - The forecast data has been written to data/cleaned_data/Forecasting_time_series/forecast_sector_51_daily_aqi.csv
2025-04-21 01:25:26,110 - __main__ - INFO - The forecast data has been written to static/data/forecast_sector_51_daily_aqi.csv
2025-04-21 04:21:48,514 - __main__ - INFO - Calling writeData & retrain_model functions.
2025-04-21 04:21:48,523 - __main__ - INFO - df_api columns Index(['AQI'], dtype='object')
2025-04-21 04:21:48,523 - __main__ - INFO - today=> 2025-04-21 & yesterday=> 2025-04-20
2025-04-21 04:21:48,525 - __main__ - INFO - temp_daily_aqi columns Index(['Unnamed: 0', 'Date', 'AQI'], dtype='object')
2025-04-21 04:21:48,528 - __main__ - INFO - temp_daily_aqi[2025-04-20]=> Empty DataFrame
Columns: [Unnamed: 0, AQI]
Index: []
2025-04-21 04:21:48,528 - __main__ - INFO - writeData function - Exception IndexError has occured for station=> data/cleaned_data/Forecasting_time_series/sector_51_daily_aqi.csv
2025-04-21 04:21:48,533 - __main__ - INFO - Re-training the model & train_end is 2025-04-11 00:00:00
2025-04-21 04:21:50,161 - __main__ - INFO - Retrained the model & MAPE is 41.51%
2025-04-21 04:21:50,161 - __main__ - INFO - Retrained the model & MAE is 36.587582434823844
2025-04-21 04:21:51,620 - __main__ - INFO - Forecast=> 2025-04-17     99.668794
2025-04-18    102.772631
2025-04-19    118.609126
2025-04-20    119.157166
2025-04-21    140.485967
Freq: D, Name: predicted_mean, dtype: float64
2025-04-21 04:21:51,621 - __main__ - INFO - The forecast data has been written to data/cleaned_data/Forecasting_time_series/forecast_sector_51_daily_aqi.csv
2025-04-21 04:21:51,621 - __main__ - INFO - The forecast data has been written to static/data/forecast_sector_51_daily_aqi.csv
2025-04-21 08:24:12,910 - __main__ - INFO - Calling writeData & retrain_model functions.
2025-04-21 08:24:12,920 - __main__ - INFO - df_api columns Index(['AQI'], dtype='object')
2025-04-21 08:24:12,920 - __main__ - INFO - today=> 2025-04-21 & yesterday=> 2025-04-20
2025-04-21 08:24:12,922 - __main__ - INFO - temp_daily_aqi columns Index(['Unnamed: 0', 'Date', 'AQI'], dtype='object')
2025-04-21 08:24:12,925 - __main__ - INFO - temp_daily_aqi[2025-04-20]=> Empty DataFrame
Columns: [Unnamed: 0, AQI]
Index: []
2025-04-21 08:24:12,926 - __main__ - INFO - writeData function - Exception IndexError has occured for station=> data/cleaned_data/Forecasting_time_series/sector_51_daily_aqi.csv
2025-04-21 08:24:12,931 - __main__ - INFO - Re-training the model & train_end is 2025-04-11 00:00:00
2025-04-21 08:24:14,494 - __main__ - INFO - Retrained the model & MAPE is 41.51%
2025-04-21 08:24:14,494 - __main__ - INFO - Retrained the model & MAE is 36.587582434823844
2025-04-21 08:24:15,802 - __main__ - INFO - Forecast=> 2025-04-17     99.668794
2025-04-18    102.772631
2025-04-19    118.609126
2025-04-20    119.157166
2025-04-21    140.485967
Freq: D, Name: predicted_mean, dtype: float64
2025-04-21 08:24:15,803 - __main__ - INFO - The forecast data has been written to data/cleaned_data/Forecasting_time_series/forecast_sector_51_daily_aqi.csv
2025-04-21 08:24:15,803 - __main__ - INFO - The forecast data has been written to static/data/forecast_sector_51_daily_aqi.csv
2025-04-21 12:35:08,036 - __main__ - INFO - Calling writeData & retrain_model functions.
2025-04-21 12:35:08,046 - __main__ - INFO - df_api columns Index(['AQI'], dtype='object')
2025-04-21 12:35:08,046 - __main__ - INFO - today=> 2025-04-21 & yesterday=> 2025-04-20
2025-04-21 12:35:08,049 - __main__ - INFO - temp_daily_aqi columns Index(['Unnamed: 0', 'Date', 'AQI'], dtype='object')
2025-04-21 12:35:08,052 - __main__ - INFO - temp_daily_aqi[2025-04-20]=> Empty DataFrame
Columns: [Unnamed: 0, AQI]
Index: []
2025-04-21 12:35:08,052 - __main__ - INFO - writeData function - Exception IndexError has occured for station=> data/cleaned_data/Forecasting_time_series/sector_51_daily_aqi.csv
2025-04-21 12:35:08,057 - __main__ - INFO - Re-training the model & train_end is 2025-04-11 00:00:00
2025-04-21 12:35:09,482 - __main__ - INFO - Retrained the model & MAPE is 41.51%
2025-04-21 12:35:09,482 - __main__ - INFO - Retrained the model & MAE is 36.587582434823844
2025-04-21 12:35:10,789 - __main__ - INFO - Forecast=> 2025-04-17     99.668794
2025-04-18    102.772631
2025-04-19    118.609126
2025-04-20    119.157166
2025-04-21    140.485967
Freq: D, Name: predicted_mean, dtype: float64
2025-04-21 12:35:10,789 - __main__ - INFO - The forecast data has been written to data/cleaned_data/Forecasting_time_series/forecast_sector_51_daily_aqi.csv
2025-04-21 12:35:10,790 - __main__ - INFO - The forecast data has been written to static/data/forecast_sector_51_daily_aqi.csv
2025-04-21 16:21:30,761 - __main__ - INFO - Calling writeData & retrain_model functions.
2025-04-21 16:21:30,771 - __main__ - INFO - df_api columns Index(['AQI'], dtype='object')
2025-04-21 16:21:30,772 - __main__ - INFO - today=> 2025-04-21 & yesterday=> 2025-04-20
2025-04-21 16:21:30,773 - __main__ - INFO - temp_daily_aqi columns Index(['Unnamed: 0', 'Date', 'AQI'], dtype='object')
2025-04-21 16:21:30,776 - __main__ - INFO - temp_daily_aqi[2025-04-20]=> Empty DataFrame
Columns: [Unnamed: 0, AQI]
Index: []
2025-04-21 16:21:30,777 - __main__ - INFO - writeData function - Exception IndexError has occured for station=> data/cleaned_data/Forecasting_time_series/sector_51_daily_aqi.csv
2025-04-21 16:21:30,782 - __main__ - INFO - Re-training the model & train_end is 2025-04-11 00:00:00
2025-04-21 16:21:32,457 - __main__ - INFO - Retrained the model & MAPE is 41.51%
2025-04-21 16:21:32,458 - __main__ - INFO - Retrained the model & MAE is 36.587582434823844
2025-04-21 16:21:33,765 - __main__ - INFO - Forecast=> 2025-04-17     99.668794
2025-04-18    102.772631
2025-04-19    118.609126
2025-04-20    119.157166
2025-04-21    140.485967
Freq: D, Name: predicted_mean, dtype: float64
2025-04-21 16:21:33,766 - __main__ - INFO - The forecast data has been written to data/cleaned_data/Forecasting_time_series/forecast_sector_51_daily_aqi.csv
2025-04-21 16:21:33,766 - __main__ - INFO - The forecast data has been written to static/data/forecast_sector_51_daily_aqi.csv
