2025-01-21 01:12:24,583 - __main__ - INFO - station=> Sector-51, Gurugram, result => ['158', 'Sector-51, Gurugram, India', Timestamp('2025-01-21 06:00:00')]
2025-01-21 01:12:24,583 - __main__ - INFO - The hourly data has been written to data/cron_job_data/sector_51_cron_output.csv with Timestamp: 2025-01-21 06:00:00
2025-01-21 01:12:25,282 - __main__ - INFO - station=> Sector-51, Gurugram, result => ['158', 'Sector-51, Gurugram, India', Timestamp('2025-01-21 06:00:00')]
2025-01-21 01:12:25,282 - __main__ - INFO - The hourly data has been written to static/data/sector_51_cron_output.csv with Timestamp: 2025-01-21 06:00:00
2025-01-21 01:12:25,354 - __main__ - INFO - df_api columns Index(['AQI'], dtype='object')
2025-01-21 01:12:25,355 - __main__ - INFO - today=> 2025-01-21 & yesterday=> 2025-01-20
2025-01-21 01:12:25,357 - __main__ - INFO - temp_daily_aqi columns Index(['Unnamed: 0', 'Date', 'AQI'], dtype='object')
2025-01-21 01:12:25,359 - __main__ - INFO - temp_daily_aqi[2025-01-20]=> Empty DataFrame
Columns: [Unnamed: 0, AQI]
Index: []
2025-01-21 01:12:25,360 - __main__ - INFO - Index => 1782, yesterday => 2025-01-20 & AQI => 169.0
2025-01-21 01:12:25,360 - __main__ - INFO - Daily AQI data has been written to data/cleaned_data/Forecasting_time_series/sector_51_daily_aqi.csv
2025-01-21 01:12:25,361 - __main__ - INFO - Index => 1782, yesterday => 2025-01-20 & AQI => 169.0
2025-01-21 01:12:25,361 - __main__ - INFO - Daily AQI data has been written to static/data/sector_51_daily_aqi.csv
2025-01-21 01:12:25,366 - __main__ - INFO - Re-training the model & train_end is 2025-01-15 00:00:00
2025-01-21 01:12:26,773 - __main__ - INFO - Retrained the model & MAPE is 75.66%
2025-01-21 01:12:26,773 - __main__ - INFO - Retrained the model & MAE is 117.41593367094524
2025-01-21 01:12:28,256 - __main__ - INFO - Forecast=> 2025-01-21    179.934771
2025-01-22    184.930343
2025-01-23    188.169322
2025-01-24    183.071442
2025-01-25    188.443671
Freq: D, Name: predicted_mean, dtype: float64
2025-01-21 01:12:28,257 - __main__ - INFO - The forecast data has been written to data/cleaned_data/Forecasting_time_series/forecast_sector_51_daily_aqi.csv
2025-01-21 01:12:28,257 - __main__ - INFO - The forecast data has been written to static/data/forecast_sector_51_daily_aqi.csv
