2025-03-21 01:19:30,417 - __main__ - INFO - station=> Sector-51, Gurugram, result => ['161', 'Sector-51, Gurugram, India', Timestamp('2025-03-21 06:00:00')]
2025-03-21 01:19:30,417 - __main__ - INFO - The hourly data has been written to data/cron_job_data/sector_51_cron_output.csv with Timestamp: 2025-03-21 06:00:00
2025-03-21 01:19:31,045 - __main__ - INFO - station=> Sector-51, Gurugram, result => ['161', 'Sector-51, Gurugram, India', Timestamp('2025-03-21 06:00:00')]
2025-03-21 01:19:31,045 - __main__ - INFO - The hourly data has been written to static/data/sector_51_cron_output.csv with Timestamp: 2025-03-21 06:00:00
2025-03-21 01:19:31,103 - __main__ - INFO - df_api columns Index(['AQI'], dtype='object')
2025-03-21 01:19:31,104 - __main__ - INFO - today=> 2025-03-21 & yesterday=> 2025-03-20
2025-03-21 01:19:31,106 - __main__ - INFO - temp_daily_aqi columns Index(['Unnamed: 0', 'Date', 'AQI'], dtype='object')
2025-03-21 01:19:31,108 - __main__ - INFO - temp_daily_aqi[2025-03-20]=> Empty DataFrame
Columns: [Unnamed: 0, AQI]
Index: []
2025-03-21 01:19:31,109 - __main__ - INFO - Index => 1841, yesterday => 2025-03-20 & AQI => 172.0
2025-03-21 01:19:31,109 - __main__ - INFO - Daily AQI data has been written to data/cleaned_data/Forecasting_time_series/sector_51_daily_aqi.csv
2025-03-21 01:19:31,110 - __main__ - INFO - Index => 1841, yesterday => 2025-03-20 & AQI => 172.0
2025-03-21 01:19:31,110 - __main__ - INFO - Daily AQI data has been written to static/data/sector_51_daily_aqi.csv
2025-03-21 01:19:31,115 - __main__ - INFO - Re-training the model & train_end is 2025-03-15 00:00:00
2025-03-21 01:19:32,428 - __main__ - INFO - Retrained the model & MAPE is 35.69%
2025-03-21 01:19:32,428 - __main__ - INFO - Retrained the model & MAE is 71.49880582671369
2025-03-21 01:19:33,909 - __main__ - INFO - Forecast=> 2025-03-21    162.197981
2025-03-22    172.226034
2025-03-23    166.132614
2025-03-24    183.724993
2025-03-25    179.948873
Freq: D, Name: predicted_mean, dtype: float64
2025-03-21 01:19:33,910 - __main__ - INFO - The forecast data has been written to data/cleaned_data/Forecasting_time_series/forecast_sector_51_daily_aqi.csv
2025-03-21 01:19:33,910 - __main__ - INFO - The forecast data has been written to static/data/forecast_sector_51_daily_aqi.csv
2025-03-21 04:20:26,399 - __main__ - INFO - station=> Sector-51, Gurugram, result => ['156', 'Sector-51, Gurugram, India', Timestamp('2025-03-21 09:00:00')]
2025-03-21 04:20:26,400 - __main__ - INFO - The hourly data has been written to data/cron_job_data/sector_51_cron_output.csv with Timestamp: 2025-03-21 09:00:00
2025-03-21 04:20:26,861 - __main__ - INFO - station=> Sector-51, Gurugram, result => ['156', 'Sector-51, Gurugram, India', Timestamp('2025-03-21 09:00:00')]
2025-03-21 04:20:26,861 - __main__ - INFO - The hourly data has been written to static/data/sector_51_cron_output.csv with Timestamp: 2025-03-21 09:00:00
