2024-11-21 01:17:16,684 - __main__ - INFO - df_api columns Index(['AQI'], dtype='object')
2024-11-21 01:17:16,685 - __main__ - INFO - today=> 2024-11-21 & yesterday=> 2024-11-20
2024-11-21 01:17:16,686 - __main__ - INFO - temp_daily_aqi columns Index(['Unnamed: 0', 'Date', 'AQI'], dtype='object')
2024-11-21 01:17:16,689 - __main__ - INFO - temp_daily_aqi[2024-11-20]=> Empty DataFrame
Columns: [Unnamed: 0, AQI]
Index: []
2024-11-21 01:17:16,690 - __main__ - INFO - writeData function - Exception IndexError has occured for station=> data/cleaned_data/Forecasting_time_series/sector_51_daily_aqi.csv
2024-11-21 01:17:16,695 - __main__ - INFO - Re-training the model & train_end is 2024-11-14 00:00:00
2024-11-21 01:17:18,121 - __main__ - INFO - Retrained the model & MAPE is 38.0%
2024-11-21 01:17:18,122 - __main__ - INFO - Retrained the model & MAE is 171.16369026339424
2024-11-21 01:17:19,324 - __main__ - INFO - Forecast=> 2024-11-20    408.618686
2024-11-21    388.203352
2024-11-22    368.950228
2024-11-23    360.706004
2024-11-24    333.962508
Freq: D, Name: predicted_mean, dtype: float64
2024-11-21 01:17:19,325 - __main__ - INFO - The forecast data has been written to data/cleaned_data/Forecasting_time_series/forecast_sector_51_daily_aqi.csv
2024-11-21 01:17:19,325 - __main__ - INFO - The forecast data has been written to static/data/forecast_sector_51_daily_aqi.csv
2024-11-21 04:20:58,408 - __main__ - INFO - df_api columns Index(['AQI'], dtype='object')
2024-11-21 04:20:58,409 - __main__ - INFO - today=> 2024-11-21 & yesterday=> 2024-11-20
2024-11-21 04:20:58,411 - __main__ - INFO - temp_daily_aqi columns Index(['Unnamed: 0', 'Date', 'AQI'], dtype='object')
2024-11-21 04:20:58,413 - __main__ - INFO - temp_daily_aqi[2024-11-20]=> Empty DataFrame
Columns: [Unnamed: 0, AQI]
Index: []
2024-11-21 04:20:58,414 - __main__ - INFO - writeData function - Exception IndexError has occured for station=> data/cleaned_data/Forecasting_time_series/sector_51_daily_aqi.csv
2024-11-21 04:20:58,419 - __main__ - INFO - Re-training the model & train_end is 2024-11-14 00:00:00
2024-11-21 04:20:59,815 - __main__ - INFO - Retrained the model & MAPE is 38.0%
2024-11-21 04:20:59,815 - __main__ - INFO - Retrained the model & MAE is 171.16369026339424
2024-11-21 04:21:00,956 - __main__ - INFO - Forecast=> 2024-11-20    408.618686
2024-11-21    388.203352
2024-11-22    368.950228
2024-11-23    360.706004
2024-11-24    333.962508
Freq: D, Name: predicted_mean, dtype: float64
2024-11-21 04:21:00,956 - __main__ - INFO - The forecast data has been written to data/cleaned_data/Forecasting_time_series/forecast_sector_51_daily_aqi.csv
2024-11-21 04:21:00,957 - __main__ - INFO - The forecast data has been written to static/data/forecast_sector_51_daily_aqi.csv
