2024-12-21 01:13:21,746 - __main__ - INFO - station=> Sector-51, Gurugram, result => ['174', 'Sector-51, Gurugram, India', Timestamp('2024-12-21 06:00:00')]
2024-12-21 01:13:21,747 - __main__ - INFO - The hourly data has been written to data/cron_job_data/sector_51_cron_output.csv with Timestamp: 2024-12-21 06:00:00
2024-12-21 01:13:22,355 - __main__ - INFO - station=> Sector-51, Gurugram, result => ['174', 'Sector-51, Gurugram, India', Timestamp('2024-12-21 06:00:00')]
2024-12-21 01:13:22,355 - __main__ - INFO - The hourly data has been written to static/data/sector_51_cron_output.csv with Timestamp: 2024-12-21 06:00:00
2024-12-21 01:13:22,441 - __main__ - INFO - df_api columns Index(['AQI'], dtype='object')
2024-12-21 01:13:22,442 - __main__ - INFO - today=> 2024-12-21 & yesterday=> 2024-12-20
2024-12-21 01:13:22,443 - __main__ - INFO - temp_daily_aqi columns Index(['Unnamed: 0', 'Date', 'AQI'], dtype='object')
2024-12-21 01:13:22,446 - __main__ - INFO - temp_daily_aqi[2024-12-20]=> Empty DataFrame
Columns: [Unnamed: 0, AQI]
Index: []
2024-12-21 01:13:22,446 - __main__ - INFO - Index => 1751, yesterday => 2024-12-20 & AQI => 305.0
2024-12-21 01:13:22,447 - __main__ - INFO - Daily AQI data has been written to data/cleaned_data/Forecasting_time_series/sector_51_daily_aqi.csv
2024-12-21 01:13:22,447 - __main__ - INFO - Index => 1751, yesterday => 2024-12-20 & AQI => 305.0
2024-12-21 01:13:22,448 - __main__ - INFO - Daily AQI data has been written to static/data/sector_51_daily_aqi.csv
2024-12-21 01:13:22,453 - __main__ - INFO - Re-training the model & train_end is 2024-12-15 00:00:00
2024-12-21 01:13:23,880 - __main__ - INFO - Retrained the model & MAPE is 49.04%
2024-12-21 01:13:23,880 - __main__ - INFO - Retrained the model & MAE is 187.76062965431402
2024-12-21 01:13:25,474 - __main__ - INFO - Forecast=> 2024-12-21    300.609561
2024-12-22    274.574925
2024-12-23    285.591932
2024-12-24    265.340266
2024-12-25    260.571777
Freq: D, Name: predicted_mean, dtype: float64
2024-12-21 01:13:25,474 - __main__ - INFO - The forecast data has been written to data/cleaned_data/Forecasting_time_series/forecast_sector_51_daily_aqi.csv
2024-12-21 01:13:25,482 - __main__ - INFO - The forecast data has been written to static/data/forecast_sector_51_daily_aqi.csv
2024-12-21 04:18:51,552 - __main__ - INFO - station=> Sector-51, Gurugram, result => ['158', 'Sector-51, Gurugram, India', Timestamp('2024-12-21 09:00:00')]
2024-12-21 04:18:51,552 - __main__ - INFO - The hourly data has been written to data/cron_job_data/sector_51_cron_output.csv with Timestamp: 2024-12-21 09:00:00
2024-12-21 04:18:52,233 - __main__ - INFO - station=> Sector-51, Gurugram, result => ['158', 'Sector-51, Gurugram, India', Timestamp('2024-12-21 09:00:00')]
2024-12-21 04:18:52,234 - __main__ - INFO - The hourly data has been written to static/data/sector_51_cron_output.csv with Timestamp: 2024-12-21 09:00:00
2024-12-21 08:18:58,635 - __main__ - INFO - station=> Sector-51, Gurugram, result => ['191', 'Sector-51, Gurugram, India', Timestamp('2024-12-21 13:00:00')]
2024-12-21 08:18:58,635 - __main__ - INFO - The hourly data has been written to data/cron_job_data/sector_51_cron_output.csv with Timestamp: 2024-12-21 13:00:00
2024-12-21 08:18:59,103 - __main__ - INFO - station=> Sector-51, Gurugram, result => ['191', 'Sector-51, Gurugram, India', Timestamp('2024-12-21 13:00:00')]
2024-12-21 08:18:59,103 - __main__ - INFO - The hourly data has been written to static/data/sector_51_cron_output.csv with Timestamp: 2024-12-21 13:00:00
2024-12-21 12:29:11,995 - __main__ - INFO - station=> Sector-51, Gurugram, result => ['175', 'Sector-51, Gurugram, India', Timestamp('2024-12-21 17:00:00')]
2024-12-21 12:29:11,995 - __main__ - INFO - The hourly data has been written to data/cron_job_data/sector_51_cron_output.csv with Timestamp: 2024-12-21 17:00:00
2024-12-21 12:29:12,678 - __main__ - INFO - station=> Sector-51, Gurugram, result => ['175', 'Sector-51, Gurugram, India', Timestamp('2024-12-21 17:00:00')]
2024-12-21 12:29:12,678 - __main__ - INFO - The hourly data has been written to static/data/sector_51_cron_output.csv with Timestamp: 2024-12-21 17:00:00
2024-12-21 16:18:03,776 - __main__ - INFO - station=> Sector-51, Gurugram, result => ['268', 'Sector-51, Gurugram, India', Timestamp('2024-12-21 21:00:00')]
2024-12-21 16:18:03,776 - __main__ - INFO - The hourly data has been written to data/cron_job_data/sector_51_cron_output.csv with Timestamp: 2024-12-21 21:00:00
2024-12-21 16:18:04,466 - __main__ - INFO - station=> Sector-51, Gurugram, result => ['268', 'Sector-51, Gurugram, India', Timestamp('2024-12-21 21:00:00')]
2024-12-21 16:18:04,466 - __main__ - INFO - The hourly data has been written to static/data/sector_51_cron_output.csv with Timestamp: 2024-12-21 21:00:00
