2025-03-22 01:17:36,559 - __main__ - INFO - station=> Sector-51, Gurugram, result => ['173', 'Sector-51, Gurugram, India', Timestamp('2025-03-22 06:00:00')]
2025-03-22 01:17:36,559 - __main__ - INFO - The hourly data has been written to data/cron_job_data/sector_51_cron_output.csv with Timestamp: 2025-03-22 06:00:00
2025-03-22 01:17:37,239 - __main__ - INFO - station=> Sector-51, Gurugram, result => ['173', 'Sector-51, Gurugram, India', Timestamp('2025-03-22 06:00:00')]
2025-03-22 01:17:37,239 - __main__ - INFO - The hourly data has been written to static/data/sector_51_cron_output.csv with Timestamp: 2025-03-22 06:00:00
2025-03-22 01:17:37,309 - __main__ - INFO - df_api columns Index(['AQI'], dtype='object')
2025-03-22 01:17:37,310 - __main__ - INFO - today=> 2025-03-22 & yesterday=> 2025-03-21
2025-03-22 01:17:37,312 - __main__ - INFO - temp_daily_aqi columns Index(['Unnamed: 0', 'Date', 'AQI'], dtype='object')
2025-03-22 01:17:37,314 - __main__ - INFO - temp_daily_aqi[2025-03-21]=> Empty DataFrame
Columns: [Unnamed: 0, AQI]
Index: []
2025-03-22 01:17:37,315 - __main__ - INFO - Index => 1842, yesterday => 2025-03-21 & AQI => 158.0
2025-03-22 01:17:37,315 - __main__ - INFO - Daily AQI data has been written to data/cleaned_data/Forecasting_time_series/sector_51_daily_aqi.csv
2025-03-22 01:17:37,315 - __main__ - INFO - Index => 1842, yesterday => 2025-03-21 & AQI => 158.0
2025-03-22 01:17:37,316 - __main__ - INFO - Daily AQI data has been written to static/data/sector_51_daily_aqi.csv
2025-03-22 01:17:37,321 - __main__ - INFO - Re-training the model & train_end is 2025-03-16 00:00:00
2025-03-22 01:17:38,750 - __main__ - INFO - Retrained the model & MAPE is 61.2%
2025-03-22 01:17:38,751 - __main__ - INFO - Retrained the model & MAE is 82.47704845398313
2025-03-22 01:17:40,719 - __main__ - INFO - Forecast=> 2025-03-22    169.706249
2025-03-23    163.879480
2025-03-24    181.726743
2025-03-25    178.139566
2025-03-26    177.698089
Freq: D, Name: predicted_mean, dtype: float64
2025-03-22 01:17:40,720 - __main__ - INFO - The forecast data has been written to data/cleaned_data/Forecasting_time_series/forecast_sector_51_daily_aqi.csv
2025-03-22 01:17:40,720 - __main__ - INFO - The forecast data has been written to static/data/forecast_sector_51_daily_aqi.csv
