2025-01-22 01:14:11,461 - __main__ - INFO - station=> Sector-51, Gurugram, result => ['157', 'Sector-51, Gurugram, India', Timestamp('2025-01-22 06:00:00')]
2025-01-22 01:14:11,461 - __main__ - INFO - The hourly data has been written to data/cron_job_data/sector_51_cron_output.csv with Timestamp: 2025-01-22 06:00:00
2025-01-22 01:14:12,073 - __main__ - INFO - station=> Sector-51, Gurugram, result => ['157', 'Sector-51, Gurugram, India', Timestamp('2025-01-22 06:00:00')]
2025-01-22 01:14:12,073 - __main__ - INFO - The hourly data has been written to static/data/sector_51_cron_output.csv with Timestamp: 2025-01-22 06:00:00
2025-01-22 01:14:12,192 - __main__ - INFO - df_api columns Index(['AQI'], dtype='object')
2025-01-22 01:14:12,192 - __main__ - INFO - today=> 2025-01-22 & yesterday=> 2025-01-21
2025-01-22 01:14:12,194 - __main__ - INFO - temp_daily_aqi columns Index(['Unnamed: 0', 'Date', 'AQI'], dtype='object')
2025-01-22 01:14:12,197 - __main__ - INFO - temp_daily_aqi[2025-01-21]=> Empty DataFrame
Columns: [Unnamed: 0, AQI]
Index: []
2025-01-22 01:14:12,197 - __main__ - INFO - Index => 1783, yesterday => 2025-01-21 & AQI => 158.0
2025-01-22 01:14:12,197 - __main__ - INFO - Daily AQI data has been written to data/cleaned_data/Forecasting_time_series/sector_51_daily_aqi.csv
2025-01-22 01:14:12,198 - __main__ - INFO - Index => 1783, yesterday => 2025-01-21 & AQI => 158.0
2025-01-22 01:14:12,198 - __main__ - INFO - Daily AQI data has been written to static/data/sector_51_daily_aqi.csv
2025-01-22 01:14:12,203 - __main__ - INFO - Re-training the model & train_end is 2025-01-16 00:00:00
2025-01-22 01:14:13,763 - __main__ - INFO - Retrained the model & MAPE is 31.59%
2025-01-22 01:14:13,764 - __main__ - INFO - Retrained the model & MAE is 48.543721035190515
2025-01-22 01:14:15,615 - __main__ - INFO - Forecast=> 2025-01-22    171.767020
2025-01-23    176.334011
2025-01-24    172.367827
2025-01-25    178.829063
2025-01-26    171.755627
Freq: D, Name: predicted_mean, dtype: float64
2025-01-22 01:14:15,615 - __main__ - INFO - The forecast data has been written to data/cleaned_data/Forecasting_time_series/forecast_sector_51_daily_aqi.csv
2025-01-22 01:14:15,616 - __main__ - INFO - The forecast data has been written to static/data/forecast_sector_51_daily_aqi.csv
