2025-04-22 01:21:58,952 - __main__ - INFO - Calling writeData & retrain_model functions.
2025-04-22 01:21:58,961 - __main__ - INFO - df_api columns Index(['AQI'], dtype='object')
2025-04-22 01:21:58,962 - __main__ - INFO - today=> 2025-04-22 & yesterday=> 2025-04-21
2025-04-22 01:21:58,964 - __main__ - INFO - temp_daily_aqi columns Index(['Unnamed: 0', 'Date', 'AQI'], dtype='object')
2025-04-22 01:21:58,966 - __main__ - INFO - temp_daily_aqi[2025-04-21]=> Empty DataFrame
Columns: [Unnamed: 0, AQI]
Index: []
2025-04-22 01:21:58,967 - __main__ - INFO - writeData function - Exception IndexError has occured for station=> data/cleaned_data/Forecasting_time_series/sector_51_daily_aqi.csv
2025-04-22 01:21:58,972 - __main__ - INFO - Re-training the model & train_end is 2025-04-11 00:00:00
2025-04-22 01:22:00,431 - __main__ - INFO - Retrained the model & MAPE is 41.51%
2025-04-22 01:22:00,431 - __main__ - INFO - Retrained the model & MAE is 36.587582434823844
2025-04-22 01:22:01,735 - __main__ - INFO - Forecast=> 2025-04-17     99.668794
2025-04-18    102.772631
2025-04-19    118.609126
2025-04-20    119.157166
2025-04-21    140.485967
Freq: D, Name: predicted_mean, dtype: float64
2025-04-22 01:22:01,735 - __main__ - INFO - The forecast data has been written to data/cleaned_data/Forecasting_time_series/forecast_sector_51_daily_aqi.csv
2025-04-22 01:22:01,736 - __main__ - INFO - The forecast data has been written to static/data/forecast_sector_51_daily_aqi.csv
2025-04-22 04:21:00,254 - __main__ - INFO - Calling writeData & retrain_model functions.
2025-04-22 04:21:00,264 - __main__ - INFO - df_api columns Index(['AQI'], dtype='object')
2025-04-22 04:21:00,264 - __main__ - INFO - today=> 2025-04-22 & yesterday=> 2025-04-21
2025-04-22 04:21:00,266 - __main__ - INFO - temp_daily_aqi columns Index(['Unnamed: 0', 'Date', 'AQI'], dtype='object')
2025-04-22 04:21:00,268 - __main__ - INFO - temp_daily_aqi[2025-04-21]=> Empty DataFrame
Columns: [Unnamed: 0, AQI]
Index: []
2025-04-22 04:21:00,269 - __main__ - INFO - writeData function - Exception IndexError has occured for station=> data/cleaned_data/Forecasting_time_series/sector_51_daily_aqi.csv
2025-04-22 04:21:00,274 - __main__ - INFO - Re-training the model & train_end is 2025-04-11 00:00:00
2025-04-22 04:21:01,823 - __main__ - INFO - Retrained the model & MAPE is 41.51%
2025-04-22 04:21:01,824 - __main__ - INFO - Retrained the model & MAE is 36.587582434823844
2025-04-22 04:21:03,369 - __main__ - INFO - Forecast=> 2025-04-17     99.668794
2025-04-18    102.772631
2025-04-19    118.609126
2025-04-20    119.157166
2025-04-21    140.485967
Freq: D, Name: predicted_mean, dtype: float64
2025-04-22 04:21:03,370 - __main__ - INFO - The forecast data has been written to data/cleaned_data/Forecasting_time_series/forecast_sector_51_daily_aqi.csv
2025-04-22 04:21:03,370 - __main__ - INFO - The forecast data has been written to static/data/forecast_sector_51_daily_aqi.csv
2025-04-22 08:23:52,124 - __main__ - INFO - Calling writeData & retrain_model functions.
2025-04-22 08:23:52,134 - __main__ - INFO - df_api columns Index(['AQI'], dtype='object')
2025-04-22 08:23:52,134 - __main__ - INFO - today=> 2025-04-22 & yesterday=> 2025-04-21
2025-04-22 08:23:52,136 - __main__ - INFO - temp_daily_aqi columns Index(['Unnamed: 0', 'Date', 'AQI'], dtype='object')
2025-04-22 08:23:52,138 - __main__ - INFO - temp_daily_aqi[2025-04-21]=> Empty DataFrame
Columns: [Unnamed: 0, AQI]
Index: []
2025-04-22 08:23:52,139 - __main__ - INFO - writeData function - Exception IndexError has occured for station=> data/cleaned_data/Forecasting_time_series/sector_51_daily_aqi.csv
2025-04-22 08:23:52,144 - __main__ - INFO - Re-training the model & train_end is 2025-04-11 00:00:00
2025-04-22 08:23:53,869 - __main__ - INFO - Retrained the model & MAPE is 41.51%
2025-04-22 08:23:53,869 - __main__ - INFO - Retrained the model & MAE is 36.587582434823844
2025-04-22 08:23:55,155 - __main__ - INFO - Forecast=> 2025-04-17     99.668794
2025-04-18    102.772631
2025-04-19    118.609126
2025-04-20    119.157166
2025-04-21    140.485967
Freq: D, Name: predicted_mean, dtype: float64
2025-04-22 08:23:55,155 - __main__ - INFO - The forecast data has been written to data/cleaned_data/Forecasting_time_series/forecast_sector_51_daily_aqi.csv
2025-04-22 08:23:55,156 - __main__ - INFO - The forecast data has been written to static/data/forecast_sector_51_daily_aqi.csv
