2024-11-22 01:18:16,616 - __main__ - INFO - station=> Sector-51, Gurugram, result => ['167', 'Sector-51, Gurugram, India', Timestamp('2024-11-22 06:00:00')]
2024-11-22 01:18:16,616 - __main__ - INFO - The hourly data has been written to data/cron_job_data/sector_51_cron_output.csv with Timestamp: 2024-11-22 06:00:00
2024-11-22 01:18:17,088 - __main__ - INFO - station=> Sector-51, Gurugram, result => ['167', 'Sector-51, Gurugram, India', Timestamp('2024-11-22 06:00:00')]
2024-11-22 01:18:17,088 - __main__ - INFO - The hourly data has been written to static/data/sector_51_cron_output.csv with Timestamp: 2024-11-22 06:00:00
2024-11-22 01:18:17,199 - __main__ - INFO - df_api columns Index(['AQI'], dtype='object')
2024-11-22 01:18:17,199 - __main__ - INFO - today=> 2024-11-22 & yesterday=> 2024-11-21
2024-11-22 01:18:17,201 - __main__ - INFO - temp_daily_aqi columns Index(['Unnamed: 0', 'Date', 'AQI'], dtype='object')
2024-11-22 01:18:17,203 - __main__ - INFO - temp_daily_aqi[2024-11-21]=> Empty DataFrame
Columns: [Unnamed: 0, AQI]
Index: []
2024-11-22 01:18:17,204 - __main__ - INFO - Index => 1722, yesterday => 2024-11-21 & AQI => 388.0
2024-11-22 01:18:17,204 - __main__ - INFO - Daily AQI data has been written to data/cleaned_data/Forecasting_time_series/sector_51_daily_aqi.csv
2024-11-22 01:18:17,204 - __main__ - INFO - Index => 1722, yesterday => 2024-11-21 & AQI => 388.0
2024-11-22 01:18:17,205 - __main__ - INFO - Daily AQI data has been written to static/data/sector_51_daily_aqi.csv
2024-11-22 01:18:17,210 - __main__ - INFO - Re-training the model & train_end is 2024-11-16 00:00:00
2024-11-22 01:18:18,501 - __main__ - INFO - Retrained the model & MAPE is 52.24%
2024-11-22 01:18:18,501 - __main__ - INFO - Retrained the model & MAE is 235.70167968266097
2024-11-22 01:18:19,697 - __main__ - INFO - Forecast=> 2024-11-22    369.256100
2024-11-23    360.984926
2024-11-24    334.211883
2024-11-25    337.532363
2024-11-26    308.912552
Freq: D, Name: predicted_mean, dtype: float64
2024-11-22 01:18:19,698 - __main__ - INFO - The forecast data has been written to data/cleaned_data/Forecasting_time_series/forecast_sector_51_daily_aqi.csv
2024-11-22 01:18:19,698 - __main__ - INFO - The forecast data has been written to static/data/forecast_sector_51_daily_aqi.csv
2024-11-22 04:20:44,142 - __main__ - INFO - station=> Sector-51, Gurugram, result => ['153', 'Sector-51, Gurugram, India', Timestamp('2024-11-22 09:00:00')]
2024-11-22 04:20:44,142 - __main__ - INFO - The hourly data has been written to data/cron_job_data/sector_51_cron_output.csv with Timestamp: 2024-11-22 09:00:00
2024-11-22 04:20:44,763 - __main__ - INFO - station=> Sector-51, Gurugram, result => ['153', 'Sector-51, Gurugram, India', Timestamp('2024-11-22 09:00:00')]
2024-11-22 04:20:44,763 - __main__ - INFO - The hourly data has been written to static/data/sector_51_cron_output.csv with Timestamp: 2024-11-22 09:00:00
2024-11-22 08:21:53,623 - __main__ - INFO - station=> Sector-51, Gurugram, result => ['193', 'Sector-51, Gurugram, India', Timestamp('2024-11-22 11:00:00')]
2024-11-22 08:21:53,623 - __main__ - INFO - The hourly data has been written to data/cron_job_data/sector_51_cron_output.csv with Timestamp: 2024-11-22 11:00:00
2024-11-22 08:21:54,305 - __main__ - INFO - station=> Sector-51, Gurugram, result => ['193', 'Sector-51, Gurugram, India', Timestamp('2024-11-22 11:00:00')]
2024-11-22 08:21:54,305 - __main__ - INFO - The hourly data has been written to static/data/sector_51_cron_output.csv with Timestamp: 2024-11-22 11:00:00
2024-11-22 12:33:20,971 - __main__ - INFO - station=> Sector-51, Gurugram, result => ['171', 'Sector-51, Gurugram, India', Timestamp('2024-11-22 17:00:00')]
2024-11-22 12:33:20,971 - __main__ - INFO - The hourly data has been written to data/cron_job_data/sector_51_cron_output.csv with Timestamp: 2024-11-22 17:00:00
2024-11-22 12:33:21,439 - __main__ - INFO - station=> Sector-51, Gurugram, result => ['171', 'Sector-51, Gurugram, India', Timestamp('2024-11-22 17:00:00')]
2024-11-22 12:33:21,439 - __main__ - INFO - The hourly data has been written to static/data/sector_51_cron_output.csv with Timestamp: 2024-11-22 17:00:00
2024-11-22 16:20:57,690 - __main__ - INFO - station=> Sector-51, Gurugram, result => ['618', 'Sector-51, Gurugram, India', Timestamp('2024-11-22 21:00:00')]
2024-11-22 16:20:57,690 - __main__ - INFO - The hourly data has been written to data/cron_job_data/sector_51_cron_output.csv with Timestamp: 2024-11-22 21:00:00
2024-11-22 16:20:58,379 - __main__ - INFO - station=> Sector-51, Gurugram, result => ['618', 'Sector-51, Gurugram, India', Timestamp('2024-11-22 21:00:00')]
2024-11-22 16:20:58,379 - __main__ - INFO - The hourly data has been written to static/data/sector_51_cron_output.csv with Timestamp: 2024-11-22 21:00:00
2024-11-22 20:18:38,132 - __main__ - INFO - station=> Sector-51, Gurugram, result => ['177', 'Sector-51, Gurugram, India', Timestamp('2024-11-23 01:00:00')]
2024-11-22 20:18:38,132 - __main__ - INFO - The hourly data has been written to data/cron_job_data/sector_51_cron_output.csv with Timestamp: 2024-11-23 01:00:00
2024-11-22 20:18:38,614 - __main__ - INFO - station=> Sector-51, Gurugram, result => ['177', 'Sector-51, Gurugram, India', Timestamp('2024-11-23 01:00:00')]
2024-11-22 20:18:38,614 - __main__ - INFO - The hourly data has been written to static/data/sector_51_cron_output.csv with Timestamp: 2024-11-23 01:00:00
