2025-02-23 01:19:41,927 - __main__ - INFO - station=> Sector-51, Gurugram, result => ['158', 'Sector-51, Gurugram, India', Timestamp('2025-02-23 06:00:00')]
2025-02-23 01:19:41,927 - __main__ - INFO - The hourly data has been written to data/cron_job_data/sector_51_cron_output.csv with Timestamp: 2025-02-23 06:00:00
2025-02-23 01:19:42,388 - __main__ - INFO - station=> Sector-51, Gurugram, result => ['158', 'Sector-51, Gurugram, India', Timestamp('2025-02-23 06:00:00')]
2025-02-23 01:19:42,389 - __main__ - INFO - The hourly data has been written to static/data/sector_51_cron_output.csv with Timestamp: 2025-02-23 06:00:00
2025-02-23 01:19:42,477 - __main__ - INFO - df_api columns Index(['AQI'], dtype='object')
2025-02-23 01:19:42,477 - __main__ - INFO - today=> 2025-02-23 & yesterday=> 2025-02-22
2025-02-23 01:19:42,479 - __main__ - INFO - temp_daily_aqi columns Index(['Unnamed: 0', 'Date', 'AQI'], dtype='object')
2025-02-23 01:19:42,481 - __main__ - INFO - temp_daily_aqi[2025-02-22]=> Empty DataFrame
Columns: [Unnamed: 0, AQI]
Index: []
2025-02-23 01:19:42,482 - __main__ - INFO - Index => 1815, yesterday => 2025-02-22 & AQI => 150.0
2025-02-23 01:19:42,482 - __main__ - INFO - Daily AQI data has been written to data/cleaned_data/Forecasting_time_series/sector_51_daily_aqi.csv
2025-02-23 01:19:42,483 - __main__ - INFO - Index => 1815, yesterday => 2025-02-22 & AQI => 150.0
2025-02-23 01:19:42,483 - __main__ - INFO - Daily AQI data has been written to static/data/sector_51_daily_aqi.csv
2025-02-23 01:19:42,488 - __main__ - INFO - Re-training the model & train_end is 2025-02-17 00:00:00
2025-02-23 01:19:44,073 - __main__ - INFO - Retrained the model & MAPE is 37.02%
2025-02-23 01:19:44,073 - __main__ - INFO - Retrained the model & MAE is 57.89033888054994
2025-02-23 01:19:45,477 - __main__ - INFO - Forecast=> 2025-02-23    151.221579
2025-02-24    171.080952
2025-02-25    169.575222
2025-02-26    172.313156
2025-02-27    174.830045
Freq: D, Name: predicted_mean, dtype: float64
2025-02-23 01:19:45,478 - __main__ - INFO - The forecast data has been written to data/cleaned_data/Forecasting_time_series/forecast_sector_51_daily_aqi.csv
2025-02-23 01:19:45,478 - __main__ - INFO - The forecast data has been written to static/data/forecast_sector_51_daily_aqi.csv
2025-02-23 04:19:09,097 - __main__ - INFO - station=> Sector-51, Gurugram, result => ['159', 'Sector-51, Gurugram, India', Timestamp('2025-02-23 09:00:00')]
2025-02-23 04:19:09,097 - __main__ - INFO - The hourly data has been written to data/cron_job_data/sector_51_cron_output.csv with Timestamp: 2025-02-23 09:00:00
2025-02-23 04:19:09,790 - __main__ - INFO - station=> Sector-51, Gurugram, result => ['159', 'Sector-51, Gurugram, India', Timestamp('2025-02-23 09:00:00')]
2025-02-23 04:19:09,790 - __main__ - INFO - The hourly data has been written to static/data/sector_51_cron_output.csv with Timestamp: 2025-02-23 09:00:00
