2024-12-23 01:15:48,031 - __main__ - INFO - station=> Sector-51, Gurugram, result => ['160', 'Sector-51, Gurugram, India', Timestamp('2024-12-23 06:00:00')]
2024-12-23 01:15:48,031 - __main__ - INFO - The hourly data has been written to data/cron_job_data/sector_51_cron_output.csv with Timestamp: 2024-12-23 06:00:00
2024-12-23 01:15:48,710 - __main__ - INFO - station=> Sector-51, Gurugram, result => ['160', 'Sector-51, Gurugram, India', Timestamp('2024-12-23 06:00:00')]
2024-12-23 01:15:48,710 - __main__ - INFO - The hourly data has been written to static/data/sector_51_cron_output.csv with Timestamp: 2024-12-23 06:00:00
2024-12-23 01:15:48,797 - __main__ - INFO - df_api columns Index(['AQI'], dtype='object')
2024-12-23 01:15:48,798 - __main__ - INFO - today=> 2024-12-23 & yesterday=> 2024-12-22
2024-12-23 01:15:48,799 - __main__ - INFO - temp_daily_aqi columns Index(['Unnamed: 0', 'Date', 'AQI'], dtype='object')
2024-12-23 01:15:48,802 - __main__ - INFO - temp_daily_aqi[2024-12-22]=> Empty DataFrame
Columns: [Unnamed: 0, AQI]
Index: []
2024-12-23 01:15:48,802 - __main__ - INFO - Index => 1753, yesterday => 2024-12-22 & AQI => 497.0
2024-12-23 01:15:48,803 - __main__ - INFO - Daily AQI data has been written to data/cleaned_data/Forecasting_time_series/sector_51_daily_aqi.csv
2024-12-23 01:15:48,803 - __main__ - INFO - Index => 1753, yesterday => 2024-12-22 & AQI => 497.0
2024-12-23 01:15:48,803 - __main__ - INFO - Daily AQI data has been written to static/data/sector_51_daily_aqi.csv
2024-12-23 01:15:48,808 - __main__ - INFO - Re-training the model & train_end is 2024-12-17 00:00:00
2024-12-23 01:15:50,402 - __main__ - INFO - Retrained the model & MAPE is 34.83%
2024-12-23 01:15:50,402 - __main__ - INFO - Retrained the model & MAE is 114.68720272150772
2024-12-23 01:15:51,846 - __main__ - INFO - Forecast=> 2024-12-23    404.486892
2024-12-24    372.726758
2024-12-25    356.923411
2024-12-26    342.357482
2024-12-27    322.107102
Freq: D, Name: predicted_mean, dtype: float64
2024-12-23 01:15:51,847 - __main__ - INFO - The forecast data has been written to data/cleaned_data/Forecasting_time_series/forecast_sector_51_daily_aqi.csv
2024-12-23 01:15:51,847 - __main__ - INFO - The forecast data has been written to static/data/forecast_sector_51_daily_aqi.csv
2024-12-23 04:19:47,261 - __main__ - INFO - station=> Sector-51, Gurugram, result => ['160', 'Sector-51, Gurugram, India', Timestamp('2024-12-23 09:00:00')]
2024-12-23 04:19:47,261 - __main__ - INFO - The hourly data has been written to data/cron_job_data/sector_51_cron_output.csv with Timestamp: 2024-12-23 09:00:00
2024-12-23 04:19:47,873 - __main__ - INFO - station=> Sector-51, Gurugram, result => ['160', 'Sector-51, Gurugram, India', Timestamp('2024-12-23 09:00:00')]
2024-12-23 04:19:47,873 - __main__ - INFO - The hourly data has been written to static/data/sector_51_cron_output.csv with Timestamp: 2024-12-23 09:00:00
2024-12-23 08:21:34,446 - __main__ - INFO - station=> Sector-51, Gurugram, result => ['42', 'Sector-51, Gurugram, India', Timestamp('2024-12-23 13:00:00')]
2024-12-23 08:21:34,446 - __main__ - INFO - The hourly data has been written to data/cron_job_data/sector_51_cron_output.csv with Timestamp: 2024-12-23 13:00:00
2024-12-23 08:21:35,059 - __main__ - INFO - station=> Sector-51, Gurugram, result => ['42', 'Sector-51, Gurugram, India', Timestamp('2024-12-23 13:00:00')]
2024-12-23 08:21:35,060 - __main__ - INFO - The hourly data has been written to static/data/sector_51_cron_output.csv with Timestamp: 2024-12-23 13:00:00
2024-12-23 12:32:22,061 - __main__ - INFO - station=> Sector-51, Gurugram, result => ['218', 'Sector-51, Gurugram, India', Timestamp('2024-12-23 16:00:00')]
2024-12-23 12:32:22,061 - __main__ - INFO - The hourly data has been written to data/cron_job_data/sector_51_cron_output.csv with Timestamp: 2024-12-23 16:00:00
2024-12-23 12:32:22,533 - __main__ - INFO - station=> Sector-51, Gurugram, result => ['218', 'Sector-51, Gurugram, India', Timestamp('2024-12-23 16:00:00')]
2024-12-23 12:32:22,534 - __main__ - INFO - The hourly data has been written to static/data/sector_51_cron_output.csv with Timestamp: 2024-12-23 16:00:00
2024-12-23 16:19:46,768 - __main__ - INFO - station=> Sector-51, Gurugram, result => ['393', 'Sector-51, Gurugram, India', Timestamp('2024-12-23 21:00:00')]
2024-12-23 16:19:46,768 - __main__ - INFO - The hourly data has been written to data/cron_job_data/sector_51_cron_output.csv with Timestamp: 2024-12-23 21:00:00
2024-12-23 16:19:47,230 - __main__ - INFO - station=> Sector-51, Gurugram, result => ['393', 'Sector-51, Gurugram, India', Timestamp('2024-12-23 21:00:00')]
2024-12-23 16:19:47,230 - __main__ - INFO - The hourly data has been written to static/data/sector_51_cron_output.csv with Timestamp: 2024-12-23 21:00:00
2024-12-23 20:17:25,295 - __main__ - INFO - station=> Sector-51, Gurugram, result => ['434', 'Sector-51, Gurugram, India', Timestamp('2024-12-24 01:00:00')]
2024-12-23 20:17:25,295 - __main__ - INFO - The hourly data has been written to data/cron_job_data/sector_51_cron_output.csv with Timestamp: 2024-12-24 01:00:00
2024-12-23 20:17:25,850 - __main__ - INFO - station=> Sector-51, Gurugram, result => ['434', 'Sector-51, Gurugram, India', Timestamp('2024-12-24 01:00:00')]
2024-12-23 20:17:25,850 - __main__ - INFO - The hourly data has been written to static/data/sector_51_cron_output.csv with Timestamp: 2024-12-24 01:00:00
