2024-11-23 01:15:11,178 - __main__ - INFO - station=> Sector-51, Gurugram, result => ['156', 'Sector-51, Gurugram, India', Timestamp('2024-11-23 06:00:00')]
2024-11-23 01:15:11,178 - __main__ - INFO - The hourly data has been written to data/cron_job_data/sector_51_cron_output.csv with Timestamp: 2024-11-23 06:00:00
2024-11-23 01:15:11,824 - __main__ - INFO - station=> Sector-51, Gurugram, result => ['156', 'Sector-51, Gurugram, India', Timestamp('2024-11-23 06:00:00')]
2024-11-23 01:15:11,824 - __main__ - INFO - The hourly data has been written to static/data/sector_51_cron_output.csv with Timestamp: 2024-11-23 06:00:00
2024-11-23 01:15:11,883 - __main__ - INFO - df_api columns Index(['AQI'], dtype='object')
2024-11-23 01:15:11,883 - __main__ - INFO - today=> 2024-11-23 & yesterday=> 2024-11-22
2024-11-23 01:15:11,885 - __main__ - INFO - temp_daily_aqi columns Index(['Unnamed: 0', 'Date', 'AQI'], dtype='object')
2024-11-23 01:15:11,888 - __main__ - INFO - temp_daily_aqi[2024-11-22]=> Empty DataFrame
Columns: [Unnamed: 0, AQI]
Index: []
2024-11-23 01:15:11,888 - __main__ - INFO - Index => 1723, yesterday => 2024-11-22 & AQI => 260.0
2024-11-23 01:15:11,888 - __main__ - INFO - Daily AQI data has been written to data/cleaned_data/Forecasting_time_series/sector_51_daily_aqi.csv
2024-11-23 01:15:11,889 - __main__ - INFO - Index => 1723, yesterday => 2024-11-22 & AQI => 260.0
2024-11-23 01:15:11,889 - __main__ - INFO - Daily AQI data has been written to static/data/sector_51_daily_aqi.csv
2024-11-23 01:15:11,894 - __main__ - INFO - Re-training the model & train_end is 2024-11-17 00:00:00
2024-11-23 01:15:13,140 - __main__ - INFO - Retrained the model & MAPE is 26.33%
2024-11-23 01:15:13,140 - __main__ - INFO - Retrained the model & MAE is 122.31593761619129
2024-11-23 01:15:14,374 - __main__ - INFO - Forecast=> 2024-11-23    292.606932
2024-11-24    272.567473
2024-11-25    282.378953
2024-11-26    258.259145
2024-11-27    253.091551
Freq: D, Name: predicted_mean, dtype: float64
2024-11-23 01:15:14,375 - __main__ - INFO - The forecast data has been written to data/cleaned_data/Forecasting_time_series/forecast_sector_51_daily_aqi.csv
2024-11-23 01:15:14,375 - __main__ - INFO - The forecast data has been written to static/data/forecast_sector_51_daily_aqi.csv
2024-11-23 04:20:50,317 - __main__ - INFO - station=> Sector-51, Gurugram, result => ['135', 'Sector-51, Gurugram, India', Timestamp('2024-11-23 09:00:00')]
2024-11-23 04:20:50,318 - __main__ - INFO - The hourly data has been written to data/cron_job_data/sector_51_cron_output.csv with Timestamp: 2024-11-23 09:00:00
2024-11-23 04:20:50,944 - __main__ - INFO - station=> Sector-51, Gurugram, result => ['135', 'Sector-51, Gurugram, India', Timestamp('2024-11-23 09:00:00')]
2024-11-23 04:20:50,944 - __main__ - INFO - The hourly data has been written to static/data/sector_51_cron_output.csv with Timestamp: 2024-11-23 09:00:00
2024-11-23 08:20:46,454 - __main__ - INFO - station=> Sector-51, Gurugram, result => ['161', 'Sector-51, Gurugram, India', Timestamp('2024-11-23 13:00:00')]
2024-11-23 08:20:46,454 - __main__ - INFO - The hourly data has been written to data/cron_job_data/sector_51_cron_output.csv with Timestamp: 2024-11-23 13:00:00
2024-11-23 08:20:47,080 - __main__ - INFO - station=> Sector-51, Gurugram, result => ['161', 'Sector-51, Gurugram, India', Timestamp('2024-11-23 13:00:00')]
2024-11-23 08:20:47,080 - __main__ - INFO - The hourly data has been written to static/data/sector_51_cron_output.csv with Timestamp: 2024-11-23 13:00:00
2024-11-23 20:17:57,493 - __main__ - INFO - station=> Sector-51, Gurugram, result => ['211', 'Sector-51, Gurugram, India', Timestamp('2024-11-24 01:00:00')]
2024-11-23 20:17:57,494 - __main__ - INFO - The hourly data has been written to data/cron_job_data/sector_51_cron_output.csv with Timestamp: 2024-11-24 01:00:00
2024-11-23 20:17:58,196 - __main__ - INFO - station=> Sector-51, Gurugram, result => ['211', 'Sector-51, Gurugram, India', Timestamp('2024-11-24 01:00:00')]
2024-11-23 20:17:58,196 - __main__ - INFO - The hourly data has been written to static/data/sector_51_cron_output.csv with Timestamp: 2024-11-24 01:00:00
