2024-12-24 01:14:27,227 - __main__ - INFO - station=> Sector-51, Gurugram, result => ['380', 'Sector-51, Gurugram, India', Timestamp('2024-12-24 06:00:00')]
2024-12-24 01:14:27,227 - __main__ - INFO - The hourly data has been written to data/cron_job_data/sector_51_cron_output.csv with Timestamp: 2024-12-24 06:00:00
2024-12-24 01:14:27,923 - __main__ - INFO - station=> Sector-51, Gurugram, result => ['380', 'Sector-51, Gurugram, India', Timestamp('2024-12-24 06:00:00')]
2024-12-24 01:14:27,923 - __main__ - INFO - The hourly data has been written to static/data/sector_51_cron_output.csv with Timestamp: 2024-12-24 06:00:00
2024-12-24 01:14:27,965 - __main__ - INFO - df_api columns Index(['AQI'], dtype='object')
2024-12-24 01:14:27,965 - __main__ - INFO - today=> 2024-12-24 & yesterday=> 2024-12-23
2024-12-24 01:14:27,967 - __main__ - INFO - temp_daily_aqi columns Index(['Unnamed: 0', 'Date', 'AQI'], dtype='object')
2024-12-24 01:14:27,969 - __main__ - INFO - temp_daily_aqi[2024-12-23]=> Empty DataFrame
Columns: [Unnamed: 0, AQI]
Index: []
2024-12-24 01:14:27,970 - __main__ - INFO - Index => 1754, yesterday => 2024-12-23 & AQI => 191.0
2024-12-24 01:14:27,970 - __main__ - INFO - Daily AQI data has been written to data/cleaned_data/Forecasting_time_series/sector_51_daily_aqi.csv
2024-12-24 01:14:27,970 - __main__ - INFO - Index => 1754, yesterday => 2024-12-23 & AQI => 191.0
2024-12-24 01:14:27,971 - __main__ - INFO - Daily AQI data has been written to static/data/sector_51_daily_aqi.csv
2024-12-24 01:14:27,976 - __main__ - INFO - Re-training the model & train_end is 2024-12-18 00:00:00
2024-12-24 01:14:29,122 - __main__ - INFO - Retrained the model & MAPE is 62.59%
2024-12-24 01:14:29,122 - __main__ - INFO - Retrained the model & MAE is 154.5260758336004
2024-12-24 01:14:30,619 - __main__ - INFO - Forecast=> 2024-12-24    244.241709
2024-12-25    241.679926
2024-12-26    239.417045
2024-12-27    231.081310
2024-12-28    235.702046
Freq: D, Name: predicted_mean, dtype: float64
2024-12-24 01:14:30,620 - __main__ - INFO - The forecast data has been written to data/cleaned_data/Forecasting_time_series/forecast_sector_51_daily_aqi.csv
2024-12-24 01:14:30,621 - __main__ - INFO - The forecast data has been written to static/data/forecast_sector_51_daily_aqi.csv
2024-12-24 04:19:42,121 - __main__ - INFO - station=> Sector-51, Gurugram, result => ['384', 'Sector-51, Gurugram, India', Timestamp('2024-12-24 09:00:00')]
2024-12-24 04:19:42,121 - __main__ - INFO - The hourly data has been written to data/cron_job_data/sector_51_cron_output.csv with Timestamp: 2024-12-24 09:00:00
2024-12-24 04:19:42,812 - __main__ - INFO - station=> Sector-51, Gurugram, result => ['384', 'Sector-51, Gurugram, India', Timestamp('2024-12-24 09:00:00')]
2024-12-24 04:19:42,813 - __main__ - INFO - The hourly data has been written to static/data/sector_51_cron_output.csv with Timestamp: 2024-12-24 09:00:00
2024-12-24 08:20:42,659 - __main__ - INFO - station=> Sector-51, Gurugram, result => ['283', 'Sector-51, Gurugram, India', Timestamp('2024-12-24 13:00:00')]
2024-12-24 08:20:42,659 - __main__ - INFO - The hourly data has been written to data/cron_job_data/sector_51_cron_output.csv with Timestamp: 2024-12-24 13:00:00
2024-12-24 08:20:43,339 - __main__ - INFO - station=> Sector-51, Gurugram, result => ['283', 'Sector-51, Gurugram, India', Timestamp('2024-12-24 13:00:00')]
2024-12-24 08:20:43,339 - __main__ - INFO - The hourly data has been written to static/data/sector_51_cron_output.csv with Timestamp: 2024-12-24 13:00:00
2024-12-24 12:31:56,382 - __main__ - INFO - station=> Sector-51, Gurugram, result => ['95', 'Sector-51, Gurugram, India', Timestamp('2024-12-24 17:00:00')]
2024-12-24 12:31:56,382 - __main__ - INFO - The hourly data has been written to data/cron_job_data/sector_51_cron_output.csv with Timestamp: 2024-12-24 17:00:00
2024-12-24 12:31:57,006 - __main__ - INFO - station=> Sector-51, Gurugram, result => ['95', 'Sector-51, Gurugram, India', Timestamp('2024-12-24 17:00:00')]
2024-12-24 12:31:57,006 - __main__ - INFO - The hourly data has been written to static/data/sector_51_cron_output.csv with Timestamp: 2024-12-24 17:00:00
