2024-11-24 01:23:18,695 - __main__ - INFO - station=> Sector-51, Gurugram, result => ['162', 'Sector-51, Gurugram, India', Timestamp('2024-11-24 06:00:00')]
2024-11-24 01:23:18,695 - __main__ - INFO - The hourly data has been written to data/cron_job_data/sector_51_cron_output.csv with Timestamp: 2024-11-24 06:00:00
2024-11-24 01:23:19,162 - __main__ - INFO - station=> Sector-51, Gurugram, result => ['162', 'Sector-51, Gurugram, India', Timestamp('2024-11-24 06:00:00')]
2024-11-24 01:23:19,162 - __main__ - INFO - The hourly data has been written to static/data/sector_51_cron_output.csv with Timestamp: 2024-11-24 06:00:00
2024-11-24 01:23:19,233 - __main__ - INFO - df_api columns Index(['AQI'], dtype='object')
2024-11-24 01:23:19,234 - __main__ - INFO - today=> 2024-11-24 & yesterday=> 2024-11-23
2024-11-24 01:23:19,235 - __main__ - INFO - temp_daily_aqi columns Index(['Unnamed: 0', 'Date', 'AQI'], dtype='object')
2024-11-24 01:23:19,238 - __main__ - INFO - temp_daily_aqi[2024-11-23]=> Empty DataFrame
Columns: [Unnamed: 0, AQI]
Index: []
2024-11-24 01:23:19,238 - __main__ - INFO - Index => 1724, yesterday => 2024-11-23 & AQI => 157.0
2024-11-24 01:23:19,239 - __main__ - INFO - Daily AQI data has been written to data/cleaned_data/Forecasting_time_series/sector_51_daily_aqi.csv
2024-11-24 01:23:19,239 - __main__ - INFO - Index => 1724, yesterday => 2024-11-23 & AQI => 157.0
2024-11-24 01:23:19,239 - __main__ - INFO - Daily AQI data has been written to static/data/sector_51_daily_aqi.csv
2024-11-24 01:23:19,244 - __main__ - INFO - Re-training the model & train_end is 2024-11-18 00:00:00
2024-11-24 01:23:20,560 - __main__ - INFO - Retrained the model & MAPE is 47.95%
2024-11-24 01:23:20,560 - __main__ - INFO - Retrained the model & MAE is 104.17968466829011
2024-11-24 01:23:22,016 - __main__ - INFO - Forecast=> 2024-11-24    187.271743
2024-11-25    206.134251
2024-11-26    189.133392
2024-11-27    190.976515
2024-11-28    191.900808
Freq: D, Name: predicted_mean, dtype: float64
2024-11-24 01:23:22,017 - __main__ - INFO - The forecast data has been written to data/cleaned_data/Forecasting_time_series/forecast_sector_51_daily_aqi.csv
2024-11-24 01:23:22,017 - __main__ - INFO - The forecast data has been written to static/data/forecast_sector_51_daily_aqi.csv
2024-11-24 04:20:40,830 - __main__ - INFO - station=> Sector-51, Gurugram, result => ['96', 'Sector-51, Gurugram, India', Timestamp('2024-11-24 09:00:00')]
2024-11-24 04:20:40,830 - __main__ - INFO - The hourly data has been written to data/cron_job_data/sector_51_cron_output.csv with Timestamp: 2024-11-24 09:00:00
2024-11-24 04:20:41,446 - __main__ - INFO - station=> Sector-51, Gurugram, result => ['96', 'Sector-51, Gurugram, India', Timestamp('2024-11-24 09:00:00')]
2024-11-24 04:20:41,446 - __main__ - INFO - The hourly data has been written to static/data/sector_51_cron_output.csv with Timestamp: 2024-11-24 09:00:00
2024-11-24 08:20:46,245 - __main__ - INFO - station=> Sector-51, Gurugram, result => ['102', 'Sector-51, Gurugram, India', Timestamp('2024-11-24 13:00:00')]
2024-11-24 08:20:46,246 - __main__ - INFO - The hourly data has been written to data/cron_job_data/sector_51_cron_output.csv with Timestamp: 2024-11-24 13:00:00
2024-11-24 08:20:46,965 - __main__ - INFO - station=> Sector-51, Gurugram, result => ['102', 'Sector-51, Gurugram, India', Timestamp('2024-11-24 13:00:00')]
2024-11-24 08:20:46,965 - __main__ - INFO - The hourly data has been written to static/data/sector_51_cron_output.csv with Timestamp: 2024-11-24 13:00:00
2024-11-24 12:30:18,120 - __main__ - INFO - station=> Sector-51, Gurugram, result => ['55', 'Sector-51, Gurugram, India', Timestamp('2024-11-24 17:00:00')]
2024-11-24 12:30:18,121 - __main__ - INFO - The hourly data has been written to data/cron_job_data/sector_51_cron_output.csv with Timestamp: 2024-11-24 17:00:00
2024-11-24 12:30:18,756 - __main__ - INFO - station=> Sector-51, Gurugram, result => ['55', 'Sector-51, Gurugram, India', Timestamp('2024-11-24 17:00:00')]
2024-11-24 12:30:18,756 - __main__ - INFO - The hourly data has been written to static/data/sector_51_cron_output.csv with Timestamp: 2024-11-24 17:00:00
