2025-01-25 01:09:10,779 - __main__ - INFO - station=> Sector-51, Gurugram, result => ['151', 'Sector-51, Gurugram, India', Timestamp('2025-01-25 06:00:00')]
2025-01-25 01:09:10,779 - __main__ - INFO - The hourly data has been written to data/cron_job_data/sector_51_cron_output.csv with Timestamp: 2025-01-25 06:00:00
2025-01-25 01:09:11,457 - __main__ - INFO - station=> Sector-51, Gurugram, result => ['151', 'Sector-51, Gurugram, India', Timestamp('2025-01-25 06:00:00')]
2025-01-25 01:09:11,457 - __main__ - INFO - The hourly data has been written to static/data/sector_51_cron_output.csv with Timestamp: 2025-01-25 06:00:00
2025-01-25 01:09:11,759 - __main__ - INFO - df_api columns Index(['AQI'], dtype='object')
2025-01-25 01:09:11,759 - __main__ - INFO - today=> 2025-01-25 & yesterday=> 2025-01-24
2025-01-25 01:09:11,761 - __main__ - INFO - temp_daily_aqi columns Index(['Unnamed: 0', 'Date', 'AQI'], dtype='object')
2025-01-25 01:09:11,764 - __main__ - INFO - temp_daily_aqi[2025-01-24]=> Empty DataFrame
Columns: [Unnamed: 0, AQI]
Index: []
2025-01-25 01:09:11,764 - __main__ - INFO - Index => 1786, yesterday => 2025-01-24 & AQI => 155.0
2025-01-25 01:09:11,765 - __main__ - INFO - Daily AQI data has been written to data/cleaned_data/Forecasting_time_series/sector_51_daily_aqi.csv
2025-01-25 01:09:11,765 - __main__ - INFO - Index => 1786, yesterday => 2025-01-24 & AQI => 155.0
2025-01-25 01:09:11,765 - __main__ - INFO - Daily AQI data has been written to static/data/sector_51_daily_aqi.csv
2025-01-25 01:09:11,771 - __main__ - INFO - Re-training the model & train_end is 2025-01-19 00:00:00
2025-01-25 01:09:13,383 - __main__ - INFO - Retrained the model & MAPE is 40.67%
2025-01-25 01:09:13,384 - __main__ - INFO - Retrained the model & MAE is 57.225625584558564
2025-01-25 01:09:14,977 - __main__ - INFO - Forecast=> 2025-01-25    156.488474
2025-01-26    151.691198
2025-01-27    168.873575
2025-01-28    167.469309
2025-01-29    173.424927
Freq: D, Name: predicted_mean, dtype: float64
2025-01-25 01:09:14,977 - __main__ - INFO - The forecast data has been written to data/cleaned_data/Forecasting_time_series/forecast_sector_51_daily_aqi.csv
2025-01-25 01:09:14,977 - __main__ - INFO - The forecast data has been written to static/data/forecast_sector_51_daily_aqi.csv
