2024-11-25 01:19:24,839 - __main__ - INFO - df_api columns Index(['AQI'], dtype='object')
2024-11-25 01:19:24,840 - __main__ - INFO - today=> 2024-11-25 & yesterday=> 2024-11-24
2024-11-25 01:19:24,841 - __main__ - INFO - temp_daily_aqi columns Index(['Unnamed: 0', 'Date', 'AQI'], dtype='object')
2024-11-25 01:19:24,844 - __main__ - INFO - temp_daily_aqi[2024-11-24]=> Empty DataFrame
Columns: [Unnamed: 0, AQI]
Index: []
2024-11-25 01:19:24,844 - __main__ - INFO - Index => 1725, yesterday => 2024-11-24 & AQI => 132.0
2024-11-25 01:19:24,845 - __main__ - INFO - Daily AQI data has been written to data/cleaned_data/Forecasting_time_series/sector_51_daily_aqi.csv
2024-11-25 01:19:24,845 - __main__ - INFO - Index => 1725, yesterday => 2024-11-24 & AQI => 132.0
2024-11-25 01:19:24,845 - __main__ - INFO - Daily AQI data has been written to static/data/sector_51_daily_aqi.csv
2024-11-25 01:19:24,850 - __main__ - INFO - Re-training the model & train_end is 2024-11-19 00:00:00
2024-11-25 01:19:26,038 - __main__ - INFO - Retrained the model & MAPE is 65.06%
2024-11-25 01:19:26,039 - __main__ - INFO - Retrained the model & MAE is 103.44068117021816
2024-11-25 01:19:27,463 - __main__ - INFO - Forecast=> 2024-11-25    171.264723
2024-11-26    158.008560
2024-11-27    163.129256
2024-11-28    166.999459
2024-11-29    167.284918
Freq: D, Name: predicted_mean, dtype: float64
2024-11-25 01:19:27,464 - __main__ - INFO - The forecast data has been written to data/cleaned_data/Forecasting_time_series/forecast_sector_51_daily_aqi.csv
2024-11-25 01:19:27,464 - __main__ - INFO - The forecast data has been written to static/data/forecast_sector_51_daily_aqi.csv
2024-11-25 08:23:29,115 - __main__ - INFO - station=> Sector-51, Gurugram, result => ['248', 'Sector-51, Gurugram, India', Timestamp('2024-11-25 13:00:00')]
2024-11-25 08:23:29,115 - __main__ - INFO - The hourly data has been written to data/cron_job_data/sector_51_cron_output.csv with Timestamp: 2024-11-25 13:00:00
2024-11-25 08:23:29,743 - __main__ - INFO - station=> Sector-51, Gurugram, result => ['248', 'Sector-51, Gurugram, India', Timestamp('2024-11-25 13:00:00')]
2024-11-25 08:23:29,743 - __main__ - INFO - The hourly data has been written to static/data/sector_51_cron_output.csv with Timestamp: 2024-11-25 13:00:00
2024-11-25 12:34:44,213 - __main__ - INFO - station=> Sector-51, Gurugram, result => ['145', 'Sector-51, Gurugram, India', Timestamp('2024-11-25 17:00:00')]
2024-11-25 12:34:44,213 - __main__ - INFO - The hourly data has been written to data/cron_job_data/sector_51_cron_output.csv with Timestamp: 2024-11-25 17:00:00
2024-11-25 12:34:44,903 - __main__ - INFO - station=> Sector-51, Gurugram, result => ['145', 'Sector-51, Gurugram, India', Timestamp('2024-11-25 17:00:00')]
2024-11-25 12:34:44,903 - __main__ - INFO - The hourly data has been written to static/data/sector_51_cron_output.csv with Timestamp: 2024-11-25 17:00:00
2024-11-25 16:21:25,140 - __main__ - INFO - station=> Sector-51, Gurugram, result => ['206', 'Sector-51, Gurugram, India', Timestamp('2024-11-25 21:00:00')]
2024-11-25 16:21:25,140 - __main__ - INFO - The hourly data has been written to data/cron_job_data/sector_51_cron_output.csv with Timestamp: 2024-11-25 21:00:00
2024-11-25 16:21:25,817 - __main__ - INFO - station=> Sector-51, Gurugram, result => ['206', 'Sector-51, Gurugram, India', Timestamp('2024-11-25 21:00:00')]
2024-11-25 16:21:25,817 - __main__ - INFO - The hourly data has been written to static/data/sector_51_cron_output.csv with Timestamp: 2024-11-25 21:00:00
2024-11-25 20:19:06,611 - __main__ - INFO - station=> Sector-51, Gurugram, result => ['205', 'Sector-51, Gurugram, India', Timestamp('2024-11-26 01:00:00')]
2024-11-25 20:19:06,611 - __main__ - INFO - The hourly data has been written to data/cron_job_data/sector_51_cron_output.csv with Timestamp: 2024-11-26 01:00:00
2024-11-25 20:19:07,300 - __main__ - INFO - station=> Sector-51, Gurugram, result => ['205', 'Sector-51, Gurugram, India', Timestamp('2024-11-26 01:00:00')]
2024-11-25 20:19:07,300 - __main__ - INFO - The hourly data has been written to static/data/sector_51_cron_output.csv with Timestamp: 2024-11-26 01:00:00
