2024-12-25 01:13:38,591 - __main__ - INFO - station=> Sector-51, Gurugram, result => ['175', 'Sector-51, Gurugram, India', Timestamp('2024-12-25 06:00:00')]
2024-12-25 01:13:38,591 - __main__ - INFO - The hourly data has been written to data/cron_job_data/sector_51_cron_output.csv with Timestamp: 2024-12-25 06:00:00
2024-12-25 01:13:39,109 - __main__ - INFO - station=> Sector-51, Gurugram, result => ['175', 'Sector-51, Gurugram, India', Timestamp('2024-12-25 06:00:00')]
2024-12-25 01:13:39,109 - __main__ - INFO - The hourly data has been written to static/data/sector_51_cron_output.csv with Timestamp: 2024-12-25 06:00:00
2024-12-25 01:13:39,163 - __main__ - INFO - df_api columns Index(['AQI'], dtype='object')
2024-12-25 01:13:39,163 - __main__ - INFO - today=> 2024-12-25 & yesterday=> 2024-12-24
2024-12-25 01:13:39,165 - __main__ - INFO - temp_daily_aqi columns Index(['Unnamed: 0', 'Date', 'AQI'], dtype='object')
2024-12-25 01:13:39,168 - __main__ - INFO - temp_daily_aqi[2024-12-24]=> Empty DataFrame
Columns: [Unnamed: 0, AQI]
Index: []
2024-12-25 01:13:39,169 - __main__ - INFO - Index => 1755, yesterday => 2024-12-24 & AQI => 285.0
2024-12-25 01:13:39,169 - __main__ - INFO - Daily AQI data has been written to data/cleaned_data/Forecasting_time_series/sector_51_daily_aqi.csv
2024-12-25 01:13:39,169 - __main__ - INFO - Index => 1755, yesterday => 2024-12-24 & AQI => 285.0
2024-12-25 01:13:39,170 - __main__ - INFO - Daily AQI data has been written to static/data/sector_51_daily_aqi.csv
2024-12-25 01:13:39,175 - __main__ - INFO - Re-training the model & train_end is 2024-12-19 00:00:00
2024-12-25 01:13:40,804 - __main__ - INFO - Retrained the model & MAPE is 30.95%
2024-12-25 01:13:40,804 - __main__ - INFO - Retrained the model & MAE is 90.42790014268402
2024-12-25 01:13:42,154 - __main__ - INFO - Forecast=> 2024-12-25    266.453719
2024-12-26    261.782195
2024-12-27    251.439468
2024-12-28    253.963025
2024-12-29    238.607500
Freq: D, Name: predicted_mean, dtype: float64
2024-12-25 01:13:42,155 - __main__ - INFO - The forecast data has been written to data/cleaned_data/Forecasting_time_series/forecast_sector_51_daily_aqi.csv
2024-12-25 01:13:42,155 - __main__ - INFO - The forecast data has been written to static/data/forecast_sector_51_daily_aqi.csv
