2024-12-26 01:13:53,340 - __main__ - INFO - df_api columns Index(['AQI'], dtype='object')
2024-12-26 01:13:53,340 - __main__ - INFO - today=> 2024-12-26 & yesterday=> 2024-12-25
2024-12-26 01:13:53,342 - __main__ - INFO - temp_daily_aqi columns Index(['Unnamed: 0', 'Date', 'AQI'], dtype='object')
2024-12-26 01:13:53,345 - __main__ - INFO - temp_daily_aqi[2024-12-25]=> Empty DataFrame
Columns: [Unnamed: 0, AQI]
Index: []
2024-12-26 01:13:53,345 - __main__ - INFO - Index => 1756, yesterday => 2024-12-25 & AQI => 218.0
2024-12-26 01:13:53,345 - __main__ - INFO - Daily AQI data has been written to data/cleaned_data/Forecasting_time_series/sector_51_daily_aqi.csv
2024-12-26 01:13:53,346 - __main__ - INFO - Index => 1756, yesterday => 2024-12-25 & AQI => 218.0
2024-12-26 01:13:53,346 - __main__ - INFO - Daily AQI data has been written to static/data/sector_51_daily_aqi.csv
2024-12-26 01:13:53,352 - __main__ - INFO - Re-training the model & train_end is 2024-12-20 00:00:00
2024-12-26 01:13:54,858 - __main__ - INFO - Retrained the model & MAPE is 34.82%
2024-12-26 01:13:54,858 - __main__ - INFO - Retrained the model & MAE is 96.7716156251588
2024-12-26 01:13:56,225 - __main__ - INFO - Forecast=> 2024-12-26    232.475334
2024-12-27    225.029470
2024-12-28    230.213670
2024-12-29    217.237080
2024-12-30    227.987555
Freq: D, Name: predicted_mean, dtype: float64
2024-12-26 01:13:56,225 - __main__ - INFO - The forecast data has been written to data/cleaned_data/Forecasting_time_series/forecast_sector_51_daily_aqi.csv
2024-12-26 01:13:56,226 - __main__ - INFO - The forecast data has been written to static/data/forecast_sector_51_daily_aqi.csv
2024-12-26 08:20:39,799 - __main__ - INFO - station=> Sector-51, Gurugram, result => ['188', 'Sector-51, Gurugram, India', Timestamp('2024-12-26 13:00:00')]
2024-12-26 08:20:39,799 - __main__ - INFO - The hourly data has been written to data/cron_job_data/sector_51_cron_output.csv with Timestamp: 2024-12-26 13:00:00
2024-12-26 08:20:40,266 - __main__ - INFO - station=> Sector-51, Gurugram, result => ['188', 'Sector-51, Gurugram, India', Timestamp('2024-12-26 13:00:00')]
2024-12-26 08:20:40,266 - __main__ - INFO - The hourly data has been written to static/data/sector_51_cron_output.csv with Timestamp: 2024-12-26 13:00:00
