2024-11-27 01:20:01,383 - __main__ - INFO - station=> Sector-51, Gurugram, result => ['150', 'Sector-51, Gurugram, India', Timestamp('2024-11-27 06:00:00')]
2024-11-27 01:20:01,383 - __main__ - INFO - The hourly data has been written to data/cron_job_data/sector_51_cron_output.csv with Timestamp: 2024-11-27 06:00:00
2024-11-27 01:20:01,999 - __main__ - INFO - station=> Sector-51, Gurugram, result => ['150', 'Sector-51, Gurugram, India', Timestamp('2024-11-27 06:00:00')]
2024-11-27 01:20:01,999 - __main__ - INFO - The hourly data has been written to static/data/sector_51_cron_output.csv with Timestamp: 2024-11-27 06:00:00
2024-11-27 01:20:02,051 - __main__ - INFO - df_api columns Index(['AQI'], dtype='object')
2024-11-27 01:20:02,051 - __main__ - INFO - today=> 2024-11-27 & yesterday=> 2024-11-26
2024-11-27 01:20:02,053 - __main__ - INFO - temp_daily_aqi columns Index(['Unnamed: 0', 'Date', 'AQI'], dtype='object')
2024-11-27 01:20:02,055 - __main__ - INFO - temp_daily_aqi[2024-11-26]=> Empty DataFrame
Columns: [Unnamed: 0, AQI]
Index: []
2024-11-27 01:20:02,056 - __main__ - INFO - Index => 1727, yesterday => 2024-11-26 & AQI => 174.0
2024-11-27 01:20:02,056 - __main__ - INFO - Daily AQI data has been written to data/cleaned_data/Forecasting_time_series/sector_51_daily_aqi.csv
2024-11-27 01:20:02,056 - __main__ - INFO - Index => 1727, yesterday => 2024-11-26 & AQI => 174.0
2024-11-27 01:20:02,057 - __main__ - INFO - Daily AQI data has been written to static/data/sector_51_daily_aqi.csv
2024-11-27 01:20:02,062 - __main__ - INFO - Re-training the model & train_end is 2024-11-21 00:00:00
2024-11-27 01:20:03,301 - __main__ - INFO - Retrained the model & MAPE is 94.29%
2024-11-27 01:20:03,301 - __main__ - INFO - Retrained the model & MAE is 157.57956489542056
2024-11-27 01:20:04,549 - __main__ - INFO - Forecast=> 2024-11-27    177.906388
2024-11-28    180.164985
2024-11-29    178.910310
2024-11-30    187.481312
2024-12-01    177.920727
Freq: D, Name: predicted_mean, dtype: float64
2024-11-27 01:20:04,552 - __main__ - INFO - The forecast data has been written to data/cleaned_data/Forecasting_time_series/forecast_sector_51_daily_aqi.csv
2024-11-27 01:20:04,553 - __main__ - INFO - The forecast data has been written to static/data/forecast_sector_51_daily_aqi.csv
2024-11-27 04:20:54,399 - __main__ - INFO - station=> Sector-51, Gurugram, result => ['159', 'Sector-51, Gurugram, India', Timestamp('2024-11-27 09:00:00')]
2024-11-27 04:20:54,399 - __main__ - INFO - The hourly data has been written to data/cron_job_data/sector_51_cron_output.csv with Timestamp: 2024-11-27 09:00:00
2024-11-27 04:20:55,084 - __main__ - INFO - station=> Sector-51, Gurugram, result => ['159', 'Sector-51, Gurugram, India', Timestamp('2024-11-27 09:00:00')]
2024-11-27 04:20:55,084 - __main__ - INFO - The hourly data has been written to static/data/sector_51_cron_output.csv with Timestamp: 2024-11-27 09:00:00
2024-11-27 08:23:13,820 - __main__ - INFO - station=> Sector-51, Gurugram, result => ['165', 'Sector-51, Gurugram, India', Timestamp('2024-11-27 13:00:00')]
2024-11-27 08:23:13,820 - __main__ - INFO - The hourly data has been written to data/cron_job_data/sector_51_cron_output.csv with Timestamp: 2024-11-27 13:00:00
2024-11-27 08:23:14,286 - __main__ - INFO - station=> Sector-51, Gurugram, result => ['165', 'Sector-51, Gurugram, India', Timestamp('2024-11-27 13:00:00')]
2024-11-27 08:23:14,286 - __main__ - INFO - The hourly data has been written to static/data/sector_51_cron_output.csv with Timestamp: 2024-11-27 13:00:00
2024-11-27 12:34:47,368 - __main__ - INFO - station=> Sector-51, Gurugram, result => ['141', 'Sector-51, Gurugram, India', Timestamp('2024-11-27 17:00:00')]
2024-11-27 12:34:47,368 - __main__ - INFO - The hourly data has been written to data/cron_job_data/sector_51_cron_output.csv with Timestamp: 2024-11-27 17:00:00
2024-11-27 12:34:47,837 - __main__ - INFO - station=> Sector-51, Gurugram, result => ['141', 'Sector-51, Gurugram, India', Timestamp('2024-11-27 17:00:00')]
2024-11-27 12:34:47,837 - __main__ - INFO - The hourly data has been written to static/data/sector_51_cron_output.csv with Timestamp: 2024-11-27 17:00:00
2024-11-27 16:21:22,344 - __main__ - INFO - station=> Sector-51, Gurugram, result => ['520', 'Sector-51, Gurugram, India', Timestamp('2024-11-27 21:00:00')]
2024-11-27 16:21:22,344 - __main__ - INFO - The hourly data has been written to data/cron_job_data/sector_51_cron_output.csv with Timestamp: 2024-11-27 21:00:00
2024-11-27 16:21:23,089 - __main__ - INFO - station=> Sector-51, Gurugram, result => ['520', 'Sector-51, Gurugram, India', Timestamp('2024-11-27 21:00:00')]
2024-11-27 16:21:23,089 - __main__ - INFO - The hourly data has been written to static/data/sector_51_cron_output.csv with Timestamp: 2024-11-27 21:00:00
2024-11-27 20:19:09,108 - __main__ - INFO - station=> Sector-51, Gurugram, result => ['999', 'Sector-51, Gurugram, India', Timestamp('2024-11-28 01:00:00')]
2024-11-27 20:19:09,109 - __main__ - INFO - The hourly data has been written to data/cron_job_data/sector_51_cron_output.csv with Timestamp: 2024-11-28 01:00:00
2024-11-27 20:19:09,799 - __main__ - INFO - station=> Sector-51, Gurugram, result => ['999', 'Sector-51, Gurugram, India', Timestamp('2024-11-28 01:00:00')]
2024-11-27 20:19:09,800 - __main__ - INFO - The hourly data has been written to static/data/sector_51_cron_output.csv with Timestamp: 2024-11-28 01:00:00
