2024-12-27 01:14:05,057 - __main__ - INFO - df_api columns Index(['AQI'], dtype='object')
2024-12-27 01:14:05,058 - __main__ - INFO - today=> 2024-12-27 & yesterday=> 2024-12-26
2024-12-27 01:14:05,060 - __main__ - INFO - temp_daily_aqi columns Index(['Unnamed: 0', 'Date', 'AQI'], dtype='object')
2024-12-27 01:14:05,062 - __main__ - INFO - temp_daily_aqi[2024-12-26]=> Empty DataFrame
Columns: [Unnamed: 0, AQI]
Index: []
2024-12-27 01:14:05,063 - __main__ - INFO - Index => 1757, yesterday => 2024-12-26 & AQI => 379.0
2024-12-27 01:14:05,063 - __main__ - INFO - Daily AQI data has been written to data/cleaned_data/Forecasting_time_series/sector_51_daily_aqi.csv
2024-12-27 01:14:05,063 - __main__ - INFO - Index => 1757, yesterday => 2024-12-26 & AQI => 379.0
2024-12-27 01:14:05,064 - __main__ - INFO - Daily AQI data has been written to static/data/sector_51_daily_aqi.csv
2024-12-27 01:14:05,069 - __main__ - INFO - Re-training the model & train_end is 2024-12-21 00:00:00
2024-12-27 01:14:06,426 - __main__ - INFO - Retrained the model & MAPE is 29.53%
2024-12-27 01:14:06,426 - __main__ - INFO - Retrained the model & MAE is 113.09176624406628
2024-12-27 01:14:07,917 - __main__ - INFO - Forecast=> 2024-12-27    313.572560
2024-12-28    309.872008
2024-12-29    288.990220
2024-12-30    292.450032
2024-12-31    276.034167
Freq: D, Name: predicted_mean, dtype: float64
2024-12-27 01:14:07,918 - __main__ - INFO - The forecast data has been written to data/cleaned_data/Forecasting_time_series/forecast_sector_51_daily_aqi.csv
2024-12-27 01:14:07,920 - __main__ - INFO - The forecast data has been written to static/data/forecast_sector_51_daily_aqi.csv
2024-12-27 08:20:27,417 - __main__ - INFO - station=> Sector-51, Gurugram, result => ['173', 'Sector-51, Gurugram, India', Timestamp('2024-12-27 13:00:00')]
2024-12-27 08:20:27,417 - __main__ - INFO - The hourly data has been written to data/cron_job_data/sector_51_cron_output.csv with Timestamp: 2024-12-27 13:00:00
2024-12-27 08:20:28,181 - __main__ - INFO - station=> Sector-51, Gurugram, result => ['173', 'Sector-51, Gurugram, India', Timestamp('2024-12-27 13:00:00')]
2024-12-27 08:20:28,181 - __main__ - INFO - The hourly data has been written to static/data/sector_51_cron_output.csv with Timestamp: 2024-12-27 13:00:00
2024-12-27 12:30:55,147 - __main__ - INFO - station=> Sector-51, Gurugram, result => ['122', 'Sector-51, Gurugram, India', Timestamp('2024-12-27 17:00:00')]
2024-12-27 12:30:55,147 - __main__ - INFO - The hourly data has been written to data/cron_job_data/sector_51_cron_output.csv with Timestamp: 2024-12-27 17:00:00
2024-12-27 12:30:55,781 - __main__ - INFO - station=> Sector-51, Gurugram, result => ['122', 'Sector-51, Gurugram, India', Timestamp('2024-12-27 17:00:00')]
2024-12-27 12:30:55,781 - __main__ - INFO - The hourly data has been written to static/data/sector_51_cron_output.csv with Timestamp: 2024-12-27 17:00:00
