2024-10-27 01:19:22,128 - __main__ - INFO - station=> Sector-51, Gurugram, result => ['174', 'Sector-51, Gurugram, India', Timestamp('2024-10-27 06:00:00')]
2024-10-27 01:19:22,128 - __main__ - INFO - The hourly data has been written to data/cron_job_data/sector_51_cron_output.csv with Timestamp: 2024-10-27 06:00:00
2024-10-27 01:19:22,620 - __main__ - INFO - station=> Sector-51, Gurugram, result => ['174', 'Sector-51, Gurugram, India', Timestamp('2024-10-27 06:00:00')]
2024-10-27 01:19:22,620 - __main__ - INFO - The hourly data has been written to static/data/sector_51_cron_output.csv with Timestamp: 2024-10-27 06:00:00
2024-10-27 01:19:22,692 - __main__ - INFO - df_api columns Index(['AQI'], dtype='object')
2024-10-27 01:19:22,693 - __main__ - INFO - today=> 2024-10-27 & yesterday=> 2024-10-26
2024-10-27 01:19:22,694 - __main__ - INFO - temp_daily_aqi columns Index(['Unnamed: 0', 'Date', 'AQI'], dtype='object')
2024-10-27 01:19:22,697 - __main__ - INFO - temp_daily_aqi[2024-10-26]=> Empty DataFrame
Columns: [Unnamed: 0, AQI]
Index: []
2024-10-27 01:19:22,697 - __main__ - INFO - Index => 1696, yesterday => 2024-10-26 & AQI => 148.0
2024-10-27 01:19:22,698 - __main__ - INFO - Daily AQI data has been written to data/cleaned_data/Forecasting_time_series/sector_51_daily_aqi.csv
2024-10-27 01:19:22,698 - __main__ - INFO - Index => 1696, yesterday => 2024-10-26 & AQI => 148.0
2024-10-27 01:19:22,698 - __main__ - INFO - Daily AQI data has been written to static/data/sector_51_daily_aqi.csv
2024-10-27 01:19:22,703 - __main__ - INFO - Re-training the model & train_end is 2024-10-21 00:00:00
2024-10-27 01:19:24,157 - __main__ - INFO - Retrained the model & MAPE is 100.56%
2024-10-27 01:19:24,157 - __main__ - INFO - Retrained the model & MAE is 164.29734457678506
2024-10-27 01:19:25,366 - __main__ - INFO - Forecast=> 2024-10-27    147.966375
2024-10-28    163.574674
2024-10-29    156.988987
2024-10-30    159.593058
2024-10-31    164.588739
Freq: D, Name: predicted_mean, dtype: float64
2024-10-27 01:19:25,367 - __main__ - INFO - The forecast data has been written to data/cleaned_data/Forecasting_time_series/forecast_sector_51_daily_aqi.csv
2024-10-27 01:19:25,367 - __main__ - INFO - The forecast data has been written to static/data/forecast_sector_51_daily_aqi.csv
