2025-01-28 01:12:27,298 - __main__ - INFO - station=> Sector-51, Gurugram, result => ['160', 'Sector-51, Gurugram, India', Timestamp('2025-01-28 06:00:00')]
2025-01-28 01:12:27,298 - __main__ - INFO - The hourly data has been written to data/cron_job_data/sector_51_cron_output.csv with Timestamp: 2025-01-28 06:00:00
2025-01-28 01:12:27,766 - __main__ - INFO - station=> Sector-51, Gurugram, result => ['160', 'Sector-51, Gurugram, India', Timestamp('2025-01-28 06:00:00')]
2025-01-28 01:12:27,766 - __main__ - INFO - The hourly data has been written to static/data/sector_51_cron_output.csv with Timestamp: 2025-01-28 06:00:00
2025-01-28 01:12:27,804 - __main__ - INFO - df_api columns Index(['AQI'], dtype='object')
2025-01-28 01:12:27,805 - __main__ - INFO - today=> 2025-01-28 & yesterday=> 2025-01-27
2025-01-28 01:12:27,807 - __main__ - INFO - temp_daily_aqi columns Index(['Unnamed: 0', 'Date', 'AQI'], dtype='object')
2025-01-28 01:12:27,809 - __main__ - INFO - temp_daily_aqi[2025-01-27]=> Empty DataFrame
Columns: [Unnamed: 0, AQI]
Index: []
2025-01-28 01:12:27,810 - __main__ - INFO - Index => 1789, yesterday => 2025-01-27 & AQI => 182.0
2025-01-28 01:12:27,810 - __main__ - INFO - Daily AQI data has been written to data/cleaned_data/Forecasting_time_series/sector_51_daily_aqi.csv
2025-01-28 01:12:27,811 - __main__ - INFO - Index => 1789, yesterday => 2025-01-27 & AQI => 182.0
2025-01-28 01:12:27,811 - __main__ - INFO - Daily AQI data has been written to static/data/sector_51_daily_aqi.csv
2025-01-28 01:12:27,816 - __main__ - INFO - Re-training the model & train_end is 2025-01-22 00:00:00
2025-01-28 01:12:29,343 - __main__ - INFO - Retrained the model & MAPE is 13.06%
2025-01-28 01:12:29,344 - __main__ - INFO - Retrained the model & MAE is 17.09391781474459
2025-01-28 01:12:31,088 - __main__ - INFO - Forecast=> 2025-01-28    173.113962
2025-01-29    178.513693
2025-01-30    181.870025
2025-01-31    177.923886
2025-02-01    183.672850
Freq: D, Name: predicted_mean, dtype: float64
2025-01-28 01:12:31,089 - __main__ - INFO - The forecast data has been written to data/cleaned_data/Forecasting_time_series/forecast_sector_51_daily_aqi.csv
2025-01-28 01:12:31,127 - __main__ - INFO - The forecast data has been written to static/data/forecast_sector_51_daily_aqi.csv
2025-01-28 04:19:08,627 - __main__ - INFO - station=> Sector-51, Gurugram, result => ['161', 'Sector-51, Gurugram, India', Timestamp('2025-01-28 09:00:00')]
2025-01-28 04:19:08,628 - __main__ - INFO - The hourly data has been written to data/cron_job_data/sector_51_cron_output.csv with Timestamp: 2025-01-28 09:00:00
2025-01-28 04:19:09,090 - __main__ - INFO - station=> Sector-51, Gurugram, result => ['161', 'Sector-51, Gurugram, India', Timestamp('2025-01-28 09:00:00')]
2025-01-28 04:19:09,090 - __main__ - INFO - The hourly data has been written to static/data/sector_51_cron_output.csv with Timestamp: 2025-01-28 09:00:00
2025-01-28 08:20:36,805 - __main__ - INFO - station=> Sector-51, Gurugram, result => ['178', 'Sector-51, Gurugram, India', Timestamp('2025-01-28 13:00:00')]
2025-01-28 08:20:36,805 - __main__ - INFO - The hourly data has been written to data/cron_job_data/sector_51_cron_output.csv with Timestamp: 2025-01-28 13:00:00
2025-01-28 08:20:37,426 - __main__ - INFO - station=> Sector-51, Gurugram, result => ['178', 'Sector-51, Gurugram, India', Timestamp('2025-01-28 13:00:00')]
2025-01-28 08:20:37,426 - __main__ - INFO - The hourly data has been written to static/data/sector_51_cron_output.csv with Timestamp: 2025-01-28 13:00:00
2025-01-28 12:31:16,158 - __main__ - INFO - station=> Sector-51, Gurugram, result => ['167', 'Sector-51, Gurugram, India', Timestamp('2025-01-28 17:00:00')]
2025-01-28 12:31:16,158 - __main__ - INFO - The hourly data has been written to data/cron_job_data/sector_51_cron_output.csv with Timestamp: 2025-01-28 17:00:00
2025-01-28 12:31:16,768 - __main__ - INFO - station=> Sector-51, Gurugram, result => ['167', 'Sector-51, Gurugram, India', Timestamp('2025-01-28 17:00:00')]
2025-01-28 12:31:16,768 - __main__ - INFO - The hourly data has been written to static/data/sector_51_cron_output.csv with Timestamp: 2025-01-28 17:00:00
2025-01-28 16:19:42,766 - __main__ - INFO - station=> Sector-51, Gurugram, result => ['877', 'Sector-51, Gurugram, India', Timestamp('2025-01-28 21:00:00')]
2025-01-28 16:19:42,766 - __main__ - INFO - The hourly data has been written to data/cron_job_data/sector_51_cron_output.csv with Timestamp: 2025-01-28 21:00:00
2025-01-28 16:19:43,464 - __main__ - INFO - station=> Sector-51, Gurugram, result => ['877', 'Sector-51, Gurugram, India', Timestamp('2025-01-28 21:00:00')]
2025-01-28 16:19:43,464 - __main__ - INFO - The hourly data has been written to static/data/sector_51_cron_output.csv with Timestamp: 2025-01-28 21:00:00
2025-01-28 20:17:07,647 - __main__ - INFO - station=> Sector-51, Gurugram, result => ['407', 'Sector-51, Gurugram, India', Timestamp('2025-01-29 01:00:00')]
2025-01-28 20:17:07,647 - __main__ - INFO - The hourly data has been written to data/cron_job_data/sector_51_cron_output.csv with Timestamp: 2025-01-29 01:00:00
2025-01-28 20:17:08,350 - __main__ - INFO - station=> Sector-51, Gurugram, result => ['407', 'Sector-51, Gurugram, India', Timestamp('2025-01-29 01:00:00')]
2025-01-28 20:17:08,350 - __main__ - INFO - The hourly data has been written to static/data/sector_51_cron_output.csv with Timestamp: 2025-01-29 01:00:00
