2024-12-28 01:12:51,528 - __main__ - INFO - station=> Sector-51, Gurugram, result => ['68', 'Sector-51, Gurugram, India', Timestamp('2024-12-28 06:00:00')]
2024-12-28 01:12:51,528 - __main__ - INFO - The hourly data has been written to data/cron_job_data/sector_51_cron_output.csv with Timestamp: 2024-12-28 06:00:00
2024-12-28 01:12:51,990 - __main__ - INFO - station=> Sector-51, Gurugram, result => ['68', 'Sector-51, Gurugram, India', Timestamp('2024-12-28 06:00:00')]
2024-12-28 01:12:51,990 - __main__ - INFO - The hourly data has been written to static/data/sector_51_cron_output.csv with Timestamp: 2024-12-28 06:00:00
2024-12-28 01:12:52,088 - __main__ - INFO - df_api columns Index(['AQI'], dtype='object')
2024-12-28 01:12:52,089 - __main__ - INFO - today=> 2024-12-28 & yesterday=> 2024-12-27
2024-12-28 01:12:52,091 - __main__ - INFO - temp_daily_aqi columns Index(['Unnamed: 0', 'Date', 'AQI'], dtype='object')
2024-12-28 01:12:52,093 - __main__ - INFO - temp_daily_aqi[2024-12-27]=> Empty DataFrame
Columns: [Unnamed: 0, AQI]
Index: []
2024-12-28 01:12:52,094 - __main__ - INFO - Index => 1758, yesterday => 2024-12-27 & AQI => 136.0
2024-12-28 01:12:52,094 - __main__ - INFO - Daily AQI data has been written to data/cleaned_data/Forecasting_time_series/sector_51_daily_aqi.csv
2024-12-28 01:12:52,094 - __main__ - INFO - Index => 1758, yesterday => 2024-12-27 & AQI => 136.0
2024-12-28 01:12:52,095 - __main__ - INFO - Daily AQI data has been written to static/data/sector_51_daily_aqi.csv
2024-12-28 01:12:52,100 - __main__ - INFO - Re-training the model & train_end is 2024-12-22 00:00:00
2024-12-28 01:12:53,349 - __main__ - INFO - Retrained the model & MAPE is 70.56%
2024-12-28 01:12:53,349 - __main__ - INFO - Retrained the model & MAE is 132.5773362156736
2024-12-28 01:12:54,686 - __main__ - INFO - Forecast=> 2024-12-28    203.479871
2024-12-29    193.214891
2024-12-30    206.847548
2024-12-31    197.940488
2025-01-01    199.168434
Freq: D, Name: predicted_mean, dtype: float64
2024-12-28 01:12:54,687 - __main__ - INFO - The forecast data has been written to data/cleaned_data/Forecasting_time_series/forecast_sector_51_daily_aqi.csv
2024-12-28 01:12:54,687 - __main__ - INFO - The forecast data has been written to static/data/forecast_sector_51_daily_aqi.csv
2024-12-28 04:19:11,314 - __main__ - INFO - station=> Sector-51, Gurugram, result => ['125', 'Sector-51, Gurugram, India', Timestamp('2024-12-28 09:00:00')]
2024-12-28 04:19:11,315 - __main__ - INFO - The hourly data has been written to data/cron_job_data/sector_51_cron_output.csv with Timestamp: 2024-12-28 09:00:00
2024-12-28 04:19:11,930 - __main__ - INFO - station=> Sector-51, Gurugram, result => ['125', 'Sector-51, Gurugram, India', Timestamp('2024-12-28 09:00:00')]
2024-12-28 04:19:11,930 - __main__ - INFO - The hourly data has been written to static/data/sector_51_cron_output.csv with Timestamp: 2024-12-28 09:00:00
2024-12-28 08:19:09,515 - __main__ - INFO - station=> Sector-51, Gurugram, result => ['154', 'Sector-51, Gurugram, India', Timestamp('2024-12-28 12:00:00')]
2024-12-28 08:19:09,515 - __main__ - INFO - The hourly data has been written to data/cron_job_data/sector_51_cron_output.csv with Timestamp: 2024-12-28 12:00:00
2024-12-28 08:19:10,196 - __main__ - INFO - station=> Sector-51, Gurugram, result => ['154', 'Sector-51, Gurugram, India', Timestamp('2024-12-28 12:00:00')]
2024-12-28 08:19:10,196 - __main__ - INFO - The hourly data has been written to static/data/sector_51_cron_output.csv with Timestamp: 2024-12-28 12:00:00
