2024-11-28 01:19:24,237 - __main__ - INFO - station=> Sector-51, Gurugram, result => ['999', 'Sector-51, Gurugram, India', Timestamp('2024-11-28 06:00:00')]
2024-11-28 01:19:24,238 - __main__ - INFO - The hourly data has been written to data/cron_job_data/sector_51_cron_output.csv with Timestamp: 2024-11-28 06:00:00
2024-11-28 01:19:24,973 - __main__ - INFO - station=> Sector-51, Gurugram, result => ['999', 'Sector-51, Gurugram, India', Timestamp('2024-11-28 06:00:00')]
2024-11-28 01:19:24,973 - __main__ - INFO - The hourly data has been written to static/data/sector_51_cron_output.csv with Timestamp: 2024-11-28 06:00:00
2024-11-28 01:19:25,008 - __main__ - INFO - df_api columns Index(['AQI'], dtype='object')
2024-11-28 01:19:25,009 - __main__ - INFO - today=> 2024-11-28 & yesterday=> 2024-11-27
2024-11-28 01:19:25,011 - __main__ - INFO - temp_daily_aqi columns Index(['Unnamed: 0', 'Date', 'AQI'], dtype='object')
2024-11-28 01:19:25,013 - __main__ - INFO - temp_daily_aqi[2024-11-27]=> Empty DataFrame
Columns: [Unnamed: 0, AQI]
Index: []
2024-11-28 01:19:25,014 - __main__ - INFO - Index => 1728, yesterday => 2024-11-27 & AQI => 217.0
2024-11-28 01:19:25,014 - __main__ - INFO - Daily AQI data has been written to data/cleaned_data/Forecasting_time_series/sector_51_daily_aqi.csv
2024-11-28 01:19:25,014 - __main__ - INFO - Index => 1728, yesterday => 2024-11-27 & AQI => 217.0
2024-11-28 01:19:25,015 - __main__ - INFO - Daily AQI data has been written to static/data/sector_51_daily_aqi.csv
2024-11-28 01:19:25,021 - __main__ - INFO - Re-training the model & train_end is 2024-11-22 00:00:00
2024-11-28 01:19:26,257 - __main__ - INFO - Retrained the model & MAPE is 59.82%
2024-11-28 01:19:26,258 - __main__ - INFO - Retrained the model & MAE is 95.78081076135331
2024-11-28 01:19:27,723 - __main__ - INFO - Forecast=> 2024-11-28    204.731149
2024-11-29    200.982760
2024-11-30    207.274680
2024-12-01    195.607222
2024-12-02    214.503535
Freq: D, Name: predicted_mean, dtype: float64
2024-11-28 01:19:27,724 - __main__ - INFO - The forecast data has been written to data/cleaned_data/Forecasting_time_series/forecast_sector_51_daily_aqi.csv
2024-11-28 01:19:27,724 - __main__ - INFO - The forecast data has been written to static/data/forecast_sector_51_daily_aqi.csv
2024-11-28 04:20:48,602 - __main__ - INFO - station=> Sector-51, Gurugram, result => ['78', 'Sector-51, Gurugram, India', Timestamp('2024-11-28 09:00:00')]
2024-11-28 04:20:48,602 - __main__ - INFO - The hourly data has been written to data/cron_job_data/sector_51_cron_output.csv with Timestamp: 2024-11-28 09:00:00
2024-11-28 04:20:49,349 - __main__ - INFO - station=> Sector-51, Gurugram, result => ['78', 'Sector-51, Gurugram, India', Timestamp('2024-11-28 09:00:00')]
2024-11-28 04:20:49,350 - __main__ - INFO - The hourly data has been written to static/data/sector_51_cron_output.csv with Timestamp: 2024-11-28 09:00:00
