2025-01-29 01:12:29,042 - __main__ - INFO - station=> Sector-51, Gurugram, result => ['184', 'Sector-51, Gurugram, India', Timestamp('2025-01-29 06:00:00')]
2025-01-29 01:12:29,043 - __main__ - INFO - The hourly data has been written to data/cron_job_data/sector_51_cron_output.csv with Timestamp: 2025-01-29 06:00:00
2025-01-29 01:12:29,748 - __main__ - INFO - station=> Sector-51, Gurugram, result => ['184', 'Sector-51, Gurugram, India', Timestamp('2025-01-29 06:00:00')]
2025-01-29 01:12:29,749 - __main__ - INFO - The hourly data has been written to static/data/sector_51_cron_output.csv with Timestamp: 2025-01-29 06:00:00
2025-01-29 01:12:29,793 - __main__ - INFO - df_api columns Index(['AQI'], dtype='object')
2025-01-29 01:12:29,793 - __main__ - INFO - today=> 2025-01-29 & yesterday=> 2025-01-28
2025-01-29 01:12:29,795 - __main__ - INFO - temp_daily_aqi columns Index(['Unnamed: 0', 'Date', 'AQI'], dtype='object')
2025-01-29 01:12:29,798 - __main__ - INFO - temp_daily_aqi[2025-01-28]=> Empty DataFrame
Columns: [Unnamed: 0, AQI]
Index: []
2025-01-29 01:12:29,799 - __main__ - INFO - Index => 1790, yesterday => 2025-01-28 & AQI => 287.0
2025-01-29 01:12:29,799 - __main__ - INFO - Daily AQI data has been written to data/cleaned_data/Forecasting_time_series/sector_51_daily_aqi.csv
2025-01-29 01:12:29,799 - __main__ - INFO - Index => 1790, yesterday => 2025-01-28 & AQI => 287.0
2025-01-29 01:12:29,800 - __main__ - INFO - Daily AQI data has been written to static/data/sector_51_daily_aqi.csv
2025-01-29 01:12:29,805 - __main__ - INFO - Re-training the model & train_end is 2025-01-23 00:00:00
2025-01-29 01:12:31,275 - __main__ - INFO - Retrained the model & MAPE is 16.21%
2025-01-29 01:12:31,276 - __main__ - INFO - Retrained the model & MAE is 37.72199743712742
2025-01-29 01:12:32,971 - __main__ - INFO - Forecast=> 2025-01-29    246.976967
2025-01-30    243.448275
2025-01-31    233.597646
2025-02-01    233.673716
2025-02-02    220.839000
Freq: D, Name: predicted_mean, dtype: float64
2025-01-29 01:12:32,971 - __main__ - INFO - The forecast data has been written to data/cleaned_data/Forecasting_time_series/forecast_sector_51_daily_aqi.csv
2025-01-29 01:12:32,972 - __main__ - INFO - The forecast data has been written to static/data/forecast_sector_51_daily_aqi.csv
2025-01-29 04:18:58,638 - __main__ - INFO - station=> Sector-51, Gurugram, result => ['304', 'Sector-51, Gurugram, India', Timestamp('2025-01-29 09:00:00')]
2025-01-29 04:18:58,638 - __main__ - INFO - The hourly data has been written to data/cron_job_data/sector_51_cron_output.csv with Timestamp: 2025-01-29 09:00:00
2025-01-29 04:18:59,340 - __main__ - INFO - station=> Sector-51, Gurugram, result => ['304', 'Sector-51, Gurugram, India', Timestamp('2025-01-29 09:00:00')]
2025-01-29 04:18:59,341 - __main__ - INFO - The hourly data has been written to static/data/sector_51_cron_output.csv with Timestamp: 2025-01-29 09:00:00
