2024-11-29 01:19:28,066 - __main__ - INFO - station=> Sector-51, Gurugram, result => ['104', 'Sector-51, Gurugram, India', Timestamp('2024-11-29 06:00:00')]
2024-11-29 01:19:28,066 - __main__ - INFO - The hourly data has been written to data/cron_job_data/sector_51_cron_output.csv with Timestamp: 2024-11-29 06:00:00
2024-11-29 01:19:28,781 - __main__ - INFO - station=> Sector-51, Gurugram, result => ['104', 'Sector-51, Gurugram, India', Timestamp('2024-11-29 06:00:00')]
2024-11-29 01:19:28,782 - __main__ - INFO - The hourly data has been written to static/data/sector_51_cron_output.csv with Timestamp: 2024-11-29 06:00:00
2024-11-29 01:19:28,848 - __main__ - INFO - df_api columns Index(['AQI'], dtype='object')
2024-11-29 01:19:28,848 - __main__ - INFO - today=> 2024-11-29 & yesterday=> 2024-11-28
2024-11-29 01:19:28,850 - __main__ - INFO - temp_daily_aqi columns Index(['Unnamed: 0', 'Date', 'AQI'], dtype='object')
2024-11-29 01:19:28,853 - __main__ - INFO - temp_daily_aqi[2024-11-28]=> Empty DataFrame
Columns: [Unnamed: 0, AQI]
Index: []
2024-11-29 01:19:28,853 - __main__ - INFO - Index => 1729, yesterday => 2024-11-28 & AQI => 497.0
2024-11-29 01:19:28,853 - __main__ - INFO - Daily AQI data has been written to data/cleaned_data/Forecasting_time_series/sector_51_daily_aqi.csv
2024-11-29 01:19:28,854 - __main__ - INFO - Index => 1729, yesterday => 2024-11-28 & AQI => 497.0
2024-11-29 01:19:28,854 - __main__ - INFO - Daily AQI data has been written to static/data/sector_51_daily_aqi.csv
2024-11-29 01:19:28,859 - __main__ - INFO - Re-training the model & train_end is 2024-11-23 00:00:00
2024-11-29 01:19:30,216 - __main__ - INFO - Retrained the model & MAPE is 25.4%
2024-11-29 01:19:30,216 - __main__ - INFO - Retrained the model & MAE is 81.53241245106373
2024-11-29 01:19:31,546 - __main__ - INFO - Forecast=> 2024-11-29    385.549551
2024-11-30    372.519272
2024-12-01    343.269390
2024-12-02    346.006084
2024-12-03    314.901018
Freq: D, Name: predicted_mean, dtype: float64
2024-11-29 01:19:31,547 - __main__ - INFO - The forecast data has been written to data/cleaned_data/Forecasting_time_series/forecast_sector_51_daily_aqi.csv
2024-11-29 01:19:31,547 - __main__ - INFO - The forecast data has been written to static/data/forecast_sector_51_daily_aqi.csv
2024-11-29 04:21:00,059 - __main__ - INFO - station=> Sector-51, Gurugram, result => ['73', 'Sector-51, Gurugram, India', Timestamp('2024-11-29 08:00:00')]
2024-11-29 04:21:00,060 - __main__ - INFO - The hourly data has been written to data/cron_job_data/sector_51_cron_output.csv with Timestamp: 2024-11-29 08:00:00
2024-11-29 04:21:00,797 - __main__ - INFO - station=> Sector-51, Gurugram, result => ['73', 'Sector-51, Gurugram, India', Timestamp('2024-11-29 08:00:00')]
2024-11-29 04:21:00,797 - __main__ - INFO - The hourly data has been written to static/data/sector_51_cron_output.csv with Timestamp: 2024-11-29 08:00:00
2024-11-29 08:22:37,857 - __main__ - INFO - station=> Sector-51, Gurugram, result => ['213', 'Sector-51, Gurugram, India', Timestamp('2024-11-29 13:00:00')]
2024-11-29 08:22:37,857 - __main__ - INFO - The hourly data has been written to data/cron_job_data/sector_51_cron_output.csv with Timestamp: 2024-11-29 13:00:00
2024-11-29 08:22:38,331 - __main__ - INFO - station=> Sector-51, Gurugram, result => ['213', 'Sector-51, Gurugram, India', Timestamp('2024-11-29 13:00:00')]
2024-11-29 08:22:38,331 - __main__ - INFO - The hourly data has been written to static/data/sector_51_cron_output.csv with Timestamp: 2024-11-29 13:00:00
2024-11-29 12:34:01,010 - __main__ - INFO - station=> Sector-51, Gurugram, result => ['229', 'Sector-51, Gurugram, India', Timestamp('2024-11-29 14:00:00')]
2024-11-29 12:34:01,010 - __main__ - INFO - The hourly data has been written to data/cron_job_data/sector_51_cron_output.csv with Timestamp: 2024-11-29 14:00:00
2024-11-29 12:34:01,710 - __main__ - INFO - station=> Sector-51, Gurugram, result => ['229', 'Sector-51, Gurugram, India', Timestamp('2024-11-29 14:00:00')]
2024-11-29 12:34:01,710 - __main__ - INFO - The hourly data has been written to static/data/sector_51_cron_output.csv with Timestamp: 2024-11-29 14:00:00
2024-11-29 16:21:22,501 - __main__ - INFO - station=> Sector-51, Gurugram, result => ['527', 'Sector-51, Gurugram, India', Timestamp('2024-11-29 20:00:00')]
2024-11-29 16:21:22,501 - __main__ - INFO - The hourly data has been written to data/cron_job_data/sector_51_cron_output.csv with Timestamp: 2024-11-29 20:00:00
2024-11-29 16:21:23,234 - __main__ - INFO - station=> Sector-51, Gurugram, result => ['527', 'Sector-51, Gurugram, India', Timestamp('2024-11-29 20:00:00')]
2024-11-29 16:21:23,234 - __main__ - INFO - The hourly data has been written to static/data/sector_51_cron_output.csv with Timestamp: 2024-11-29 20:00:00
