2024-12-29 01:20:52,256 - __main__ - INFO - station=> Sector-51, Gurugram, result => ['93', 'Sector-51, Gurugram, India', Timestamp('2024-12-29 06:00:00')]
2024-12-29 01:20:52,256 - __main__ - INFO - The hourly data has been written to data/cron_job_data/sector_51_cron_output.csv with Timestamp: 2024-12-29 06:00:00
2024-12-29 01:20:52,721 - __main__ - INFO - station=> Sector-51, Gurugram, result => ['93', 'Sector-51, Gurugram, India', Timestamp('2024-12-29 06:00:00')]
2024-12-29 01:20:52,722 - __main__ - INFO - The hourly data has been written to static/data/sector_51_cron_output.csv with Timestamp: 2024-12-29 06:00:00
2024-12-29 01:20:52,805 - __main__ - INFO - df_api columns Index(['AQI'], dtype='object')
2024-12-29 01:20:52,805 - __main__ - INFO - today=> 2024-12-29 & yesterday=> 2024-12-28
2024-12-29 01:20:52,807 - __main__ - INFO - temp_daily_aqi columns Index(['Unnamed: 0', 'Date', 'AQI'], dtype='object')
2024-12-29 01:20:52,809 - __main__ - INFO - temp_daily_aqi[2024-12-28]=> Empty DataFrame
Columns: [Unnamed: 0, AQI]
Index: []
2024-12-29 01:20:52,810 - __main__ - INFO - Index => 1759, yesterday => 2024-12-28 & AQI => 107.0
2024-12-29 01:20:52,810 - __main__ - INFO - Daily AQI data has been written to data/cleaned_data/Forecasting_time_series/sector_51_daily_aqi.csv
2024-12-29 01:20:52,811 - __main__ - INFO - Index => 1759, yesterday => 2024-12-28 & AQI => 107.0
2024-12-29 01:20:52,811 - __main__ - INFO - Daily AQI data has been written to static/data/sector_51_daily_aqi.csv
2024-12-29 01:20:52,816 - __main__ - INFO - Re-training the model & train_end is 2024-12-23 00:00:00
2024-12-29 01:20:54,137 - __main__ - INFO - Retrained the model & MAPE is 50.44%
2024-12-29 01:20:54,138 - __main__ - INFO - Retrained the model & MAE is 85.56090579587246
2024-12-29 01:20:55,514 - __main__ - INFO - Forecast=> 2024-12-29    135.035850
2024-12-30    154.591386
2024-12-31    150.852622
2025-01-01    156.830464
2025-01-02    165.537534
Freq: D, Name: predicted_mean, dtype: float64
2024-12-29 01:20:55,514 - __main__ - INFO - The forecast data has been written to data/cleaned_data/Forecasting_time_series/forecast_sector_51_daily_aqi.csv
2024-12-29 01:20:55,522 - __main__ - INFO - The forecast data has been written to static/data/forecast_sector_51_daily_aqi.csv
2024-12-29 04:19:11,818 - __main__ - INFO - station=> Sector-51, Gurugram, result => ['116', 'Sector-51, Gurugram, India', Timestamp('2024-12-29 09:00:00')]
2024-12-29 04:19:11,818 - __main__ - INFO - The hourly data has been written to data/cron_job_data/sector_51_cron_output.csv with Timestamp: 2024-12-29 09:00:00
2024-12-29 04:19:12,278 - __main__ - INFO - station=> Sector-51, Gurugram, result => ['116', 'Sector-51, Gurugram, India', Timestamp('2024-12-29 09:00:00')]
2024-12-29 04:19:12,278 - __main__ - INFO - The hourly data has been written to static/data/sector_51_cron_output.csv with Timestamp: 2024-12-29 09:00:00
