2025-01-30 01:11:49,134 - __main__ - INFO - station=> Sector-51, Gurugram, result => ['176', 'Sector-51, Gurugram, India', Timestamp('2025-01-30 06:00:00')]
2025-01-30 01:11:49,134 - __main__ - INFO - The hourly data has been written to data/cron_job_data/sector_51_cron_output.csv with Timestamp: 2025-01-30 06:00:00
2025-01-30 01:11:49,599 - __main__ - INFO - station=> Sector-51, Gurugram, result => ['176', 'Sector-51, Gurugram, India', Timestamp('2025-01-30 06:00:00')]
2025-01-30 01:11:49,599 - __main__ - INFO - The hourly data has been written to static/data/sector_51_cron_output.csv with Timestamp: 2025-01-30 06:00:00
2025-01-30 01:11:49,678 - __main__ - INFO - df_api columns Index(['AQI'], dtype='object')
2025-01-30 01:11:49,679 - __main__ - INFO - today=> 2025-01-30 & yesterday=> 2025-01-29
2025-01-30 01:11:49,680 - __main__ - INFO - temp_daily_aqi columns Index(['Unnamed: 0', 'Date', 'AQI'], dtype='object')
2025-01-30 01:11:49,683 - __main__ - INFO - temp_daily_aqi[2025-01-29]=> Empty DataFrame
Columns: [Unnamed: 0, AQI]
Index: []
2025-01-30 01:11:49,683 - __main__ - INFO - Index => 1791, yesterday => 2025-01-29 & AQI => 238.0
2025-01-30 01:11:49,684 - __main__ - INFO - Daily AQI data has been written to data/cleaned_data/Forecasting_time_series/sector_51_daily_aqi.csv
2025-01-30 01:11:49,684 - __main__ - INFO - Index => 1791, yesterday => 2025-01-29 & AQI => 238.0
2025-01-30 01:11:49,684 - __main__ - INFO - Daily AQI data has been written to static/data/sector_51_daily_aqi.csv
2025-01-30 01:11:49,689 - __main__ - INFO - Re-training the model & train_end is 2025-01-24 00:00:00
2025-01-30 01:11:51,146 - __main__ - INFO - Retrained the model & MAPE is 17.19%
2025-01-30 01:11:51,146 - __main__ - INFO - Retrained the model & MAE is 42.28237234546045
2025-01-30 01:11:52,822 - __main__ - INFO - Forecast=> 2025-01-30    238.051767
2025-01-31    228.773620
2025-02-01    229.347713
2025-02-02    216.960127
2025-02-03    227.586367
Freq: D, Name: predicted_mean, dtype: float64
2025-01-30 01:11:52,822 - __main__ - INFO - The forecast data has been written to data/cleaned_data/Forecasting_time_series/forecast_sector_51_daily_aqi.csv
2025-01-30 01:11:52,865 - __main__ - INFO - The forecast data has been written to static/data/forecast_sector_51_daily_aqi.csv
