2024-11-30 01:17:23,824 - __main__ - INFO - station=> Sector-51, Gurugram, result => ['154', 'Sector-51, Gurugram, India', Timestamp('2024-11-30 06:00:00')]
2024-11-30 01:17:23,825 - __main__ - INFO - The hourly data has been written to data/cron_job_data/sector_51_cron_output.csv with Timestamp: 2024-11-30 06:00:00
2024-11-30 01:17:24,559 - __main__ - INFO - station=> Sector-51, Gurugram, result => ['154', 'Sector-51, Gurugram, India', Timestamp('2024-11-30 06:00:00')]
2024-11-30 01:17:24,560 - __main__ - INFO - The hourly data has been written to static/data/sector_51_cron_output.csv with Timestamp: 2024-11-30 06:00:00
2024-11-30 01:17:24,587 - __main__ - INFO - df_api columns Index(['AQI'], dtype='object')
2024-11-30 01:17:24,587 - __main__ - INFO - today=> 2024-11-30 & yesterday=> 2024-11-29
2024-11-30 01:17:24,589 - __main__ - INFO - temp_daily_aqi columns Index(['Unnamed: 0', 'Date', 'AQI'], dtype='object')
2024-11-30 01:17:24,592 - __main__ - INFO - temp_daily_aqi[2024-11-29]=> Empty DataFrame
Columns: [Unnamed: 0, AQI]
Index: []
2024-11-30 01:17:24,592 - __main__ - INFO - Index => 1730, yesterday => 2024-11-29 & AQI => 218.0
2024-11-30 01:17:24,592 - __main__ - INFO - Daily AQI data has been written to data/cleaned_data/Forecasting_time_series/sector_51_daily_aqi.csv
2024-11-30 01:17:24,593 - __main__ - INFO - Index => 1730, yesterday => 2024-11-29 & AQI => 218.0
2024-11-30 01:17:24,593 - __main__ - INFO - Daily AQI data has been written to static/data/sector_51_daily_aqi.csv
2024-11-30 01:17:24,598 - __main__ - INFO - Re-training the model & train_end is 2024-11-24 00:00:00
2024-11-30 01:17:26,023 - __main__ - INFO - Retrained the model & MAPE is 27.61%
2024-11-30 01:17:26,023 - __main__ - INFO - Retrained the model & MAE is 95.86261680942765
2024-11-30 01:17:27,309 - __main__ - INFO - Forecast=> 2024-11-30    267.825909
2024-12-01    249.931695
2024-12-02    263.388497
2024-12-03    239.863408
2024-12-04    237.225267
Freq: D, Name: predicted_mean, dtype: float64
2024-11-30 01:17:27,309 - __main__ - INFO - The forecast data has been written to data/cleaned_data/Forecasting_time_series/forecast_sector_51_daily_aqi.csv
2024-11-30 01:17:27,310 - __main__ - INFO - The forecast data has been written to static/data/forecast_sector_51_daily_aqi.csv
2024-11-30 04:20:10,063 - __main__ - INFO - station=> Sector-51, Gurugram, result => ['126', 'Sector-51, Gurugram, India', Timestamp('2024-11-30 09:00:00')]
2024-11-30 04:20:10,063 - __main__ - INFO - The hourly data has been written to data/cron_job_data/sector_51_cron_output.csv with Timestamp: 2024-11-30 09:00:00
2024-11-30 04:20:10,797 - __main__ - INFO - station=> Sector-51, Gurugram, result => ['126', 'Sector-51, Gurugram, India', Timestamp('2024-11-30 09:00:00')]
2024-11-30 04:20:10,797 - __main__ - INFO - The hourly data has been written to static/data/sector_51_cron_output.csv with Timestamp: 2024-11-30 09:00:00
2024-11-30 08:20:21,095 - __main__ - INFO - station=> Sector-51, Gurugram, result => ['165', 'Sector-51, Gurugram, India', Timestamp('2024-11-30 13:00:00')]
2024-11-30 08:20:21,095 - __main__ - INFO - The hourly data has been written to data/cron_job_data/sector_51_cron_output.csv with Timestamp: 2024-11-30 13:00:00
2024-11-30 08:20:21,830 - __main__ - INFO - station=> Sector-51, Gurugram, result => ['165', 'Sector-51, Gurugram, India', Timestamp('2024-11-30 13:00:00')]
2024-11-30 08:20:21,830 - __main__ - INFO - The hourly data has been written to static/data/sector_51_cron_output.csv with Timestamp: 2024-11-30 13:00:00
