2024-10-30 01:14:55,510 - __main__ - INFO - station=> Sector-51, Gurugram, result => ['95', 'Sector-51, Gurugram, India', Timestamp('2024-10-30 04:00:00')]
2024-10-30 01:14:55,510 - __main__ - INFO - The hourly data has been written to data/cron_job_data/sector_51_cron_output.csv with Timestamp: 2024-10-30 04:00:00
2024-10-30 01:14:56,234 - __main__ - INFO - station=> Sector-51, Gurugram, result => ['95', 'Sector-51, Gurugram, India', Timestamp('2024-10-30 04:00:00')]
2024-10-30 01:14:56,234 - __main__ - INFO - The hourly data has been written to static/data/sector_51_cron_output.csv with Timestamp: 2024-10-30 04:00:00
2024-10-30 01:14:56,334 - __main__ - INFO - df_api columns Index(['AQI'], dtype='object')
2024-10-30 01:14:56,335 - __main__ - INFO - today=> 2024-10-30 & yesterday=> 2024-10-29
2024-10-30 01:14:56,336 - __main__ - INFO - temp_daily_aqi columns Index(['Unnamed: 0', 'Date', 'AQI'], dtype='object')
2024-10-30 01:14:56,339 - __main__ - INFO - temp_daily_aqi[2024-10-29]=> Empty DataFrame
Columns: [Unnamed: 0, AQI]
Index: []
2024-10-30 01:14:56,339 - __main__ - INFO - Index => 1699, yesterday => 2024-10-29 & AQI => 158.0
2024-10-30 01:14:56,340 - __main__ - INFO - Daily AQI data has been written to data/cleaned_data/Forecasting_time_series/sector_51_daily_aqi.csv
2024-10-30 01:14:56,340 - __main__ - INFO - Index => 1699, yesterday => 2024-10-29 & AQI => 158.0
2024-10-30 01:14:56,340 - __main__ - INFO - Daily AQI data has been written to static/data/sector_51_daily_aqi.csv
2024-10-30 01:14:56,346 - __main__ - INFO - Re-training the model & train_end is 2024-10-24 00:00:00
2024-10-30 01:14:57,547 - __main__ - INFO - Retrained the model & MAPE is 23.01%
2024-10-30 01:14:57,548 - __main__ - INFO - Retrained the model & MAE is 32.62264027248561
2024-10-30 01:14:58,882 - __main__ - INFO - Forecast=> 2024-10-30    154.524477
2024-10-31    160.065100
2024-11-01    161.468589
2024-11-02    177.604168
2024-11-03    165.384887
Freq: D, Name: predicted_mean, dtype: float64
2024-10-30 01:14:58,883 - __main__ - INFO - The forecast data has been written to data/cleaned_data/Forecasting_time_series/forecast_sector_51_daily_aqi.csv
2024-10-30 01:14:58,883 - __main__ - INFO - The forecast data has been written to static/data/forecast_sector_51_daily_aqi.csv
2024-10-30 04:20:07,135 - __main__ - INFO - station=> Sector-51, Gurugram, result => ['193', 'Sector-51, Gurugram, India', Timestamp('2024-10-30 09:00:00')]
2024-10-30 04:20:07,135 - __main__ - INFO - The hourly data has been written to data/cron_job_data/sector_51_cron_output.csv with Timestamp: 2024-10-30 09:00:00
2024-10-30 04:20:07,756 - __main__ - INFO - station=> Sector-51, Gurugram, result => ['193', 'Sector-51, Gurugram, India', Timestamp('2024-10-30 09:00:00')]
2024-10-30 04:20:07,756 - __main__ - INFO - The hourly data has been written to static/data/sector_51_cron_output.csv with Timestamp: 2024-10-30 09:00:00
2024-10-30 08:23:16,891 - __main__ - INFO - station=> Sector-51, Gurugram, result => ['163', 'Sector-51, Gurugram, India', Timestamp('2024-10-30 13:00:00')]
2024-10-30 08:23:16,892 - __main__ - INFO - The hourly data has been written to data/cron_job_data/sector_51_cron_output.csv with Timestamp: 2024-10-30 13:00:00
2024-10-30 08:23:17,597 - __main__ - INFO - station=> Sector-51, Gurugram, result => ['163', 'Sector-51, Gurugram, India', Timestamp('2024-10-30 13:00:00')]
2024-10-30 08:23:17,597 - __main__ - INFO - The hourly data has been written to static/data/sector_51_cron_output.csv with Timestamp: 2024-10-30 13:00:00
2024-10-30 12:32:46,695 - __main__ - INFO - station=> Sector-51, Gurugram, result => ['159', 'Sector-51, Gurugram, India', Timestamp('2024-10-30 16:00:00')]
2024-10-30 12:32:46,695 - __main__ - INFO - The hourly data has been written to data/cron_job_data/sector_51_cron_output.csv with Timestamp: 2024-10-30 16:00:00
2024-10-30 12:32:47,325 - __main__ - INFO - station=> Sector-51, Gurugram, result => ['159', 'Sector-51, Gurugram, India', Timestamp('2024-10-30 16:00:00')]
2024-10-30 12:32:47,325 - __main__ - INFO - The hourly data has been written to static/data/sector_51_cron_output.csv with Timestamp: 2024-10-30 16:00:00
