2024-12-30 01:16:27,625 - __main__ - INFO - station=> Sector-51, Gurugram, result => ['152', 'Sector-51, Gurugram, India', Timestamp('2024-12-30 06:00:00')]
2024-12-30 01:16:27,625 - __main__ - INFO - The hourly data has been written to data/cron_job_data/sector_51_cron_output.csv with Timestamp: 2024-12-30 06:00:00
2024-12-30 01:16:28,305 - __main__ - INFO - station=> Sector-51, Gurugram, result => ['152', 'Sector-51, Gurugram, India', Timestamp('2024-12-30 06:00:00')]
2024-12-30 01:16:28,305 - __main__ - INFO - The hourly data has been written to static/data/sector_51_cron_output.csv with Timestamp: 2024-12-30 06:00:00
2024-12-30 01:16:28,384 - __main__ - INFO - df_api columns Index(['AQI'], dtype='object')
2024-12-30 01:16:28,385 - __main__ - INFO - today=> 2024-12-30 & yesterday=> 2024-12-29
2024-12-30 01:16:28,387 - __main__ - INFO - temp_daily_aqi columns Index(['Unnamed: 0', 'Date', 'AQI'], dtype='object')
2024-12-30 01:16:28,389 - __main__ - INFO - temp_daily_aqi[2024-12-29]=> Empty DataFrame
Columns: [Unnamed: 0, AQI]
Index: []
2024-12-30 01:16:28,390 - __main__ - INFO - Index => 1760, yesterday => 2024-12-29 & AQI => 114.0
2024-12-30 01:16:28,390 - __main__ - INFO - Daily AQI data has been written to data/cleaned_data/Forecasting_time_series/sector_51_daily_aqi.csv
2024-12-30 01:16:28,390 - __main__ - INFO - Index => 1760, yesterday => 2024-12-29 & AQI => 114.0
2024-12-30 01:16:28,391 - __main__ - INFO - Daily AQI data has been written to static/data/sector_51_daily_aqi.csv
2024-12-30 01:16:28,396 - __main__ - INFO - Re-training the model & train_end is 2024-12-24 00:00:00
2024-12-30 01:16:29,694 - __main__ - INFO - Retrained the model & MAPE is 76.94%
2024-12-30 01:16:29,694 - __main__ - INFO - Retrained the model & MAE is 110.53630339808664
2024-12-30 01:16:31,138 - __main__ - INFO - Forecast=> 2024-12-30    141.916480
2024-12-31    139.483264
2025-01-01    146.621181
2025-01-02    156.371332
2025-01-03    152.259543
Freq: D, Name: predicted_mean, dtype: float64
2024-12-30 01:16:31,139 - __main__ - INFO - The forecast data has been written to data/cleaned_data/Forecasting_time_series/forecast_sector_51_daily_aqi.csv
2024-12-30 01:16:31,139 - __main__ - INFO - The forecast data has been written to static/data/forecast_sector_51_daily_aqi.csv
2024-12-30 04:19:36,905 - __main__ - INFO - station=> Sector-51, Gurugram, result => ['155', 'Sector-51, Gurugram, India', Timestamp('2024-12-30 09:00:00')]
2024-12-30 04:19:36,906 - __main__ - INFO - The hourly data has been written to data/cron_job_data/sector_51_cron_output.csv with Timestamp: 2024-12-30 09:00:00
2024-12-30 04:19:37,367 - __main__ - INFO - station=> Sector-51, Gurugram, result => ['155', 'Sector-51, Gurugram, India', Timestamp('2024-12-30 09:00:00')]
2024-12-30 04:19:37,367 - __main__ - INFO - The hourly data has been written to static/data/sector_51_cron_output.csv with Timestamp: 2024-12-30 09:00:00
