2025-03-31 01:23:32,118 - __main__ - INFO - station=> Sector-51, Gurugram, result => ['159', 'Sector-51, Gurugram, India', Timestamp('2025-03-31 06:00:00')]
2025-03-31 01:23:32,119 - __main__ - INFO - The hourly data has been written to data/cron_job_data/sector_51_cron_output.csv with Timestamp: 2025-03-31 06:00:00
2025-03-31 01:23:32,819 - __main__ - INFO - station=> Sector-51, Gurugram, result => ['159', 'Sector-51, Gurugram, India', Timestamp('2025-03-31 06:00:00')]
2025-03-31 01:23:32,820 - __main__ - INFO - The hourly data has been written to static/data/sector_51_cron_output.csv with Timestamp: 2025-03-31 06:00:00
2025-03-31 01:23:32,824 - __main__ - INFO - Calling writeData & retrain_model functions.
2025-03-31 01:23:32,834 - __main__ - INFO - df_api columns Index(['AQI'], dtype='object')
2025-03-31 01:23:32,834 - __main__ - INFO - today=> 2025-03-31 & yesterday=> 2025-03-30
2025-03-31 01:23:32,836 - __main__ - INFO - temp_daily_aqi columns Index(['Unnamed: 0', 'Date', 'AQI'], dtype='object')
2025-03-31 01:23:32,839 - __main__ - INFO - temp_daily_aqi[2025-03-30]=> Empty DataFrame
Columns: [Unnamed: 0, AQI]
Index: []
2025-03-31 01:23:32,839 - __main__ - INFO - Index => 1851, yesterday => 2025-03-30 & AQI => 196.0
2025-03-31 01:23:32,839 - __main__ - INFO - Daily AQI data has been written to data/cleaned_data/Forecasting_time_series/sector_51_daily_aqi.csv
2025-03-31 01:23:32,840 - __main__ - INFO - Index => 1851, yesterday => 2025-03-30 & AQI => 196.0
2025-03-31 01:23:32,840 - __main__ - INFO - Daily AQI data has been written to static/data/sector_51_daily_aqi.csv
2025-03-31 01:23:32,845 - __main__ - INFO - Re-training the model & train_end is 2025-03-25 00:00:00
2025-03-31 01:23:34,508 - __main__ - INFO - Retrained the model & MAPE is 23.68%
2025-03-31 01:23:34,508 - __main__ - INFO - Retrained the model & MAE is 48.58933460933106
2025-03-31 01:23:36,052 - __main__ - INFO - Forecast=> 2025-03-31    197.920827
2025-04-01    192.950110
2025-04-02    192.694396
2025-04-03    191.862223
2025-04-04    185.598984
Freq: D, Name: predicted_mean, dtype: float64
2025-03-31 01:23:36,052 - __main__ - INFO - The forecast data has been written to data/cleaned_data/Forecasting_time_series/forecast_sector_51_daily_aqi.csv
2025-03-31 01:23:36,053 - __main__ - INFO - The forecast data has been written to static/data/forecast_sector_51_daily_aqi.csv
