2024-12-31 01:13:59,092 - __main__ - INFO - station=> Sector-51, Gurugram, result => ['144', 'Sector-51, Gurugram, India', Timestamp('2024-12-31 06:00:00')]
2024-12-31 01:13:59,092 - __main__ - INFO - The hourly data has been written to data/cron_job_data/sector_51_cron_output.csv with Timestamp: 2024-12-31 06:00:00
2024-12-31 01:13:59,552 - __main__ - INFO - station=> Sector-51, Gurugram, result => ['144', 'Sector-51, Gurugram, India', Timestamp('2024-12-31 06:00:00')]
2024-12-31 01:13:59,552 - __main__ - INFO - The hourly data has been written to static/data/sector_51_cron_output.csv with Timestamp: 2024-12-31 06:00:00
2024-12-31 01:13:59,651 - __main__ - INFO - df_api columns Index(['AQI'], dtype='object')
2024-12-31 01:13:59,652 - __main__ - INFO - today=> 2024-12-31 & yesterday=> 2024-12-30
2024-12-31 01:13:59,654 - __main__ - INFO - temp_daily_aqi columns Index(['Unnamed: 0', 'Date', 'AQI'], dtype='object')
2024-12-31 01:13:59,656 - __main__ - INFO - temp_daily_aqi[2024-12-30]=> Empty DataFrame
Columns: [Unnamed: 0, AQI]
Index: []
2024-12-31 01:13:59,657 - __main__ - INFO - Index => 1761, yesterday => 2024-12-30 & AQI => 163.0
2024-12-31 01:13:59,657 - __main__ - INFO - Daily AQI data has been written to data/cleaned_data/Forecasting_time_series/sector_51_daily_aqi.csv
2024-12-31 01:13:59,657 - __main__ - INFO - Index => 1761, yesterday => 2024-12-30 & AQI => 163.0
2024-12-31 01:13:59,658 - __main__ - INFO - Daily AQI data has been written to static/data/sector_51_daily_aqi.csv
2024-12-31 01:13:59,663 - __main__ - INFO - Re-training the model & train_end is 2024-12-25 00:00:00
2024-12-31 01:14:01,139 - __main__ - INFO - Retrained the model & MAPE is 69.94%
2024-12-31 01:14:01,139 - __main__ - INFO - Retrained the model & MAE is 105.39848817113554
2024-12-31 01:14:03,038 - __main__ - INFO - Forecast=> 2024-12-31    152.093320
2025-01-01    157.968791
2025-01-02    166.582901
2025-01-03    161.304054
2025-01-04    172.432064
Freq: D, Name: predicted_mean, dtype: float64
2024-12-31 01:14:03,038 - __main__ - INFO - The forecast data has been written to data/cleaned_data/Forecasting_time_series/forecast_sector_51_daily_aqi.csv
2024-12-31 01:14:03,039 - __main__ - INFO - The forecast data has been written to static/data/forecast_sector_51_daily_aqi.csv
2024-12-31 04:19:26,245 - __main__ - INFO - station=> Sector-51, Gurugram, result => ['118', 'Sector-51, Gurugram, India', Timestamp('2024-12-31 09:00:00')]
2024-12-31 04:19:26,245 - __main__ - INFO - The hourly data has been written to data/cron_job_data/sector_51_cron_output.csv with Timestamp: 2024-12-31 09:00:00
2024-12-31 04:19:26,926 - __main__ - INFO - station=> Sector-51, Gurugram, result => ['118', 'Sector-51, Gurugram, India', Timestamp('2024-12-31 09:00:00')]
2024-12-31 04:19:26,926 - __main__ - INFO - The hourly data has been written to static/data/sector_51_cron_output.csv with Timestamp: 2024-12-31 09:00:00
2024-12-31 08:20:39,366 - __main__ - INFO - station=> Sector-51, Gurugram, result => ['156', 'Sector-51, Gurugram, India', Timestamp('2024-12-31 13:00:00')]
2024-12-31 08:20:39,366 - __main__ - INFO - The hourly data has been written to data/cron_job_data/sector_51_cron_output.csv with Timestamp: 2024-12-31 13:00:00
2024-12-31 08:20:40,119 - __main__ - INFO - station=> Sector-51, Gurugram, result => ['156', 'Sector-51, Gurugram, India', Timestamp('2024-12-31 13:00:00')]
2024-12-31 08:20:40,119 - __main__ - INFO - The hourly data has been written to static/data/sector_51_cron_output.csv with Timestamp: 2024-12-31 13:00:00
